******************************************************************************
                  TI ARM Linker PC v18.1.3                     
******************************************************************************
>> Linked Sun Nov  4 17:50:08 2018

OUTPUT FILE NAME:   <Final Project.out>
ENTRY POINT SYMBOL: "_c_int00_noargs"  address: 00005365


MEMORY CONFIGURATION

         name            origin    length      used     unused   attr    fill
----------------------  --------  ---------  --------  --------  ----  --------
  MAIN                  00000000   00040000  00006188  00039e78  R  X
  INFO                  00200000   00004000  00000000  00004000  R  X
  SRAM_CODE             01000000   00010000  00000000  00010000  RW X
  SRAM_DATA             20000000   00010000  00000e73  0000f18d  RW  


SEGMENT ALLOCATION MAP

run origin  load origin   length   init length attrs members
----------  ----------- ---------- ----------- ----- -------
00000000    00000000    00006190   00006190    r-x
  00000000    00000000    00000140   00000140    r-- .intvecs
  00000140    00000140    0000566a   0000566a    r-x .text
  000057ac    000057ac    0000090e   0000090e    r-- .const
  000060c0    000060c0    000000d0   000000d0    r-- .cinit
20000000    20000000    00000c75   00000000    rw-
  20000000    20000000    00000800   00000000    rw- .sysmem
  20000800    20000800    0000024e   00000000    rw- .data
  20000a50    20000a50    00000225   00000000    rw- .bss
2000fe00    2000fe00    00000200   00000000    rw-
  2000fe00    2000fe00    00000200   00000000    rw- .stack


SECTION ALLOCATION MAP

 output                                  attributes/
section   page    origin      length       input sections
--------  ----  ----------  ----------   ----------------
.intvecs   0    00000000    00000140     
                  00000000    00000140     startup_msp432p401r_ccs.obj (.intvecs:retain)

.text      0    00000140    0000566a     
                  00000140    000013b0     ST7735.obj (.text)
                  000014f0    00000bc4     RTC.obj (.text)
                  000020b4    00000a5e     rtsv7M4_T_le_v4SPD16_eabi.lib : _printfi.c.obj (.text:__TI_printfi)
                  00002b12    00000002                                   : _lock.c.obj (.text:_nop)
                  00002b14    00000328     system_msp432p401r.obj (.text)
                  00002e3c    00000270     rtsv7M4_T_le_v4SPD16_eabi.lib : _printfi.c.obj (.text:_pconv_a)
                  000030ac    000001fc     Keypad.obj (.text)
                  000032a8    000001d0     rtsv7M4_T_le_v4SPD16_eabi.lib : _printfi.c.obj (.text:_pconv_g)
                  00003478    000001b6                                   : fd_add_t2.asm.obj (.text)
                  0000362e    00000002                                   : div0.asm.obj (.text)
                  00003630    000001a8     Final Project Master main.obj (.text)
                  000037d8    0000014c     BuzzerAndClock.obj (.text)
                  00003924    0000013c     rtsv7M4_T_le_v4SPD16_eabi.lib : _printfi.c.obj (.text:_pconv_e)
                  00003a60    00000136                                   : fd_div_t2.asm.obj (.text)
                  00003b96    00000002     --HOLE-- [fill = 0]
                  00003b98    00000120                                   : _printfi.c.obj (.text:fcvt)
                  00003cb8    00000114                                   : fputs.c.obj (.text:fputs)
                  00003dcc    00000110                                   : s_scalbn.c.obj (.text:scalbn)
                  00003edc    00000104     msp432p4xx_driverlib.lib : cs.o (.text:CS_getDCOFrequency)
                  00003fe0    000000fc     rtsv7M4_T_le_v4SPD16_eabi.lib : fd_mul_t2.asm.obj (.text)
                  000040dc    000000dc                                   : setvbuf.c.obj (.text:setvbuf)
                  000041b8    000000d8                                   : memory.c.obj (.text:free)
                  00004290    000000b1                                   : _printfi.c.obj (.text:_ltostr)
                  00004341    00000003     --HOLE-- [fill = 0]
                  00004344    000000b0     I2C_Master.obj (.text)
                  000043f4    0000009c     msp432p4xx_driverlib.lib : cs.o (.text:CS_startHFXTWithTimeout)
                  00004490    0000009c                              : cs.o (.text:_CSComputeCLKFrequency)
                  0000452c    0000009c     rtsv7M4_T_le_v4SPD16_eabi.lib : memcpy_t2.asm.obj (.text)
                  000045c8    00000096                                   : ull_div_t2.asm.obj (.text)
                  0000465e    00000086                                   : fd_cmp_t2.asm.obj (.text:__aeabi_cdcmple)
                  000046e4    00000086                                   : fd_cmp_t2.asm.obj (.text:__aeabi_cdrcmple)
                  0000476a    0000007a                                   : memset_t2.asm.obj (.text)
                  000047e4    00000078                                   : memory.c.obj (.text:malloc)
                  0000485c    00000074                                   : fclose.c.obj (.text:__TI_closefile)
                  000048d0    00000070     msp432p4xx_driverlib.lib : cs.o (.text:_CSGetHFXTFrequency)
                  00004940    0000006e     rtsv7M4_T_le_v4SPD16_eabi.lib : _printfi.c.obj (.text:_mcpy)
                  000049ae    0000006e                                   : fd_tos_t2.asm.obj (.text)
                  00004a1c    00000068                                   : hostlseek.c.obj (.text:HOSTlseek)
                  00004a84    00000068                                   : hostrename.c.obj (.text:HOSTrename)
                  00004aec    00000068                                   : copy_decompress_lzss.c.obj (.text:decompress:lzss:__TI_decompress_lzss)
                  00004b54    00000068                                   : printf.c.obj (.text:printf)
                  00004bbc    00000064                                   : s_frexp.c.obj (.text:frexp)
                  00004c20    00000064                                   : fseek.c.obj (.text:fseek)
                  00004c84    00000062                                   : _io_perm.c.obj (.text:__TI_wrt_ok)
                  00004ce6    00000002     --HOLE-- [fill = 0]
                  00004ce8    00000060                                   : hostopen.c.obj (.text:HOSTopen)
                  00004d48    0000005c                                   : close.c.obj (.text:close)
                  00004da4    00000058                                   : hostread.c.obj (.text:HOSTread)
                  00004dfc    00000058                                   : hostwrite.c.obj (.text:HOSTwrite)
                  00004e54    00000056                                   : _printfi.c.obj (.text:_pconv_f)
                  00004eaa    00000054                                   : ltoa.c.obj (.text:ltoa)
                  00004efe    00000052                                   : _printfi.c.obj (.text:_ecpy)
                  00004f50    00000050     msp432p4xx_driverlib.lib : sysctl.o (.text:SysCtl_getTLVInfo)
                  00004fa0    0000004c                              : cs.o (.text:_CSGetDOCFrequency)
                  00004fec    0000004c     rtsv7M4_T_le_v4SPD16_eabi.lib : fflush.c.obj (.text:__TI_doflush)
                  00005038    0000004c                                   : atoi.c.obj (.text:atoi)
                  00005084    00000048     msp432p4xx_driverlib.lib : cs.o (.text:_CSGetDividerValue)
                  000050cc    00000048     rtsv7M4_T_le_v4SPD16_eabi.lib : exit.c.obj (.text:exit)
                  00005114    00000048                                   : fd_toi_t2.asm.obj (.text)
                  0000515c    00000044                                   : hostclose.c.obj (.text:HOSTclose)
                  000051a0    00000044                                   : hostunlink.c.obj (.text:HOSTunlink)
                  000051e4    00000044                                   : autoinit.c.obj (.text:__TI_auto_init_nobinit_nopinit:__TI_auto_init_nobinit_nopinit)
                  00005228    00000044                                   : getdevice.c.obj (.text:getdevice)
                  0000526c    00000044                                   : fd_tou_t2.asm.obj (.text)
                  000052b0    0000003e                                   : _printfi.c.obj (.text:_fcpy)
                  000052ee    00000002     --HOLE-- [fill = 0]
                  000052f0    0000003c                                   : memory.c.obj (.text:minsert)
                  0000532c    00000038                                   : trgmsg.c.obj (.text:__TI_writemsg)
                  00005364    00000038                                   : boot_cortex_m.c.obj (.text:_c_int00_noargs:_c_int00_noargs)
                  0000539c    00000038                                   : memory.c.obj (.text:minit)
                  000053d4    00000038                                   : fs_tod_t2.asm.obj (.text)
                  0000540c    00000036                                   : strncpy.c.obj (.text:strncpy)
                  00005442    00000002     --HOLE-- [fill = 0]
                  00005444    00000034                                   : fopen.c.obj (.text:__TI_cleanup)
                  00005478    00000034                                   : trgmsg.c.obj (.text:__TI_readmsg)
                  000054ac    00000030                                   : getdevice.c.obj (.text:finddevice)
                  000054dc    0000002e                                   : i_tofd_t2.asm.obj (.text)
                  0000550a    00000002     --HOLE-- [fill = 0]
                  0000550c    0000002c                                   : unlink.c.obj (.text:unlink)
                  00005538    00000028                                   : lseek.c.obj (.text:lseek)
                  00005560    00000028                                   : memory.c.obj (.text:mremove)
                  00005588    00000028                                   : write.c.obj (.text:write)
                  000055b0    00000024     msp432p4xx_driverlib.lib : cs.o (.text:CS_clearInterruptFlag)
                  000055d4    00000020     rtsv7M4_T_le_v4SPD16_eabi.lib : memchr.c.obj (.text:memchr)
                  000055f4    00000020                                   : u_tofd_t2.asm.obj (.text)
                  00005614    0000001e                                   : strcat.c.obj (.text:strcat)
                  00005632    0000001c                                   : memccpy.c.obj (.text:memccpy)
                  0000564e    00000002     --HOLE-- [fill = 0]
                  00005650    00000018     msp432p4xx_driverlib.lib : cs.o (.text:CS_getACLK)
                  00005668    00000018                              : cs.o (.text:CS_getMCLK)
                  00005680    00000018                              : cs.o (.text:CS_getSMCLK)
                  00005698    00000018     rtsv7M4_T_le_v4SPD16_eabi.lib : strcmp.c.obj (.text:strcmp)
                  000056b0    00000016                                   : strchr.c.obj (.text:strchr)
                  000056c6    00000002     --HOLE-- [fill = 0]
                  000056c8    00000014     msp432p4xx_driverlib.lib : cs.o (.text:CS_setExternalClockSourceFrequency)
                  000056dc    00000014     rtsv7M4_T_le_v4SPD16_eabi.lib : s_copysign.c.obj (.text:copysign)
                  000056f0    00000014                                   : strcpy.c.obj (.text:strcpy)
                  00005704    00000014                                   : strlen.c.obj (.text:strlen)
                  00005718    00000012                                   : copy_zero_init.c.obj (.text:decompress:ZI:__TI_zero_init_nomemset:__TI_zero_init_nomemset)
                  0000572a    00000012     startup_msp432p401r_ccs.obj (.text)
                  0000573c    00000012     rtsv7M4_T_le_v4SPD16_eabi.lib : wcslen.c.obj (.text:wcslen)
                  0000574e    00000002     --HOLE-- [fill = 0]
                  00005750    00000010     msp432p4xx_driverlib.lib : sysctl.o (.text:SysCtl_disableNMISource)
                  00005760    00000010                              : sysctl.o (.text:SysCtl_enableNMISource)
                  00005770    0000000e     rtsv7M4_T_le_v4SPD16_eabi.lib : copy_decompress_none.c.obj (.text:decompress:none:__TI_decompress_none)
                  0000577e    00000002     --HOLE-- [fill = 0]
                  00005780    0000000c     msp432p4xx_driverlib.lib : sysctl.o (.text:SysCtl_getNMISourceStatus)
                  0000578c    00000008     rtsv7M4_T_le_v4SPD16_eabi.lib : errno.c.obj (.text:__aeabi_errno_addr)
                  00005794    00000006     msp432p4xx_driverlib.lib : cs.o (.text:CS_startHFXT)
                  0000579a    00000004     rtsv7M4_T_le_v4SPD16_eabi.lib : printf.c.obj (.text:_outc)
                  0000579e    00000004                                   : printf.c.obj (.text:_outs)
                  000057a2    00000004                                   : pre_init.c.obj (.text:_system_pre_init)
                  000057a6    00000004                                   : exit.c.obj (.text:abort:abort)

.const     0    000057ac    0000090e     
                  000057ac    000004fb     ST7735.obj (.const:.string:Font)
                  00005ca7    00000200     ST7735.obj (.const:.string:dBfs)
                  00005ea7    00000101     rtsv7M4_T_le_v4SPD16_eabi.lib : ctype.c.obj (.const:.string:_ctypes_)
                  00005fa8    00000067     ST7735.obj (.const:.string:Bcmd)
                  0000600f    0000003b     ST7735.obj (.const:.string:Rcmd1)
                  0000604a    0000002b     ST7735.obj (.const:.string:Rcmd3)
                  00006075    00000003     Keypad.obj (.const:.string:$P$T0$1)
                  00006078    00000014     RTC.obj (.const:RTCi2cConfig)
                  0000608c    00000014     I2C_Master.obj (.const:i2cConfig)
                  000060a0    0000000d     ST7735.obj (.const:.string:Rcmd2green)
                  000060ad    0000000d     ST7735.obj (.const:.string:Rcmd2red)

.cinit     0    000060c0    000000d0     
                  000060c0    000000a6     (.cinit..data.load) [load image, compression = lzss]
                  00006166    00000002     --HOLE-- [fill = 0]
                  00006168    0000000c     (__TI_handler_table)
                  00006174    00000004     --HOLE-- [fill = 0]
                  00006178    00000008     (.cinit..bss.load) [load image, compression = zero_init]
                  00006180    00000010     (__TI_cinit_table)

.init_array 
*          0    00000000    00000000     UNINITIALIZED

.sysmem    0    20000000    00000800     UNINITIALIZED
                  20000000    00000008     rtsv7M4_T_le_v4SPD16_eabi.lib : memory.c.obj (.sysmem)
                  20000008    000007f8     --HOLE--

.data      0    20000800    0000024e     UNINITIALIZED
                  20000800    000000f0     rtsv7M4_T_le_v4SPD16_eabi.lib : defs.c.obj (.data:_ftable)
                  200008f0    00000078                                   : write.c.obj (.data:_device)
                  20000968    00000050                                   : write.c.obj (.data:_stream)
                  200009b8    00000018     Final Project Master main.obj (.data:BacklightpwmConfig)
                  200009d0    00000018     BuzzerAndClock.obj (.data:pwmConfigA0)
                  200009e8    00000018     BuzzerAndClock.obj (.data:pwmConfigA3)
                  20000a00    00000014     ST7735.obj (.data)
                  20000a14    00000010     rtsv7M4_T_le_v4SPD16_eabi.lib : defs.c.obj (.data)
                  20000a24    0000000c                                   : exit.c.obj (.data:$O1$$)
                  20000a30    0000000c                                   : memory.c.obj (.data:$O1$$)
                  20000a3c    00000008                                   : _lock.c.obj (.data:$O1$$)
                  20000a44    00000004                                   : errno.c.obj (.data)
                  20000a48    00000004     system_msp432p401r.obj (.data)
                  20000a4c    00000001     Final Project Master main.obj (.data)
                  20000a4d    00000001     Keypad.obj (.data)

.bss       0    20000a50    00000225     UNINITIALIZED
                  20000a50    00000120     rtsv7M4_T_le_v4SPD16_eabi.lib : trgmsg.c.obj (.bss:_CIOBUF_)
                  20000b70    000000a0     (.common:__TI_tmpnams)
                  20000c10    0000000c     (.common:Message)
                  20000c1c    0000000c     (.common:actual_day)
                  20000c28    00000008     (.common:parmbuf)
                  20000c30    00000004     ST7735.obj (.bss)
                  20000c34    00000004     (.common:Messageindex)
                  20000c38    00000004     (.common:X)
                  20000c3c    00000004     (.common:Ymax)
                  20000c40    00000004     (.common:Ymin)
                  20000c44    00000004     (.common:Yrange)
                  20000c48    00000004     (.common:date)
                  20000c4c    00000004     (.common:day)
                  20000c50    00000004     (.common:hfxtFreq)
                  20000c54    00000004     (.common:hours)
                  20000c58    00000004     (.common:lfxtFreq)
                  20000c5c    00000004     (.common:minutes)
                  20000c60    00000004     (.common:month)
                  20000c64    00000004     (.common:seconds)
                  20000c68    00000004     (.common:year)
                  20000c6c    00000001     (.common:TempFrac)
                  20000c6d    00000001     (.common:TempInt)
                  20000c6e    00000001     (.common:bcdDate)
                  20000c6f    00000001     (.common:bcdDay)
                  20000c70    00000001     (.common:bcdHours)
                  20000c71    00000001     (.common:bcdMinutes)
                  20000c72    00000001     (.common:bcdMonth)
                  20000c73    00000001     (.common:bcdSeconds)
                  20000c74    00000001     (.common:bcdYear)

.stack     0    2000fe00    00000200     UNINITIALIZED
                  2000fe00    00000004     rtsv7M4_T_le_v4SPD16_eabi.lib : boot_cortex_m.c.obj (.stack)
                  2000fe04    000001fc     --HOLE--

MODULE SUMMARY

       Module                          code    ro data   rw data
       ------                          ----    -------   -------
    .\
       ST7735.obj                      5040    2018      56     
       RTC.obj                         3012    20        49     
       system_msp432p401r.obj          808     0         4      
       Keypad.obj                      508     3         1      
       Final Project Master main.obj   424     0         25     
       BuzzerAndClock.obj              332     0         48     
       startup_msp432p401r_ccs.obj     18      320       0      
       I2C_Master.obj                  176     20        0      
    +--+-------------------------------+-------+---------+---------+
       Total:                          10318   2381      183    
                                                                
    C:/ti/msp/MSP432Ware_3_50_00_02/driverlib/driverlib/MSP432P4xx/ccs/msp432p4xx_driverlib.lib
       cs.o                            966     0         8      
       sysctl.o                        124     0         0      
    +--+-------------------------------+-------+---------+---------+
       Total:                          1090    0         8      
                                                                
    C:\ti\ccsv8\tools\compiler\ti-cgt-arm_18.1.3.LTS\lib\rtsv7M4_T_le_v4SPD16_eabi.lib
       _printfi.c.obj                  4863    0         0      
       memory.c.obj                    492     0         12     
       fd_add_t2.asm.obj               438     0         0      
       defs.c.obj                      0       0         416    
       trgmsg.c.obj                    108     0         288    
       fd_div_t2.asm.obj               310     0         0      
       fputs.c.obj                     276     0         0      
       s_scalbn.c.obj                  272     0         0      
       fd_cmp_t2.asm.obj               268     0         0      
       ctype.c.obj                     0       257       0      
       fd_mul_t2.asm.obj               252     0         0      
       write.c.obj                     40      0         200    
       setvbuf.c.obj                   220     0         0      
       memcpy_t2.asm.obj               156     0         0      
       ull_div_t2.asm.obj              150     0         0      
       memset_t2.asm.obj               122     0         0      
       fclose.c.obj                    116     0         0      
       getdevice.c.obj                 116     0         0      
       printf.c.obj                    112     0         0      
       fd_tos_t2.asm.obj               110     0         0      
       copy_decompress_lzss.c.obj      104     0         0      
       hostlseek.c.obj                 104     0         0      
       hostopen.c.obj                  96      0         8      
       hostrename.c.obj                104     0         0      
       fseek.c.obj                     100     0         0      
       s_frexp.c.obj                   100     0         0      
       _io_perm.c.obj                  98      0         0      
       close.c.obj                     92      0         0      
       exit.c.obj                      76      0         12     
       hostread.c.obj                  88      0         0      
       hostwrite.c.obj                 88      0         0      
       ltoa.c.obj                      84      0         0      
       atoi.c.obj                      76      0         0      
       fflush.c.obj                    76      0         0      
       fd_toi_t2.asm.obj               72      0         0      
       autoinit.c.obj                  68      0         0      
       fd_tou_t2.asm.obj               68      0         0      
       hostclose.c.obj                 68      0         0      
       hostunlink.c.obj                68      0         0      
       boot_cortex_m.c.obj             56      0         0      
       fs_tod_t2.asm.obj               56      0         0      
       strncpy.c.obj                   54      0         0      
       fopen.c.obj                     52      0         0      
       i_tofd_t2.asm.obj               46      0         0      
       unlink.c.obj                    44      0         0      
       lseek.c.obj                     40      0         0      
       memchr.c.obj                    32      0         0      
       u_tofd_t2.asm.obj               32      0         0      
       strcat.c.obj                    30      0         0      
       memccpy.c.obj                   28      0         0      
       strcmp.c.obj                    24      0         0      
       strchr.c.obj                    22      0         0      
       s_copysign.c.obj                20      0         0      
       strcpy.c.obj                    20      0         0      
       strlen.c.obj                    20      0         0      
       copy_zero_init.c.obj            18      0         0      
       wcslen.c.obj                    18      0         0      
       copy_decompress_none.c.obj      14      0         0      
       errno.c.obj                     8       0         4      
       _lock.c.obj                     2       0         8      
       pre_init.c.obj                  4       0         0      
       div0.asm.obj                    2       0         0      
    +--+-------------------------------+-------+---------+---------+
       Total:                          10693   257       948    
                                                                
       Heap:                           0       0         2048   
       Stack:                          0       0         512    
       Linker Generated:               0       202       0      
    +--+-------------------------------+-------+---------+---------+
       Grand Total:                    22101   2840      3699   


LINKER GENERATED COPY TABLES

__TI_cinit_table @ 00006180 records: 2, size/record: 8, table size: 16
	.data: load addr=000060c0, load size=000000a6 bytes, run addr=20000800, run size=0000024e bytes, compression=lzss
	.bss: load addr=00006178, load size=00000008 bytes, run addr=20000a50, run size=00000225 bytes, compression=zero_init


LINKER GENERATED HANDLER TABLE

__TI_handler_table @ 00006168 records: 3, size/record: 4, table size: 12
	index: 0, handler: __TI_decompress_lzss
	index: 1, handler: __TI_decompress_none
	index: 2, handler: __TI_zero_init


GLOBAL SYMBOLS: SORTED ALPHABETICALLY BY Name 

address   name                              
-------   ----                              
000036b5  ADC14_IRQHandler                  
200009b8  BacklightpwmConfig                
000057a7  C$$EXIT                           
0000535b  C$$IO$$                           
000055b1  CS_clearInterruptFlag             
00005651  CS_getACLK                        
00003edd  CS_getDCOFrequency                
00005669  CS_getMCLK                        
00005681  CS_getSMCLK                       
000056c9  CS_setExternalClockSourceFrequency
00005795  CS_startHFXT                      
000043f5  CS_startHFXTWithTimeout           
000001b7  Delay1ms                          
0000515d  HOSTclose                         
00004a1d  HOSTlseek                         
00004ce9  HOSTopen                          
00004da5  HOSTread                          
00004a85  HOSTrename                        
000051a1  HOSTunlink                        
00004dfd  HOSTwrite                         
20000c10  Message                           
20000c34  Messageindex                      
0000148f  Output_Clear                      
000014a9  Output_Color                      
0000147f  Output_Init                       
00001499  Output_Off                        
000014a1  Output_On                         
00006078  RTCi2cConfig                      
00001b59  ReadTemp                          
00000799  ST7735_Color565                   
000007fd  ST7735_DrawBitmap                 
00000b71  ST7735_DrawChar                   
000009fb  ST7735_DrawCharS                  
00000591  ST7735_DrawFastHLine              
000004d3  ST7735_DrawFastVLine              
00000479  ST7735_DrawPixel                  
00000cdf  ST7735_DrawString                 
0000068d  ST7735_FillRect                   
00000649  ST7735_FillScreen                 
00000345  ST7735_InitB                      
00000365  ST7735_InitR                      
00000f1f  ST7735_InvertDisplay              
0000135d  ST7735_OutChar                    
00001421  ST7735_OutString                  
00000dd1  ST7735_OutUDec                    
00001269  ST7735_PlotBar                    
00000f37  ST7735_PlotClear                  
00001059  ST7735_PlotLine                   
00001309  ST7735_PlotNext                   
00001323  ST7735_PlotNextErase              
00000f93  ST7735_PlotPoint                  
00001193  ST7735_PlotPoints                 
000012bf  ST7735_PlotdBfs                   
00000dab  ST7735_SetCursor                  
00000e55  ST7735_SetRotation                
0000143f  ST7735_SetTextColor               
000007cd  ST7735_SwapColor                  
20000a08  StTextColor                       
20000a00  StX                               
20000a04  StY                               
000037d9  StartBuzzer                       
00003841  StopBuzzer                        
00005751  SysCtl_disableNMISource           
00005761  SysCtl_enableNMISource            
00005781  SysCtl_getNMISourceStatus         
00004f51  SysCtl_getTLVInfo                 
0000376d  SysTick_Handler                   
20000a48  SystemCoreClock                   
00002b15  SystemCoreClockUpdate             
00002d89  SystemInit                        
20000c6c  TempFrac                          
20000c6d  TempInt                           
4000480c  WDTCTL_SYM                        
20000c38  X                                 
20000c3c  Ymax                              
20000c40  Ymin                              
20000c44  Yrange                            
20000a50  __CIOBUF_                         
20010000  __STACK_END                       
00000200  __STACK_SIZE                      
00000800  __SYSMEM_SIZE                     
00006180  __TI_CINIT_Base                   
00006190  __TI_CINIT_Limit                  
00006168  __TI_Handler_Table_Base           
00006174  __TI_Handler_Table_Limit          
000051e5  __TI_auto_init_nobinit_nopinit    
00005445  __TI_cleanup                      
20000a24  __TI_cleanup_ptr                  
0000485d  __TI_closefile                    
00004aed  __TI_decompress_lzss              
00005771  __TI_decompress_none              
00004fed  __TI_doflush                      
20000a28  __TI_dtors_ptr                    
20000a2c  __TI_enable_exit_profile_output   
20000a14  __TI_ft_end                       
ffffffff  __TI_pprof_out_hndl               
000020b5  __TI_printfi                      
ffffffff  __TI_prof_data_size               
ffffffff  __TI_prof_data_start              
00005479  __TI_readmsg                      
00000000  __TI_static_base__                
20000b70  __TI_tmpnams                      
0000532d  __TI_writemsg                     
00004c85  __TI_wrt_ok                       
00005719  __TI_zero_init_nomemset           
0000465f  __aeabi_cdcmpeq                   
0000465f  __aeabi_cdcmple                   
000046e5  __aeabi_cdrcmple                  
000049af  __aeabi_d2f                       
00005115  __aeabi_d2iz                      
0000526d  __aeabi_d2uiz                     
00003483  __aeabi_dadd                      
00003a61  __aeabi_ddiv                      
00003fe1  __aeabi_dmul                      
00003479  __aeabi_dsub                      
0000578d  __aeabi_errno_addr                
000053d5  __aeabi_f2d                       
000054dd  __aeabi_i2d                       
0000362f  __aeabi_idiv0                     
0000362f  __aeabi_ldiv0                     
0000476b  __aeabi_memclr                    
0000476b  __aeabi_memclr4                   
0000476b  __aeabi_memclr8                   
0000452d  __aeabi_memcpy                    
0000452d  __aeabi_memcpy4                   
0000452d  __aeabi_memcpy8                   
0000476d  __aeabi_memset                    
0000476d  __aeabi_memset4                   
0000476d  __aeabi_memset8                   
20000a20  __aeabi_stderr                    
20000a18  __aeabi_stdin                     
20000a1c  __aeabi_stdout                    
000055f5  __aeabi_ui2d                      
000045c9  __aeabi_uldivmod                  
ffffffff  __binit__                         
ffffffff  __c_args__                        
UNDEFED   __mpu_init                        
2000fe00  __stack                           
00005365  _c_int00_noargs                   
00005ea7  _ctypes_                          
200008f0  _device                           
20000800  _ftable                           
20000a3c  _lock                             
00002b13  _nop                              
20000968  _stream                           
20000000  _sys_memory                       
UNDEFED   _system_post_cinit                
000057a3  _system_pre_init                  
20000a40  _unlock                           
000057a7  abort                             
20000c1c  actual_day                        
00005039  atoi                              
20000c6e  bcdDate                           
20000c6f  bcdDay                            
20000c70  bcdHours                          
20000c71  bcdMinutes                        
20000c72  bcdMonth                          
20000c73  bcdSeconds                        
20000c74  bcdYear                           
ffffffff  binit                             
0000385f  clockInit48MHzXTL                 
00004d49  close                             
00001c8f  convertAllToBCD                   
00001d6d  convertAllToChar                  
00001d09  convertBCDToChar                  
00001c41  convertCharToBCD                  
00001d3d  convertDayToChar                  
00001bf1  convertTemp                       
00001e7d  convertToDay                      
000056dd  copysign                          
000056dd  copysignl                         
00005ca7  dBfs                              
20000c48  date                              
20000c4c  day                               
00001de5  displayDateTime                   
20000a44  errno                             
000050cd  exit                              
00001471  ferror                            
00001465  fgetc                             
00000d69  fillmessage                       
000054ad  finddevice                        
00001453  fputc                             
00003cb9  fputs                             
000041b9  free                              
00004bbd  frexp                             
00004bbd  frexpl                            
00004c21  fseek                             
00003259  getKey                            
00005229  getdevice                         
20000c54  hours                             
0000608c  i2cConfig                         
000030ad  initKeypad                        
00004345  initMasterI2C                     
000014f1  initRTC                           
00000000  interruptVectors                  
20000a10  lastj                             
00003dcd  ldexp                             
00003dcd  ldexpl                            
00005539  lseek                             
00004eab  ltoa                              
UNDEFED   main                              
000047e5  malloc                            
000043a9  masterSendSingleByte              
00003631  master_main                       
00005633  memccpy                           
000055d5  memchr                            
0000452d  memcpy                            
00004773  memset                            
0000539d  minit                             
20000c5c  minutes                           
20000c60  month                             
20000c28  parmbuf                           
000001a9  parrotdelay                       
00004b55  printf                            
00001715  promptDate                        
000016b7  promptDay                         
0000162b  promptHours                       
000015c7  promptMinutes                     
00001819  promptMonth                       
00001563  promptSeconds                     
0000153b  promptUser                        
000018d9  promptYear                        
200009d0  pwmConfigA0                       
200009e8  pwmConfigA3                       
00001a69  readFromRTC                       
0000550d  remove                            
00001efd  returnTimeDateInfo                
00003dcd  scalbn                            
00003dcd  scalbnl                           
00003113  scanKeypad                        
20000c64  seconds                           
000040dd  setvbuf                           
20000a4c  state                             
00005615  strcat                            
000056b1  strchr                            
00005699  strcmp                            
000056f1  strcpy                            
00005705  strlen                            
0000540d  strncpy                           
0000550d  unlink                            
00001db7  waitForUser                       
0000573d  wcslen                            
00005589  write                             
000019ad  writeToRTC                        
20000c68  year                              


GLOBAL SYMBOLS: SORTED BY Symbol Address 

address   name                              
-------   ----                              
00000000  __TI_static_base__                
00000000  interruptVectors                  
000001a9  parrotdelay                       
000001b7  Delay1ms                          
00000200  __STACK_SIZE                      
00000345  ST7735_InitB                      
00000365  ST7735_InitR                      
00000479  ST7735_DrawPixel                  
000004d3  ST7735_DrawFastVLine              
00000591  ST7735_DrawFastHLine              
00000649  ST7735_FillScreen                 
0000068d  ST7735_FillRect                   
00000799  ST7735_Color565                   
000007cd  ST7735_SwapColor                  
000007fd  ST7735_DrawBitmap                 
00000800  __SYSMEM_SIZE                     
000009fb  ST7735_DrawCharS                  
00000b71  ST7735_DrawChar                   
00000cdf  ST7735_DrawString                 
00000d69  fillmessage                       
00000dab  ST7735_SetCursor                  
00000dd1  ST7735_OutUDec                    
00000e55  ST7735_SetRotation                
00000f1f  ST7735_InvertDisplay              
00000f37  ST7735_PlotClear                  
00000f93  ST7735_PlotPoint                  
00001059  ST7735_PlotLine                   
00001193  ST7735_PlotPoints                 
00001269  ST7735_PlotBar                    
000012bf  ST7735_PlotdBfs                   
00001309  ST7735_PlotNext                   
00001323  ST7735_PlotNextErase              
0000135d  ST7735_OutChar                    
00001421  ST7735_OutString                  
0000143f  ST7735_SetTextColor               
00001453  fputc                             
00001465  fgetc                             
00001471  ferror                            
0000147f  Output_Init                       
0000148f  Output_Clear                      
00001499  Output_Off                        
000014a1  Output_On                         
000014a9  Output_Color                      
000014f1  initRTC                           
0000153b  promptUser                        
00001563  promptSeconds                     
000015c7  promptMinutes                     
0000162b  promptHours                       
000016b7  promptDay                         
00001715  promptDate                        
00001819  promptMonth                       
000018d9  promptYear                        
000019ad  writeToRTC                        
00001a69  readFromRTC                       
00001b59  ReadTemp                          
00001bf1  convertTemp                       
00001c41  convertCharToBCD                  
00001c8f  convertAllToBCD                   
00001d09  convertBCDToChar                  
00001d3d  convertDayToChar                  
00001d6d  convertAllToChar                  
00001db7  waitForUser                       
00001de5  displayDateTime                   
00001e7d  convertToDay                      
00001efd  returnTimeDateInfo                
000020b5  __TI_printfi                      
00002b13  _nop                              
00002b15  SystemCoreClockUpdate             
00002d89  SystemInit                        
000030ad  initKeypad                        
00003113  scanKeypad                        
00003259  getKey                            
00003479  __aeabi_dsub                      
00003483  __aeabi_dadd                      
0000362f  __aeabi_idiv0                     
0000362f  __aeabi_ldiv0                     
00003631  master_main                       
000036b5  ADC14_IRQHandler                  
0000376d  SysTick_Handler                   
000037d9  StartBuzzer                       
00003841  StopBuzzer                        
0000385f  clockInit48MHzXTL                 
00003a61  __aeabi_ddiv                      
00003cb9  fputs                             
00003dcd  ldexp                             
00003dcd  ldexpl                            
00003dcd  scalbn                            
00003dcd  scalbnl                           
00003edd  CS_getDCOFrequency                
00003fe1  __aeabi_dmul                      
000040dd  setvbuf                           
000041b9  free                              
00004345  initMasterI2C                     
000043a9  masterSendSingleByte              
000043f5  CS_startHFXTWithTimeout           
0000452d  __aeabi_memcpy                    
0000452d  __aeabi_memcpy4                   
0000452d  __aeabi_memcpy8                   
0000452d  memcpy                            
000045c9  __aeabi_uldivmod                  
0000465f  __aeabi_cdcmpeq                   
0000465f  __aeabi_cdcmple                   
000046e5  __aeabi_cdrcmple                  
0000476b  __aeabi_memclr                    
0000476b  __aeabi_memclr4                   
0000476b  __aeabi_memclr8                   
0000476d  __aeabi_memset                    
0000476d  __aeabi_memset4                   
0000476d  __aeabi_memset8                   
00004773  memset                            
000047e5  malloc                            
0000485d  __TI_closefile                    
000049af  __aeabi_d2f                       
00004a1d  HOSTlseek                         
00004a85  HOSTrename                        
00004aed  __TI_decompress_lzss              
00004b55  printf                            
00004bbd  frexp                             
00004bbd  frexpl                            
00004c21  fseek                             
00004c85  __TI_wrt_ok                       
00004ce9  HOSTopen                          
00004d49  close                             
00004da5  HOSTread                          
00004dfd  HOSTwrite                         
00004eab  ltoa                              
00004f51  SysCtl_getTLVInfo                 
00004fed  __TI_doflush                      
00005039  atoi                              
000050cd  exit                              
00005115  __aeabi_d2iz                      
0000515d  HOSTclose                         
000051a1  HOSTunlink                        
000051e5  __TI_auto_init_nobinit_nopinit    
00005229  getdevice                         
0000526d  __aeabi_d2uiz                     
0000532d  __TI_writemsg                     
0000535b  C$$IO$$                           
00005365  _c_int00_noargs                   
0000539d  minit                             
000053d5  __aeabi_f2d                       
0000540d  strncpy                           
00005445  __TI_cleanup                      
00005479  __TI_readmsg                      
000054ad  finddevice                        
000054dd  __aeabi_i2d                       
0000550d  remove                            
0000550d  unlink                            
00005539  lseek                             
00005589  write                             
000055b1  CS_clearInterruptFlag             
000055d5  memchr                            
000055f5  __aeabi_ui2d                      
00005615  strcat                            
00005633  memccpy                           
00005651  CS_getACLK                        
00005669  CS_getMCLK                        
00005681  CS_getSMCLK                       
00005699  strcmp                            
000056b1  strchr                            
000056c9  CS_setExternalClockSourceFrequency
000056dd  copysign                          
000056dd  copysignl                         
000056f1  strcpy                            
00005705  strlen                            
00005719  __TI_zero_init_nomemset           
0000573d  wcslen                            
00005751  SysCtl_disableNMISource           
00005761  SysCtl_enableNMISource            
00005771  __TI_decompress_none              
00005781  SysCtl_getNMISourceStatus         
0000578d  __aeabi_errno_addr                
00005795  CS_startHFXT                      
000057a3  _system_pre_init                  
000057a7  C$$EXIT                           
000057a7  abort                             
00005ca7  dBfs                              
00005ea7  _ctypes_                          
00006078  RTCi2cConfig                      
0000608c  i2cConfig                         
00006168  __TI_Handler_Table_Base           
00006174  __TI_Handler_Table_Limit          
00006180  __TI_CINIT_Base                   
00006190  __TI_CINIT_Limit                  
20000000  _sys_memory                       
20000800  _ftable                           
200008f0  _device                           
20000968  _stream                           
200009b8  BacklightpwmConfig                
200009d0  pwmConfigA0                       
200009e8  pwmConfigA3                       
20000a00  StX                               
20000a04  StY                               
20000a08  StTextColor                       
20000a10  lastj                             
20000a14  __TI_ft_end                       
20000a18  __aeabi_stdin                     
20000a1c  __aeabi_stdout                    
20000a20  __aeabi_stderr                    
20000a24  __TI_cleanup_ptr                  
20000a28  __TI_dtors_ptr                    
20000a2c  __TI_enable_exit_profile_output   
20000a3c  _lock                             
20000a40  _unlock                           
20000a44  errno                             
20000a48  SystemCoreClock                   
20000a4c  state                             
20000a50  __CIOBUF_                         
20000b70  __TI_tmpnams                      
20000c10  Message                           
20000c1c  actual_day                        
20000c28  parmbuf                           
20000c34  Messageindex                      
20000c38  X                                 
20000c3c  Ymax                              
20000c40  Ymin                              
20000c44  Yrange                            
20000c48  date                              
20000c4c  day                               
20000c54  hours                             
20000c5c  minutes                           
20000c60  month                             
20000c64  seconds                           
20000c68  year                              
20000c6c  TempFrac                          
20000c6d  TempInt                           
20000c6e  bcdDate                           
20000c6f  bcdDay                            
20000c70  bcdHours                          
20000c71  bcdMinutes                        
20000c72  bcdMonth                          
20000c73  bcdSeconds                        
20000c74  bcdYear                           
2000fe00  __stack                           
20010000  __STACK_END                       
4000480c  WDTCTL_SYM                        
ffffffff  __TI_pprof_out_hndl               
ffffffff  __TI_prof_data_size               
ffffffff  __TI_prof_data_start              
ffffffff  __binit__                         
ffffffff  __c_args__                        
ffffffff  binit                             
UNDEFED   __mpu_init                        
UNDEFED   _system_post_cinit                
UNDEFED   main                              

[245 symbols]
