******************************************************************************
                  TI ARM Linker PC v18.1.3                     
******************************************************************************
>> Linked Tue Nov 20 23:02:30 2018

OUTPUT FILE NAME:   <Final Project Master.out>
ENTRY POINT SYMBOL: "_c_int00_noargs"  address: 000065a9


MEMORY CONFIGURATION

         name            origin    length      used     unused   attr    fill
----------------------  --------  ---------  --------  --------  ----  --------
  MAIN                  00000000   00040000  0000744c  00038bb4  R  X
  INFO                  00200000   00004000  00000000  00004000  R  X
  SRAM_CODE             01000000   00010000  00000000  00010000  RW X
  SRAM_DATA             20000000   00010000  00000ecc  0000f134  RW  


SEGMENT ALLOCATION MAP

run origin  load origin   length   init length attrs members
----------  ----------- ---------- ----------- ----- -------
00000000    00000000    00007450   00007450    r-x
  00000000    00000000    00000140   00000140    r-- .intvecs
  00000140    00000140    0000691e   0000691e    r-x .text
  00006a60    00006a60    0000090e   0000090e    r-- .const
  00007370    00007370    000000e0   000000e0    r-- .cinit
20000000    20000000    00000ccf   00000000    rw-
  20000000    20000000    00000800   00000000    rw- .sysmem
  20000800    20000800    00000269   00000000    rw- .data
  20000a6c    20000a6c    00000263   00000000    rw- .bss
2000fe00    2000fe00    00000200   00000000    rw-
  2000fe00    2000fe00    00000200   00000000    rw- .stack


SECTION ALLOCATION MAP

 output                                  attributes/
section   page    origin      length       input sections
--------  ----  ----------  ----------   ----------------
.intvecs   0    00000000    00000140     
                  00000000    00000140     startup_msp432p401r_ccs.obj (.intvecs:retain)

.text      0    00000140    0000691e     
                  00000140    000013b0     ST7735.obj (.text)
                  000014f0    00000efc     Final Project Master main.obj (.text)
                  000023ec    00000a5e     rtsv7M4_T_le_v4SPD16_eabi.lib : _printfi.c.obj (.text:__TI_printfi)
                  00002e4a    00000002                                   : _lock.c.obj (.text:_nop)
                  00002e4c    00000648     RTC.obj (.text)
                  00003494    000003b8     Flash.obj (.text)
                  0000384c    00000328     system_msp432p401r.obj (.text)
                  00003b74    00000318     LCD.obj (.text)
                  00003e8c    00000270     rtsv7M4_T_le_v4SPD16_eabi.lib : _printfi.c.obj (.text:_pconv_a)
                  000040fc    00000240     Stepper.obj (.text)
                  0000433c    000001fc     Keypad.obj (.text)
                  00004538    000001d0     rtsv7M4_T_le_v4SPD16_eabi.lib : _printfi.c.obj (.text:_pconv_g)
                  00004708    000001b6                                   : fd_add_t2.asm.obj (.text)
                  000048be    00000002                                   : div0.asm.obj (.text)
                  000048c0    0000014c     BuzzerAndClock.obj (.text)
                  00004a0c    0000013c     rtsv7M4_T_le_v4SPD16_eabi.lib : _printfi.c.obj (.text:_pconv_e)
                  00004b48    00000136                                   : fd_div_t2.asm.obj (.text)
                  00004c7e    00000002     --HOLE-- [fill = 0]
                  00004c80    00000120                                   : _printfi.c.obj (.text:fcvt)
                  00004da0    00000114                                   : fputs.c.obj (.text:fputs)
                  00004eb4    00000110                                   : s_scalbn.c.obj (.text:scalbn)
                  00004fc4    00000104     msp432p4xx_driverlib.lib : cs.o (.text:CS_getDCOFrequency)
                  000050c8    000000fc     rtsv7M4_T_le_v4SPD16_eabi.lib : fd_mul_t2.asm.obj (.text)
                  000051c4    000000f8     I2C_Master.obj (.text)
                  000052bc    000000dc     rtsv7M4_T_le_v4SPD16_eabi.lib : setvbuf.c.obj (.text:setvbuf)
                  00005398    000000d8                                   : memory.c.obj (.text:free)
                  00005470    000000c8     Backlight.obj (.text)
                  00005538    000000b1     rtsv7M4_T_le_v4SPD16_eabi.lib : _printfi.c.obj (.text:_ltostr)
                  000055e9    00000003     --HOLE-- [fill = 0]
                  000055ec    0000009c     msp432p4xx_driverlib.lib : cs.o (.text:CS_startHFXTWithTimeout)
                  00005688    0000009c                              : cs.o (.text:_CSComputeCLKFrequency)
                  00005724    0000009c     rtsv7M4_T_le_v4SPD16_eabi.lib : memcpy_t2.asm.obj (.text)
                  000057c0    00000096                                   : ull_div_t2.asm.obj (.text)
                  00005856    00000086                                   : fd_cmp_t2.asm.obj (.text:__aeabi_cdcmple)
                  000058dc    00000086                                   : fd_cmp_t2.asm.obj (.text:__aeabi_cdrcmple)
                  00005962    0000007a                                   : memset_t2.asm.obj (.text)
                  000059dc    00000078                                   : memory.c.obj (.text:malloc)
                  00005a54    00000074                                   : fclose.c.obj (.text:__TI_closefile)
                  00005ac8    00000070     msp432p4xx_driverlib.lib : cs.o (.text:_CSGetHFXTFrequency)
                  00005b38    0000006e     rtsv7M4_T_le_v4SPD16_eabi.lib : _printfi.c.obj (.text:_mcpy)
                  00005ba6    0000006e                                   : fd_tos_t2.asm.obj (.text)
                  00005c14    00000068                                   : hostlseek.c.obj (.text:HOSTlseek)
                  00005c7c    00000068                                   : hostrename.c.obj (.text:HOSTrename)
                  00005ce4    00000068                                   : copy_decompress_lzss.c.obj (.text:decompress:lzss:__TI_decompress_lzss)
                  00005d4c    00000068                                   : printf.c.obj (.text:printf)
                  00005db4    00000064                                   : s_frexp.c.obj (.text:frexp)
                  00005e18    00000064                                   : fseek.c.obj (.text:fseek)
                  00005e7c    00000062                                   : _io_perm.c.obj (.text:__TI_wrt_ok)
                  00005ede    00000002     --HOLE-- [fill = 0]
                  00005ee0    00000060                                   : hostopen.c.obj (.text:HOSTopen)
                  00005f40    0000005c                                   : close.c.obj (.text:close)
                  00005f9c    00000058                                   : hostread.c.obj (.text:HOSTread)
                  00005ff4    00000058                                   : hostwrite.c.obj (.text:HOSTwrite)
                  0000604c    00000056                                   : _printfi.c.obj (.text:_pconv_f)
                  000060a2    00000054                                   : ltoa.c.obj (.text:ltoa)
                  000060f6    00000052                                   : _printfi.c.obj (.text:_ecpy)
                  00006148    00000050     msp432p4xx_driverlib.lib : sysctl.o (.text:SysCtl_getTLVInfo)
                  00006198    0000004c                              : cs.o (.text:_CSGetDOCFrequency)
                  000061e4    0000004c     rtsv7M4_T_le_v4SPD16_eabi.lib : fflush.c.obj (.text:__TI_doflush)
                  00006230    0000004c                                   : atoi.c.obj (.text:atoi)
                  0000627c    0000004c                                   : snprintf.c.obj (.text:snprintf)
                  000062c8    00000048     msp432p4xx_driverlib.lib : cs.o (.text:_CSGetDividerValue)
                  00006310    00000048     rtsv7M4_T_le_v4SPD16_eabi.lib : exit.c.obj (.text:exit)
                  00006358    00000048                                   : fd_toi_t2.asm.obj (.text)
                  000063a0    00000044                                   : hostclose.c.obj (.text:HOSTclose)
                  000063e4    00000044                                   : hostunlink.c.obj (.text:HOSTunlink)
                  00006428    00000044                                   : autoinit.c.obj (.text:__TI_auto_init_nobinit_nopinit:__TI_auto_init_nobinit_nopinit)
                  0000646c    00000044                                   : getdevice.c.obj (.text:getdevice)
                  000064b0    00000044                                   : fd_tou_t2.asm.obj (.text)
                  000064f4    0000003e                                   : _printfi.c.obj (.text:_fcpy)
                  00006532    00000002     --HOLE-- [fill = 0]
                  00006534    0000003c                                   : memory.c.obj (.text:minsert)
                  00006570    00000038                                   : trgmsg.c.obj (.text:__TI_writemsg)
                  000065a8    00000038                                   : boot_cortex_m.c.obj (.text:_c_int00_noargs:_c_int00_noargs)
                  000065e0    00000038                                   : memory.c.obj (.text:minit)
                  00006618    00000038                                   : fs_tod_t2.asm.obj (.text)
                  00006650    00000036                                   : strncpy.c.obj (.text:strncpy)
                  00006686    00000002     --HOLE-- [fill = 0]
                  00006688    00000034                                   : fopen.c.obj (.text:__TI_cleanup)
                  000066bc    00000034                                   : trgmsg.c.obj (.text:__TI_readmsg)
                  000066f0    00000030                                   : snprintf.c.obj (.text:_outs)
                  00006720    00000030                                   : getdevice.c.obj (.text:finddevice)
                  00006750    0000002e                                   : i_tofd_t2.asm.obj (.text)
                  0000677e    00000002     --HOLE-- [fill = 0]
                  00006780    0000002c                                   : unlink.c.obj (.text:unlink)
                  000067ac    00000028                                   : lseek.c.obj (.text:lseek)
                  000067d4    00000028                                   : memory.c.obj (.text:mremove)
                  000067fc    00000028                                   : write.c.obj (.text:write)
                  00006824    00000024     msp432p4xx_driverlib.lib : cs.o (.text:CS_clearInterruptFlag)
                  00006848    00000020     rtsv7M4_T_le_v4SPD16_eabi.lib : memchr.c.obj (.text:memchr)
                  00006868    00000020                                   : u_tofd_t2.asm.obj (.text)
                  00006888    0000001e                                   : strcat.c.obj (.text:strcat)
                  000068a6    0000001c                                   : memccpy.c.obj (.text:memccpy)
                  000068c2    00000002     --HOLE-- [fill = 0]
                  000068c4    00000018     msp432p4xx_driverlib.lib : cs.o (.text:CS_getACLK)
                  000068dc    00000018                              : cs.o (.text:CS_getMCLK)
                  000068f4    00000018                              : cs.o (.text:CS_getSMCLK)
                  0000690c    00000018     rtsv7M4_T_le_v4SPD16_eabi.lib : snprintf.c.obj (.text:_outc)
                  00006924    00000018                                   : strcmp.c.obj (.text:strcmp)
                  0000693c    00000016                                   : strchr.c.obj (.text:strchr)
                  00006952    00000002     --HOLE-- [fill = 0]
                  00006954    00000014     msp432p4xx_driverlib.lib : cs.o (.text:CS_setExternalClockSourceFrequency)
                  00006968    00000014     rtsv7M4_T_le_v4SPD16_eabi.lib : s_copysign.c.obj (.text:copysign)
                  0000697c    00000014                                   : strcpy.c.obj (.text:strcpy)
                  00006990    00000014                                   : strlen.c.obj (.text:strlen)
                  000069a4    00000012                                   : copy_zero_init.c.obj (.text:decompress:ZI:__TI_zero_init_nomemset:__TI_zero_init_nomemset)
                  000069b6    00000012     startup_msp432p401r_ccs.obj (.text)
                  000069c8    00000012     rtsv7M4_T_le_v4SPD16_eabi.lib : wcslen.c.obj (.text:wcslen)
                  000069da    00000002     --HOLE-- [fill = 0]
                  000069dc    00000010     msp432p4xx_driverlib.lib : sysctl.o (.text:SysCtl_disableNMISource)
                  000069ec    00000010                              : sysctl.o (.text:SysCtl_enableNMISource)
                  000069fc    0000000e                              : i2c.o (.text:I2C_clearInterruptFlag)
                  00006a0a    0000000e                              : i2c.o (.text:I2C_disableInterrupt)
                  00006a18    0000000e     rtsv7M4_T_le_v4SPD16_eabi.lib : copy_decompress_none.c.obj (.text:decompress:none:__TI_decompress_none)
                  00006a26    00000002     --HOLE-- [fill = 0]
                  00006a28    0000000c     msp432p4xx_driverlib.lib : sysctl.o (.text:SysCtl_getNMISourceStatus)
                  00006a34    00000008     rtsv7M4_T_le_v4SPD16_eabi.lib : errno.c.obj (.text:__aeabi_errno_addr)
                  00006a3c    00000006     msp432p4xx_driverlib.lib : cs.o (.text:CS_startHFXT)
                  00006a42    00000006                              : i2c.o (.text:I2C_getEnabledInterruptStatus)
                  00006a48    00000006                              : i2c.o (.text:I2C_getInterruptStatus)
                  00006a4e    00000004     rtsv7M4_T_le_v4SPD16_eabi.lib : printf.c.obj (.text:_outc)
                  00006a52    00000004                                   : printf.c.obj (.text:_outs)
                  00006a56    00000004                                   : pre_init.c.obj (.text:_system_pre_init)
                  00006a5a    00000004                                   : exit.c.obj (.text:abort:abort)

.const     0    00006a60    0000090e     
                  00006a60    000004fb     ST7735.obj (.const:.string:Font)
                  00006f5b    00000200     ST7735.obj (.const:.string:dBfs)
                  0000715b    00000101     rtsv7M4_T_le_v4SPD16_eabi.lib : ctype.c.obj (.const:.string:_ctypes_)
                  0000725c    00000067     ST7735.obj (.const:.string:Bcmd)
                  000072c3    0000003b     ST7735.obj (.const:.string:Rcmd1)
                  000072fe    0000002b     ST7735.obj (.const:.string:Rcmd3)
                  00007329    00000003     Keypad.obj (.const:.string:$P$T0$1)
                  0000732c    00000014     RTC.obj (.const:RTCi2cConfig)
                  00007340    00000014     I2C_Master.obj (.const:i2cConfig)
                  00007354    0000000d     ST7735.obj (.const:.string:Rcmd2green)
                  00007361    0000000d     ST7735.obj (.const:.string:Rcmd2red)

.cinit     0    00007370    000000e0     
                  00007370    000000b8     (.cinit..data.load) [load image, compression = lzss]
                  00007428    0000000c     (__TI_handler_table)
                  00007434    00000004     --HOLE-- [fill = 0]
                  00007438    00000008     (.cinit..bss.load) [load image, compression = zero_init]
                  00007440    00000010     (__TI_cinit_table)

.init_array 
*          0    00000000    00000000     UNINITIALIZED

.sysmem    0    20000000    00000800     UNINITIALIZED
                  20000000    00000008     rtsv7M4_T_le_v4SPD16_eabi.lib : memory.c.obj (.sysmem)
                  20000008    000007f8     --HOLE--

.data      0    20000800    00000269     UNINITIALIZED
                  20000800    000000f0     rtsv7M4_T_le_v4SPD16_eabi.lib : defs.c.obj (.data:_ftable)
                  200008f0    00000078                                   : write.c.obj (.data:_device)
                  20000968    00000050                                   : write.c.obj (.data:_stream)
                  200009b8    00000018     Final Project Master main.obj (.data:BacklightpwmConfig)
                  200009d0    00000018     BuzzerAndClock.obj (.data:pwmConfigA0)
                  200009e8    00000018     BuzzerAndClock.obj (.data:pwmConfigA3)
                  20000a00    00000014     ST7735.obj (.data)
                  20000a14    00000014     Final Project Master main.obj (.data:user_entry)
                  20000a28    00000010     rtsv7M4_T_le_v4SPD16_eabi.lib : defs.c.obj (.data)
                  20000a38    0000000c                                   : exit.c.obj (.data:$O1$$)
                  20000a44    0000000c                                   : memory.c.obj (.data:$O1$$)
                  20000a50    00000008                                   : _lock.c.obj (.data:$O1$$)
                  20000a58    00000006     Final Project Master main.obj (.data)
                  20000a5e    00000002     Stepper.obj (.data)
                  20000a60    00000004     rtsv7M4_T_le_v4SPD16_eabi.lib : errno.c.obj (.data)
                  20000a64    00000004     system_msp432p401r.obj (.data)
                  20000a68    00000001     Keypad.obj (.data)

.bss       0    20000a6c    00000263     UNINITIALIZED
                  20000a6c    00000120     rtsv7M4_T_le_v4SPD16_eabi.lib : trgmsg.c.obj (.bss:_CIOBUF_)
                  20000b8c    000000a0     (.common:__TI_tmpnams)
                  20000c2c    0000000c     (.common:Message)
                  20000c38    0000000c     (.common:actual_day)
                  20000c44    00000008     (.common:parmbuf)
                  20000c4c    00000004     ST7735.obj (.bss)
                  20000c50    00000004     (.common:Messageindex)
                  20000c54    00000004     (.common:X)
                  20000c58    00000004     (.common:Ymax)
                  20000c5c    00000004     (.common:Ymin)
                  20000c60    00000004     (.common:Yrange)
                  20000c64    00000004     (.common:addr_pointer)
                  20000c68    00000004     (.common:date)
                  20000c6c    00000004     (.common:day)
                  20000c70    00000004     (.common:hfxtFreq)
                  20000c74    00000004     (.common:hours)
                  20000c78    00000004     (.common:lcd_date)
                  20000c7c    00000004     (.common:lcd_day)
                  20000c80    00000004     (.common:lcd_hours)
                  20000c84    00000004     (.common:lcd_minutes)
                  20000c88    00000004     (.common:lcd_month)
                  20000c8c    00000004     (.common:lcd_seconds)
                  20000c90    00000004     (.common:lcd_temp)
                  20000c94    00000004     (.common:lcd_year)
                  20000c98    00000004     (.common:lfxtFreq)
                  20000c9c    00000004     (.common:m_date)
                  20000ca0    00000004     (.common:m_hours)
                  20000ca4    00000004     (.common:m_minutes)
                  20000ca8    00000004     (.common:m_month)
                  20000cac    00000004     (.common:m_seconds)
                  20000cb0    00000004     (.common:m_year)
                  20000cb4    00000004     (.common:minutes)
                  20000cb8    00000004     (.common:month)
                  20000cbc    00000004     (.common:seconds)
                  20000cc0    00000004     (.common:year)
                  20000cc4    00000001     (.common:TempFrac)
                  20000cc5    00000001     (.common:TempInt)
                  20000cc6    00000001     (.common:bcdDate)
                  20000cc7    00000001     (.common:bcdDay)
                  20000cc8    00000001     (.common:bcdHours)
                  20000cc9    00000001     (.common:bcdMinutes)
                  20000cca    00000001     (.common:bcdMonth)
                  20000ccb    00000001     (.common:bcdSeconds)
                  20000ccc    00000001     (.common:bcdYear)
                  20000ccd    00000001     (.common:rcv_byte)
                  20000cce    00000001     (.common:rcvflag)

.stack     0    2000fe00    00000200     UNINITIALIZED
                  2000fe00    00000004     rtsv7M4_T_le_v4SPD16_eabi.lib : boot_cortex_m.c.obj (.stack)
                  2000fe04    000001fc     --HOLE--

MODULE SUMMARY

       Module                          code    ro data   rw data
       ------                          ----    -------   -------
    .\
       ST7735.obj                      5040    2018      56     
       Final Project Master main.obj   3836    0         101    
       RTC.obj                         1608    20        0      
       Flash.obj                       952     0         28     
       LCD.obj                         792     0         32     
       system_msp432p401r.obj          808     0         4      
       Stepper.obj                     576     0         2      
       Keypad.obj                      508     3         1      
       BuzzerAndClock.obj              332     0         48     
       startup_msp432p401r_ccs.obj     18      320       0      
       I2C_Master.obj                  248     20        0      
       Backlight.obj                   200     0         0      
    +--+-------------------------------+-------+---------+---------+
       Total:                          14918   2381      272    
                                                                
    C:/ti/msp/MSP432Ware_3_50_00_02/driverlib/driverlib/MSP432P4xx/ccs/msp432p4xx_driverlib.lib
       cs.o                            966     0         8      
       sysctl.o                        124     0         0      
       i2c.o                           40      0         0      
    +--+-------------------------------+-------+---------+---------+
       Total:                          1130    0         8      
                                                                
    C:\ti\ccsv8\tools\compiler\ti-cgt-arm_18.1.3.LTS\lib\rtsv7M4_T_le_v4SPD16_eabi.lib
       _printfi.c.obj                  4863    0         0      
       memory.c.obj                    492     0         12     
       fd_add_t2.asm.obj               438     0         0      
       defs.c.obj                      0       0         416    
       trgmsg.c.obj                    108     0         288    
       fd_div_t2.asm.obj               310     0         0      
       fputs.c.obj                     276     0         0      
       s_scalbn.c.obj                  272     0         0      
       fd_cmp_t2.asm.obj               268     0         0      
       ctype.c.obj                     0       257       0      
       fd_mul_t2.asm.obj               252     0         0      
       write.c.obj                     40      0         200    
       setvbuf.c.obj                   220     0         0      
       memcpy_t2.asm.obj               156     0         0      
       ull_div_t2.asm.obj              150     0         0      
       snprintf.c.obj                  148     0         0      
       memset_t2.asm.obj               122     0         0      
       fclose.c.obj                    116     0         0      
       getdevice.c.obj                 116     0         0      
       printf.c.obj                    112     0         0      
       fd_tos_t2.asm.obj               110     0         0      
       copy_decompress_lzss.c.obj      104     0         0      
       hostlseek.c.obj                 104     0         0      
       hostopen.c.obj                  96      0         8      
       hostrename.c.obj                104     0         0      
       fseek.c.obj                     100     0         0      
       s_frexp.c.obj                   100     0         0      
       _io_perm.c.obj                  98      0         0      
       close.c.obj                     92      0         0      
       exit.c.obj                      76      0         12     
       hostread.c.obj                  88      0         0      
       hostwrite.c.obj                 88      0         0      
       ltoa.c.obj                      84      0         0      
       atoi.c.obj                      76      0         0      
       fflush.c.obj                    76      0         0      
       fd_toi_t2.asm.obj               72      0         0      
       autoinit.c.obj                  68      0         0      
       fd_tou_t2.asm.obj               68      0         0      
       hostclose.c.obj                 68      0         0      
       hostunlink.c.obj                68      0         0      
       boot_cortex_m.c.obj             56      0         0      
       fs_tod_t2.asm.obj               56      0         0      
       strncpy.c.obj                   54      0         0      
       fopen.c.obj                     52      0         0      
       i_tofd_t2.asm.obj               46      0         0      
       unlink.c.obj                    44      0         0      
       lseek.c.obj                     40      0         0      
       memchr.c.obj                    32      0         0      
       u_tofd_t2.asm.obj               32      0         0      
       strcat.c.obj                    30      0         0      
       memccpy.c.obj                   28      0         0      
       strcmp.c.obj                    24      0         0      
       strchr.c.obj                    22      0         0      
       s_copysign.c.obj                20      0         0      
       strcpy.c.obj                    20      0         0      
       strlen.c.obj                    20      0         0      
       copy_zero_init.c.obj            18      0         0      
       wcslen.c.obj                    18      0         0      
       copy_decompress_none.c.obj      14      0         0      
       errno.c.obj                     8       0         4      
       _lock.c.obj                     2       0         8      
       pre_init.c.obj                  4       0         0      
       div0.asm.obj                    2       0         0      
    +--+-------------------------------+-------+---------+---------+
       Total:                          10841   257       948    
                                                                
       Heap:                           0       0         2048   
       Stack:                          0       0         512    
       Linker Generated:               0       220       0      
    +--+-------------------------------+-------+---------+---------+
       Grand Total:                    26889   2858      3788   


LINKER GENERATED COPY TABLES

__TI_cinit_table @ 00007440 records: 2, size/record: 8, table size: 16
	.data: load addr=00007370, load size=000000b8 bytes, run addr=20000800, run size=00000269 bytes, compression=lzss
	.bss: load addr=00007438, load size=00000008 bytes, run addr=20000a6c, run size=00000263 bytes, compression=zero_init


LINKER GENERATED HANDLER TABLE

__TI_handler_table @ 00007428 records: 3, size/record: 4, table size: 12
	index: 0, handler: __TI_decompress_lzss
	index: 1, handler: __TI_decompress_none
	index: 2, handler: __TI_zero_init


GLOBAL SYMBOLS: SORTED ALPHABETICALLY BY Name 

address   name                              
-------   ----                              
000017ed  ADC14_IRQHandler                  
200009b8  BacklightpwmConfig                
00006a5b  C$$EXIT                           
0000659f  C$$IO$$                           
00006825  CS_clearInterruptFlag             
000068c5  CS_getACLK                        
00004fc5  CS_getDCOFrequency                
000068dd  CS_getMCLK                        
000068f5  CS_getSMCLK                       
00006955  CS_setExternalClockSourceFrequency
00006a3d  CS_startHFXT                      
000055ed  CS_startHFXTWithTimeout           
00003b75  ClearDisplay                      
20000a5e  CurrentSpeed                      
000001b7  Delay1ms                          
00003d9f  DisplayAlarmLog                   
00003dad  DisplaySpeedLog                   
00003d7b  DisplayTime                       
000017a9  EUSCIB0_IRQHandler                
00003dbb  ExitDisplay                       
00003495  FlashDisplay                      
000063a1  HOSTclose                         
00005c15  HOSTlseek                         
00005ee1  HOSTopen                          
00005f9d  HOSTread                          
00005c7d  HOSTrename                        
000063e5  HOSTunlink                        
00005ff5  HOSTwrite                         
000069fd  I2C_clearInterruptFlag            
00006a0b  I2C_disableInterrupt              
00006a43  I2C_getEnabledInterruptStatus     
00006a49  I2C_getInterruptStatus            
00003c67  IdleDisplay                       
00005471  InitBacklight                     
0000416b  InitStepper                       
00003ca7  MenuDisplay                       
20000a5c  MenuFlag                          
20000c2c  Message                           
20000c50  Messageindex                      
0000148f  Output_Clear                      
000014a9  Output_Color                      
0000147f  Output_Init                       
00001499  Output_Off                        
000014a1  Output_On                         
0000732c  RTCi2cConfig                      
000035fd  ReadFromFlash                     
00003009  ReadTemp                          
00000799  ST7735_Color565                   
000007fd  ST7735_DrawBitmap                 
00000b71  ST7735_DrawChar                   
000009fb  ST7735_DrawCharS                  
00000591  ST7735_DrawFastHLine              
000004d3  ST7735_DrawFastVLine              
00000479  ST7735_DrawPixel                  
00000cdf  ST7735_DrawString                 
0000068d  ST7735_FillRect                   
00000649  ST7735_FillScreen                 
00000345  ST7735_InitB                      
00000365  ST7735_InitR                      
00000f1f  ST7735_InvertDisplay              
0000135d  ST7735_OutChar                    
00001421  ST7735_OutString                  
00000dd1  ST7735_OutUDec                    
00001269  ST7735_PlotBar                    
00000f37  ST7735_PlotClear                  
00001059  ST7735_PlotLine                   
00001309  ST7735_PlotNext                   
00001323  ST7735_PlotNextErase              
00000f93  ST7735_PlotPoint                  
00001193  ST7735_PlotPoints                 
000012bf  ST7735_PlotdBfs                   
00000dab  ST7735_SetCursor                  
00000e55  ST7735_SetRotation                
0000143f  ST7735_SetTextColor               
000007cd  ST7735_SwapColor                  
20000a08  StTextColor                       
20000a00  StX                               
20000a04  StY                               
000048c1  StartBuzzer                       
20000a5d  StateChanged                      
00004929  StopBuzzer                        
000069dd  SysCtl_disableNMISource           
000069ed  SysCtl_enableNMISource            
00006a29  SysCtl_getNMISourceStatus         
00006149  SysCtl_getTLVInfo                 
000018a5  SysTick_Handler                   
20000a64  SystemCoreClock                   
0000384d  SystemCoreClockUpdate             
00003ac1  SystemInit                        
20000cc4  TempFrac                          
20000cc5  TempInt                           
00003b97  UpdateDisplay                     
000040fd  Update_Speedometer                
4000480c  WDTCTL_SYM                        
00003675  WriteToFlash                      
20000c54  X                                 
20000c58  Ymax                              
20000c5c  Ymin                              
20000c60  Yrange                            
20000a6c  __CIOBUF_                         
20010000  __STACK_END                       
00000200  __STACK_SIZE                      
00000800  __SYSMEM_SIZE                     
00007440  __TI_CINIT_Base                   
00007450  __TI_CINIT_Limit                  
00007428  __TI_Handler_Table_Base           
00007434  __TI_Handler_Table_Limit          
00006429  __TI_auto_init_nobinit_nopinit    
00006689  __TI_cleanup                      
20000a38  __TI_cleanup_ptr                  
00005a55  __TI_closefile                    
00005ce5  __TI_decompress_lzss              
00006a19  __TI_decompress_none              
000061e5  __TI_doflush                      
20000a3c  __TI_dtors_ptr                    
20000a40  __TI_enable_exit_profile_output   
20000a28  __TI_ft_end                       
ffffffff  __TI_pprof_out_hndl               
000023ed  __TI_printfi                      
ffffffff  __TI_prof_data_size               
ffffffff  __TI_prof_data_start              
000066bd  __TI_readmsg                      
00000000  __TI_static_base__                
20000b8c  __TI_tmpnams                      
00006571  __TI_writemsg                     
00005e7d  __TI_wrt_ok                       
000069a5  __TI_zero_init_nomemset           
00005857  __aeabi_cdcmpeq                   
00005857  __aeabi_cdcmple                   
000058dd  __aeabi_cdrcmple                  
00005ba7  __aeabi_d2f                       
00006359  __aeabi_d2iz                      
000064b1  __aeabi_d2uiz                     
00004713  __aeabi_dadd                      
00004b49  __aeabi_ddiv                      
000050c9  __aeabi_dmul                      
00004709  __aeabi_dsub                      
00006a35  __aeabi_errno_addr                
00006619  __aeabi_f2d                       
00006751  __aeabi_i2d                       
000048bf  __aeabi_idiv0                     
000048bf  __aeabi_ldiv0                     
00005963  __aeabi_memclr                    
00005963  __aeabi_memclr4                   
00005963  __aeabi_memclr8                   
00005725  __aeabi_memcpy                    
00005725  __aeabi_memcpy4                   
00005725  __aeabi_memcpy8                   
00005965  __aeabi_memset                    
00005965  __aeabi_memset4                   
00005965  __aeabi_memset8                   
20000a34  __aeabi_stderr                    
20000a2c  __aeabi_stdin                     
20000a30  __aeabi_stdout                    
00006869  __aeabi_ui2d                      
000057c1  __aeabi_uldivmod                  
ffffffff  __binit__                         
ffffffff  __c_args__                        
UNDEFED   __mpu_init                        
2000fe00  __stack                           
000065a9  _c_int00_noargs                   
0000715b  _ctypes_                          
200008f0  _device                           
20000800  _ftable                           
20000a50  _lock                             
00002e4b  _nop                              
20000968  _stream                           
20000000  _sys_memory                       
UNDEFED   _system_post_cinit                
00006a57  _system_pre_init                  
20000a54  _unlock                           
00006a5b  abort                             
20000c38  actual_day                        
20000c64  addr_pointer                      
00006231  atoi                              
20000cc6  bcdDate                           
20000cc7  bcdDay                            
20000cc8  bcdHours                          
20000cc9  bcdMinutes                        
20000cca  bcdMonth                          
20000ccb  bcdSeconds                        
20000ccc  bcdYear                           
ffffffff  binit                             
00004947  clockInit48MHzXTL                 
00005f41  close                             
000030ef  convertAllToBCD                   
000031b9  convertAllToChar                  
0000315f  convertBCDToChar                  
000030b5  convertCharToBCD                  
0000318b  convertDayToChar                  
00003087  convertTemp                       
000032a1  convertToDay                      
00006969  copysign                          
00006969  copysignl                         
00006f5b  dBfs                              
20000c68  date                              
20000c6c  day                               
00003221  displayDateTime                   
20000a60  errno                             
00006311  exit                              
00001471  ferror                            
00001465  fgetc                             
00000d69  fillmessage                       
00006721  finddevice                        
00001453  fputc                             
00004da1  fputs                             
00005399  free                              
00005db5  frexp                             
00005db5  frexpl                            
00005e19  fseek                             
000044e9  getKey                            
0000646d  getdevice                         
20000c74  hours                             
00007340  i2cConfig                         
0000433d  initKeypad                        
000051c5  initMasterI2C                     
00002e4d  initRTC                           
00000000  interruptVectors                  
20000a10  lastj                             
20000c78  lcd_date                          
20000c7c  lcd_day                           
20000c80  lcd_hours                         
20000c84  lcd_minutes                       
20000c88  lcd_month                         
20000c8c  lcd_seconds                       
20000c90  lcd_temp                          
20000c94  lcd_year                          
00004eb5  ldexp                             
00004eb5  ldexpl                            
000067ad  lseek                             
000060a3  ltoa                              
20000c9c  m_date                            
20000ca0  m_hours                           
20000ca4  m_minutes                         
20000ca8  m_month                           
20000cac  m_seconds                         
20000cb0  m_year                            
000014f1  main                              
000059dd  malloc                            
0000526f  masterRecieveSingleByte           
00005229  masterSendSingleByte              
000068a7  memccpy                           
00006849  memchr                            
00005725  memcpy                            
0000596b  memset                            
000065e1  minit                             
20000cb4  minutes                           
20000cb8  month                             
20000c44  parmbuf                           
000001a9  parrotdelay                       
000037c1  parseString                       
00003d23  parseTimeDate                     
00005d4d  printf                            
00001e75  promptDate                        
00002329  promptDay                         
00001cb9  promptHours                       
00001b11  promptMinutes                     
00002025  promptMonth                       
0000197d  promptSeconds                     
000018a7  promptTime                        
000021ad  promptYear                        
200009d0  pwmConfigA0                       
200009e8  pwmConfigA3                       
20000ccd  rcv_byte                          
20000cce  rcvflag                           
00002f3b  readFromRTC                       
00006781  remove                            
0000333d  returnTimeDateInfo                
00004eb5  scalbn                            
00004eb5  scalbnl                           
000043a3  scanKeypad                        
20000cbc  seconds                           
000052bd  setvbuf                           
0000627d  snprintf                          
20000a5a  speed                             
20000a58  state                             
0000418b  stepper_move                      
00006889  strcat                            
0000693d  strchr                            
00006925  strcmp                            
0000697d  strcpy                            
00006991  strlen                            
00006651  strncpy                           
00006781  unlink                            
20000a14  user_entry                        
000069c9  wcslen                            
000067fd  write                             
00002e97  writeToRTC                        
20000cc0  year                              


GLOBAL SYMBOLS: SORTED BY Symbol Address 

address   name                              
-------   ----                              
00000000  __TI_static_base__                
00000000  interruptVectors                  
000001a9  parrotdelay                       
000001b7  Delay1ms                          
00000200  __STACK_SIZE                      
00000345  ST7735_InitB                      
00000365  ST7735_InitR                      
00000479  ST7735_DrawPixel                  
000004d3  ST7735_DrawFastVLine              
00000591  ST7735_DrawFastHLine              
00000649  ST7735_FillScreen                 
0000068d  ST7735_FillRect                   
00000799  ST7735_Color565                   
000007cd  ST7735_SwapColor                  
000007fd  ST7735_DrawBitmap                 
00000800  __SYSMEM_SIZE                     
000009fb  ST7735_DrawCharS                  
00000b71  ST7735_DrawChar                   
00000cdf  ST7735_DrawString                 
00000d69  fillmessage                       
00000dab  ST7735_SetCursor                  
00000dd1  ST7735_OutUDec                    
00000e55  ST7735_SetRotation                
00000f1f  ST7735_InvertDisplay              
00000f37  ST7735_PlotClear                  
00000f93  ST7735_PlotPoint                  
00001059  ST7735_PlotLine                   
00001193  ST7735_PlotPoints                 
00001269  ST7735_PlotBar                    
000012bf  ST7735_PlotdBfs                   
00001309  ST7735_PlotNext                   
00001323  ST7735_PlotNextErase              
0000135d  ST7735_OutChar                    
00001421  ST7735_OutString                  
0000143f  ST7735_SetTextColor               
00001453  fputc                             
00001465  fgetc                             
00001471  ferror                            
0000147f  Output_Init                       
0000148f  Output_Clear                      
00001499  Output_Off                        
000014a1  Output_On                         
000014a9  Output_Color                      
000014f1  main                              
000017a9  EUSCIB0_IRQHandler                
000017ed  ADC14_IRQHandler                  
000018a5  SysTick_Handler                   
000018a7  promptTime                        
0000197d  promptSeconds                     
00001b11  promptMinutes                     
00001cb9  promptHours                       
00001e75  promptDate                        
00002025  promptMonth                       
000021ad  promptYear                        
00002329  promptDay                         
000023ed  __TI_printfi                      
00002e4b  _nop                              
00002e4d  initRTC                           
00002e97  writeToRTC                        
00002f3b  readFromRTC                       
00003009  ReadTemp                          
00003087  convertTemp                       
000030b5  convertCharToBCD                  
000030ef  convertAllToBCD                   
0000315f  convertBCDToChar                  
0000318b  convertDayToChar                  
000031b9  convertAllToChar                  
00003221  displayDateTime                   
000032a1  convertToDay                      
0000333d  returnTimeDateInfo                
00003495  FlashDisplay                      
000035fd  ReadFromFlash                     
00003675  WriteToFlash                      
000037c1  parseString                       
0000384d  SystemCoreClockUpdate             
00003ac1  SystemInit                        
00003b75  ClearDisplay                      
00003b97  UpdateDisplay                     
00003c67  IdleDisplay                       
00003ca7  MenuDisplay                       
00003d23  parseTimeDate                     
00003d7b  DisplayTime                       
00003d9f  DisplayAlarmLog                   
00003dad  DisplaySpeedLog                   
00003dbb  ExitDisplay                       
000040fd  Update_Speedometer                
0000416b  InitStepper                       
0000418b  stepper_move                      
0000433d  initKeypad                        
000043a3  scanKeypad                        
000044e9  getKey                            
00004709  __aeabi_dsub                      
00004713  __aeabi_dadd                      
000048bf  __aeabi_idiv0                     
000048bf  __aeabi_ldiv0                     
000048c1  StartBuzzer                       
00004929  StopBuzzer                        
00004947  clockInit48MHzXTL                 
00004b49  __aeabi_ddiv                      
00004da1  fputs                             
00004eb5  ldexp                             
00004eb5  ldexpl                            
00004eb5  scalbn                            
00004eb5  scalbnl                           
00004fc5  CS_getDCOFrequency                
000050c9  __aeabi_dmul                      
000051c5  initMasterI2C                     
00005229  masterSendSingleByte              
0000526f  masterRecieveSingleByte           
000052bd  setvbuf                           
00005399  free                              
00005471  InitBacklight                     
000055ed  CS_startHFXTWithTimeout           
00005725  __aeabi_memcpy                    
00005725  __aeabi_memcpy4                   
00005725  __aeabi_memcpy8                   
00005725  memcpy                            
000057c1  __aeabi_uldivmod                  
00005857  __aeabi_cdcmpeq                   
00005857  __aeabi_cdcmple                   
000058dd  __aeabi_cdrcmple                  
00005963  __aeabi_memclr                    
00005963  __aeabi_memclr4                   
00005963  __aeabi_memclr8                   
00005965  __aeabi_memset                    
00005965  __aeabi_memset4                   
00005965  __aeabi_memset8                   
0000596b  memset                            
000059dd  malloc                            
00005a55  __TI_closefile                    
00005ba7  __aeabi_d2f                       
00005c15  HOSTlseek                         
00005c7d  HOSTrename                        
00005ce5  __TI_decompress_lzss              
00005d4d  printf                            
00005db5  frexp                             
00005db5  frexpl                            
00005e19  fseek                             
00005e7d  __TI_wrt_ok                       
00005ee1  HOSTopen                          
00005f41  close                             
00005f9d  HOSTread                          
00005ff5  HOSTwrite                         
000060a3  ltoa                              
00006149  SysCtl_getTLVInfo                 
000061e5  __TI_doflush                      
00006231  atoi                              
0000627d  snprintf                          
00006311  exit                              
00006359  __aeabi_d2iz                      
000063a1  HOSTclose                         
000063e5  HOSTunlink                        
00006429  __TI_auto_init_nobinit_nopinit    
0000646d  getdevice                         
000064b1  __aeabi_d2uiz                     
00006571  __TI_writemsg                     
0000659f  C$$IO$$                           
000065a9  _c_int00_noargs                   
000065e1  minit                             
00006619  __aeabi_f2d                       
00006651  strncpy                           
00006689  __TI_cleanup                      
000066bd  __TI_readmsg                      
00006721  finddevice                        
00006751  __aeabi_i2d                       
00006781  remove                            
00006781  unlink                            
000067ad  lseek                             
000067fd  write                             
00006825  CS_clearInterruptFlag             
00006849  memchr                            
00006869  __aeabi_ui2d                      
00006889  strcat                            
000068a7  memccpy                           
000068c5  CS_getACLK                        
000068dd  CS_getMCLK                        
000068f5  CS_getSMCLK                       
00006925  strcmp                            
0000693d  strchr                            
00006955  CS_setExternalClockSourceFrequency
00006969  copysign                          
00006969  copysignl                         
0000697d  strcpy                            
00006991  strlen                            
000069a5  __TI_zero_init_nomemset           
000069c9  wcslen                            
000069dd  SysCtl_disableNMISource           
000069ed  SysCtl_enableNMISource            
000069fd  I2C_clearInterruptFlag            
00006a0b  I2C_disableInterrupt              
00006a19  __TI_decompress_none              
00006a29  SysCtl_getNMISourceStatus         
00006a35  __aeabi_errno_addr                
00006a3d  CS_startHFXT                      
00006a43  I2C_getEnabledInterruptStatus     
00006a49  I2C_getInterruptStatus            
00006a57  _system_pre_init                  
00006a5b  C$$EXIT                           
00006a5b  abort                             
00006f5b  dBfs                              
0000715b  _ctypes_                          
0000732c  RTCi2cConfig                      
00007340  i2cConfig                         
00007428  __TI_Handler_Table_Base           
00007434  __TI_Handler_Table_Limit          
00007440  __TI_CINIT_Base                   
00007450  __TI_CINIT_Limit                  
20000000  _sys_memory                       
20000800  _ftable                           
200008f0  _device                           
20000968  _stream                           
200009b8  BacklightpwmConfig                
200009d0  pwmConfigA0                       
200009e8  pwmConfigA3                       
20000a00  StX                               
20000a04  StY                               
20000a08  StTextColor                       
20000a10  lastj                             
20000a14  user_entry                        
20000a28  __TI_ft_end                       
20000a2c  __aeabi_stdin                     
20000a30  __aeabi_stdout                    
20000a34  __aeabi_stderr                    
20000a38  __TI_cleanup_ptr                  
20000a3c  __TI_dtors_ptr                    
20000a40  __TI_enable_exit_profile_output   
20000a50  _lock                             
20000a54  _unlock                           
20000a58  state                             
20000a5a  speed                             
20000a5c  MenuFlag                          
20000a5d  StateChanged                      
20000a5e  CurrentSpeed                      
20000a60  errno                             
20000a64  SystemCoreClock                   
20000a6c  __CIOBUF_                         
20000b8c  __TI_tmpnams                      
20000c2c  Message                           
20000c38  actual_day                        
20000c44  parmbuf                           
20000c50  Messageindex                      
20000c54  X                                 
20000c58  Ymax                              
20000c5c  Ymin                              
20000c60  Yrange                            
20000c64  addr_pointer                      
20000c68  date                              
20000c6c  day                               
20000c74  hours                             
20000c78  lcd_date                          
20000c7c  lcd_day                           
20000c80  lcd_hours                         
20000c84  lcd_minutes                       
20000c88  lcd_month                         
20000c8c  lcd_seconds                       
20000c90  lcd_temp                          
20000c94  lcd_year                          
20000c9c  m_date                            
20000ca0  m_hours                           
20000ca4  m_minutes                         
20000ca8  m_month                           
20000cac  m_seconds                         
20000cb0  m_year                            
20000cb4  minutes                           
20000cb8  month                             
20000cbc  seconds                           
20000cc0  year                              
20000cc4  TempFrac                          
20000cc5  TempInt                           
20000cc6  bcdDate                           
20000cc7  bcdDay                            
20000cc8  bcdHours                          
20000cc9  bcdMinutes                        
20000cca  bcdMonth                          
20000ccb  bcdSeconds                        
20000ccc  bcdYear                           
20000ccd  rcv_byte                          
20000cce  rcvflag                           
2000fe00  __stack                           
20010000  __STACK_END                       
4000480c  WDTCTL_SYM                        
ffffffff  __TI_pprof_out_hndl               
ffffffff  __TI_prof_data_size               
ffffffff  __TI_prof_data_start              
ffffffff  __binit__                         
ffffffff  __c_args__                        
ffffffff  binit                             
UNDEFED   __mpu_init                        
UNDEFED   _system_post_cinit                

[289 symbols]
