<?xml version="1.0" encoding="ISO-8859-1" ?>
<link_info>
   <banner>TI ARM Linker PC v18.1.3.LTS</banner>
   <copyright>Copyright (c) 1996-2017 Texas Instruments Incorporated</copyright>
   <link_time>0x5c049bcb</link_time>
   <link_errors>0x0</link_errors>
   <output_file>Final Project Master.out</output_file>
   <entry_point>
      <name>_c_int00_noargs</name>
      <address>0x6fc5</address>
   </entry_point>
   <input_file_list>
      <input_file id="fl-2">
         <path>.\</path>
         <kind>object</kind>
         <file>Backlight.obj</file>
         <name>Backlight.obj</name>
      </input_file>
      <input_file id="fl-3">
         <path>.\</path>
         <kind>object</kind>
         <file>BuzzerAndClock.obj</file>
         <name>BuzzerAndClock.obj</name>
      </input_file>
      <input_file id="fl-4">
         <path>.\</path>
         <kind>object</kind>
         <file>Final Project Master main.obj</file>
         <name>Final Project Master main.obj</name>
      </input_file>
      <input_file id="fl-5">
         <path>.\</path>
         <kind>object</kind>
         <file>Flash.obj</file>
         <name>Flash.obj</name>
      </input_file>
      <input_file id="fl-6">
         <path>.\</path>
         <kind>object</kind>
         <file>Keypad.obj</file>
         <name>Keypad.obj</name>
      </input_file>
      <input_file id="fl-7">
         <path>.\</path>
         <kind>object</kind>
         <file>LCD.obj</file>
         <name>LCD.obj</name>
      </input_file>
      <input_file id="fl-8">
         <path>.\</path>
         <kind>object</kind>
         <file>NeedForSpeed.obj</file>
         <name>NeedForSpeed.obj</name>
      </input_file>
      <input_file id="fl-9">
         <path>.\</path>
         <kind>object</kind>
         <file>Prox.obj</file>
         <name>Prox.obj</name>
      </input_file>
      <input_file id="fl-a">
         <path>.\</path>
         <kind>object</kind>
         <file>RTC.obj</file>
         <name>RTC.obj</name>
      </input_file>
      <input_file id="fl-b">
         <path>.\</path>
         <kind>object</kind>
         <file>ST7735.obj</file>
         <name>ST7735.obj</name>
      </input_file>
      <input_file id="fl-c">
         <path>.\</path>
         <kind>object</kind>
         <file>Stepper.obj</file>
         <name>Stepper.obj</name>
      </input_file>
      <input_file id="fl-d">
         <path>.\</path>
         <kind>object</kind>
         <file>UART.obj</file>
         <name>UART.obj</name>
      </input_file>
      <input_file id="fl-e">
         <path>.\</path>
         <kind>object</kind>
         <file>image.obj</file>
         <name>image.obj</name>
      </input_file>
      <input_file id="fl-f">
         <path>.\</path>
         <kind>object</kind>
         <file>startup_msp432p401r_ccs.obj</file>
         <name>startup_msp432p401r_ccs.obj</name>
      </input_file>
      <input_file id="fl-10">
         <path>.\</path>
         <kind>object</kind>
         <file>system_msp432p401r.obj</file>
         <name>system_msp432p401r.obj</name>
      </input_file>
      <input_file id="fl-15">
         <kind>object</kind>
         <file>&lt;internal&gt;</file>
         <name>&lt;internal&gt;</name>
      </input_file>
      <input_file id="fl-16">
         <path>C:\ti\msp\MSP432Ware_3_50_00_02\driverlib\driverlib\MSP432P4xx\ccs\</path>
         <kind>archive</kind>
         <file>msp432p4xx_driverlib.lib</file>
         <name>adc14.o</name>
      </input_file>
      <input_file id="fl-17">
         <path>C:\ti\msp\MSP432Ware_3_50_00_02\driverlib\driverlib\MSP432P4xx\ccs\</path>
         <kind>archive</kind>
         <file>msp432p4xx_driverlib.lib</file>
         <name>cs.o</name>
      </input_file>
      <input_file id="fl-18">
         <path>C:\ti\msp\MSP432Ware_3_50_00_02\driverlib\driverlib\MSP432P4xx\ccs\</path>
         <kind>archive</kind>
         <file>msp432p4xx_driverlib.lib</file>
         <name>gpio.o</name>
      </input_file>
      <input_file id="fl-19">
         <path>C:\ti\msp\MSP432Ware_3_50_00_02\driverlib\driverlib\MSP432P4xx\ccs\</path>
         <kind>archive</kind>
         <file>msp432p4xx_driverlib.lib</file>
         <name>interrupt.o</name>
      </input_file>
      <input_file id="fl-1a">
         <path>C:\ti\msp\MSP432Ware_3_50_00_02\driverlib\driverlib\MSP432P4xx\ccs\</path>
         <kind>archive</kind>
         <file>msp432p4xx_driverlib.lib</file>
         <name>sysctl.o</name>
      </input_file>
      <input_file id="fl-1b">
         <path>C:\ti\msp\MSP432Ware_3_50_00_02\driverlib\driverlib\MSP432P4xx\ccs\</path>
         <kind>archive</kind>
         <file>msp432p4xx_driverlib.lib</file>
         <name>systick.o</name>
      </input_file>
      <input_file id="fl-1c">
         <path>C:\ti\msp\MSP432Ware_3_50_00_02\driverlib\driverlib\MSP432P4xx\ccs\</path>
         <kind>archive</kind>
         <file>msp432p4xx_driverlib.lib</file>
         <name>timer_a.o</name>
      </input_file>
      <input_file id="fl-1d">
         <path>C:\ti\msp\MSP432Ware_3_50_00_02\driverlib\driverlib\MSP432P4xx\ccs\</path>
         <kind>archive</kind>
         <file>msp432p4xx_driverlib.lib</file>
         <name>timer32.o</name>
      </input_file>
      <input_file id="fl-1e">
         <path>C:\ti\msp\MSP432Ware_3_50_00_02\driverlib\driverlib\MSP432P4xx\ccs\</path>
         <kind>archive</kind>
         <file>msp432p4xx_driverlib.lib</file>
         <name>cpu.o</name>
      </input_file>
      <input_file id="fl-d4">
         <path>C:\ti\ccsv8\tools\compiler\ti-cgt-arm_18.1.3.LTS\lib\</path>
         <kind>archive</kind>
         <file>rtsv7M4_T_le_v4SPD16_eabi.lib</file>
         <name>memset_t2.asm.obj</name>
      </input_file>
      <input_file id="fl-d5">
         <path>C:\ti\ccsv8\tools\compiler\ti-cgt-arm_18.1.3.LTS\lib\</path>
         <kind>archive</kind>
         <file>rtsv7M4_T_le_v4SPD16_eabi.lib</file>
         <name>fd_add_t2.asm.obj</name>
      </input_file>
      <input_file id="fl-d6">
         <path>C:\ti\ccsv8\tools\compiler\ti-cgt-arm_18.1.3.LTS\lib\</path>
         <kind>archive</kind>
         <file>rtsv7M4_T_le_v4SPD16_eabi.lib</file>
         <name>fd_div_t2.asm.obj</name>
      </input_file>
      <input_file id="fl-d7">
         <path>C:\ti\ccsv8\tools\compiler\ti-cgt-arm_18.1.3.LTS\lib\</path>
         <kind>archive</kind>
         <file>rtsv7M4_T_le_v4SPD16_eabi.lib</file>
         <name>fd_mul_t2.asm.obj</name>
      </input_file>
      <input_file id="fl-d8">
         <path>C:\ti\ccsv8\tools\compiler\ti-cgt-arm_18.1.3.LTS\lib\</path>
         <kind>archive</kind>
         <file>rtsv7M4_T_le_v4SPD16_eabi.lib</file>
         <name>fd_toi_t2.asm.obj</name>
      </input_file>
      <input_file id="fl-d9">
         <path>C:\ti\ccsv8\tools\compiler\ti-cgt-arm_18.1.3.LTS\lib\</path>
         <kind>archive</kind>
         <file>rtsv7M4_T_le_v4SPD16_eabi.lib</file>
         <name>fd_tos_t2.asm.obj</name>
      </input_file>
      <input_file id="fl-da">
         <path>C:\ti\ccsv8\tools\compiler\ti-cgt-arm_18.1.3.LTS\lib\</path>
         <kind>archive</kind>
         <file>rtsv7M4_T_le_v4SPD16_eabi.lib</file>
         <name>fd_tou_t2.asm.obj</name>
      </input_file>
      <input_file id="fl-db">
         <path>C:\ti\ccsv8\tools\compiler\ti-cgt-arm_18.1.3.LTS\lib\</path>
         <kind>archive</kind>
         <file>rtsv7M4_T_le_v4SPD16_eabi.lib</file>
         <name>fs_tod_t2.asm.obj</name>
      </input_file>
      <input_file id="fl-dc">
         <path>C:\ti\ccsv8\tools\compiler\ti-cgt-arm_18.1.3.LTS\lib\</path>
         <kind>archive</kind>
         <file>rtsv7M4_T_le_v4SPD16_eabi.lib</file>
         <name>i_tofd_t2.asm.obj</name>
      </input_file>
      <input_file id="fl-dd">
         <path>C:\ti\ccsv8\tools\compiler\ti-cgt-arm_18.1.3.LTS\lib\</path>
         <kind>archive</kind>
         <file>rtsv7M4_T_le_v4SPD16_eabi.lib</file>
         <name>memcpy_t2.asm.obj</name>
      </input_file>
      <input_file id="fl-de">
         <path>C:\ti\ccsv8\tools\compiler\ti-cgt-arm_18.1.3.LTS\lib\</path>
         <kind>archive</kind>
         <file>rtsv7M4_T_le_v4SPD16_eabi.lib</file>
         <name>u_tofd_t2.asm.obj</name>
      </input_file>
      <input_file id="fl-df">
         <path>C:\ti\ccsv8\tools\compiler\ti-cgt-arm_18.1.3.LTS\lib\</path>
         <kind>archive</kind>
         <file>rtsv7M4_T_le_v4SPD16_eabi.lib</file>
         <name>copy_zero_init.c.obj</name>
      </input_file>
      <input_file id="fl-e0">
         <path>C:\ti\ccsv8\tools\compiler\ti-cgt-arm_18.1.3.LTS\lib\</path>
         <kind>archive</kind>
         <file>rtsv7M4_T_le_v4SPD16_eabi.lib</file>
         <name>copy_decompress_none.c.obj</name>
      </input_file>
      <input_file id="fl-e1">
         <path>C:\ti\ccsv8\tools\compiler\ti-cgt-arm_18.1.3.LTS\lib\</path>
         <kind>archive</kind>
         <file>rtsv7M4_T_le_v4SPD16_eabi.lib</file>
         <name>copy_decompress_lzss.c.obj</name>
      </input_file>
      <input_file id="fl-e2">
         <path>C:\ti\ccsv8\tools\compiler\ti-cgt-arm_18.1.3.LTS\lib\</path>
         <kind>archive</kind>
         <file>rtsv7M4_T_le_v4SPD16_eabi.lib</file>
         <name>atoi.c.obj</name>
      </input_file>
      <input_file id="fl-e3">
         <path>C:\ti\ccsv8\tools\compiler\ti-cgt-arm_18.1.3.LTS\lib\</path>
         <kind>archive</kind>
         <file>rtsv7M4_T_le_v4SPD16_eabi.lib</file>
         <name>ctype.c.obj</name>
      </input_file>
      <input_file id="fl-e4">
         <path>C:\ti\ccsv8\tools\compiler\ti-cgt-arm_18.1.3.LTS\lib\</path>
         <kind>archive</kind>
         <file>rtsv7M4_T_le_v4SPD16_eabi.lib</file>
         <name>printf.c.obj</name>
      </input_file>
      <input_file id="fl-e5">
         <path>C:\ti\ccsv8\tools\compiler\ti-cgt-arm_18.1.3.LTS\lib\</path>
         <kind>archive</kind>
         <file>rtsv7M4_T_le_v4SPD16_eabi.lib</file>
         <name>snprintf.c.obj</name>
      </input_file>
      <input_file id="fl-e6">
         <path>C:\ti\ccsv8\tools\compiler\ti-cgt-arm_18.1.3.LTS\lib\</path>
         <kind>archive</kind>
         <file>rtsv7M4_T_le_v4SPD16_eabi.lib</file>
         <name>strcat.c.obj</name>
      </input_file>
      <input_file id="fl-e7">
         <path>C:\ti\ccsv8\tools\compiler\ti-cgt-arm_18.1.3.LTS\lib\</path>
         <kind>archive</kind>
         <file>rtsv7M4_T_le_v4SPD16_eabi.lib</file>
         <name>strcpy.c.obj</name>
      </input_file>
      <input_file id="fl-e8">
         <path>C:\ti\ccsv8\tools\compiler\ti-cgt-arm_18.1.3.LTS\lib\</path>
         <kind>archive</kind>
         <file>rtsv7M4_T_le_v4SPD16_eabi.lib</file>
         <name>strncpy.c.obj</name>
      </input_file>
      <input_file id="fl-e9">
         <path>C:\ti\ccsv8\tools\compiler\ti-cgt-arm_18.1.3.LTS\lib\</path>
         <kind>archive</kind>
         <file>rtsv7M4_T_le_v4SPD16_eabi.lib</file>
         <name>boot_cortex_m.c.obj</name>
      </input_file>
      <input_file id="fl-ea">
         <path>C:\ti\ccsv8\tools\compiler\ti-cgt-arm_18.1.3.LTS\lib\</path>
         <kind>archive</kind>
         <file>rtsv7M4_T_le_v4SPD16_eabi.lib</file>
         <name>autoinit.c.obj</name>
      </input_file>
      <input_file id="fl-eb">
         <path>C:\ti\ccsv8\tools\compiler\ti-cgt-arm_18.1.3.LTS\lib\</path>
         <kind>archive</kind>
         <file>rtsv7M4_T_le_v4SPD16_eabi.lib</file>
         <name>pre_init.c.obj</name>
      </input_file>
      <input_file id="fl-ec">
         <path>C:\ti\ccsv8\tools\compiler\ti-cgt-arm_18.1.3.LTS\lib\</path>
         <kind>archive</kind>
         <file>rtsv7M4_T_le_v4SPD16_eabi.lib</file>
         <name>cpy_tbl.c.obj</name>
      </input_file>
      <input_file id="fl-ed">
         <path>C:\ti\ccsv8\tools\compiler\ti-cgt-arm_18.1.3.LTS\lib\</path>
         <kind>archive</kind>
         <file>rtsv7M4_T_le_v4SPD16_eabi.lib</file>
         <name>exit.c.obj</name>
      </input_file>
      <input_file id="fl-ee">
         <path>C:\ti\ccsv8\tools\compiler\ti-cgt-arm_18.1.3.LTS\lib\</path>
         <kind>archive</kind>
         <file>rtsv7M4_T_le_v4SPD16_eabi.lib</file>
         <name>_lock.c.obj</name>
      </input_file>
      <input_file id="fl-ef">
         <path>C:\ti\ccsv8\tools\compiler\ti-cgt-arm_18.1.3.LTS\lib\</path>
         <kind>archive</kind>
         <file>rtsv7M4_T_le_v4SPD16_eabi.lib</file>
         <name>_printfi.c.obj</name>
      </input_file>
      <input_file id="fl-f0">
         <path>C:\ti\ccsv8\tools\compiler\ti-cgt-arm_18.1.3.LTS\lib\</path>
         <kind>archive</kind>
         <file>rtsv7M4_T_le_v4SPD16_eabi.lib</file>
         <name>args_main.c.obj</name>
      </input_file>
      <input_file id="fl-f1">
         <path>C:\ti\ccsv8\tools\compiler\ti-cgt-arm_18.1.3.LTS\lib\</path>
         <kind>archive</kind>
         <file>rtsv7M4_T_le_v4SPD16_eabi.lib</file>
         <name>defs.c.obj</name>
      </input_file>
      <input_file id="fl-f2">
         <path>C:\ti\ccsv8\tools\compiler\ti-cgt-arm_18.1.3.LTS\lib\</path>
         <kind>archive</kind>
         <file>rtsv7M4_T_le_v4SPD16_eabi.lib</file>
         <name>fputs.c.obj</name>
      </input_file>
      <input_file id="fl-f3">
         <path>C:\ti\ccsv8\tools\compiler\ti-cgt-arm_18.1.3.LTS\lib\</path>
         <kind>archive</kind>
         <file>rtsv7M4_T_le_v4SPD16_eabi.lib</file>
         <name>ltoa.c.obj</name>
      </input_file>
      <input_file id="fl-f4">
         <path>C:\ti\ccsv8\tools\compiler\ti-cgt-arm_18.1.3.LTS\lib\</path>
         <kind>archive</kind>
         <file>rtsv7M4_T_le_v4SPD16_eabi.lib</file>
         <name>memccpy.c.obj</name>
      </input_file>
      <input_file id="fl-f5">
         <path>C:\ti\ccsv8\tools\compiler\ti-cgt-arm_18.1.3.LTS\lib\</path>
         <kind>archive</kind>
         <file>rtsv7M4_T_le_v4SPD16_eabi.lib</file>
         <name>memchr.c.obj</name>
      </input_file>
      <input_file id="fl-f6">
         <path>C:\ti\ccsv8\tools\compiler\ti-cgt-arm_18.1.3.LTS\lib\</path>
         <kind>archive</kind>
         <file>rtsv7M4_T_le_v4SPD16_eabi.lib</file>
         <name>strchr.c.obj</name>
      </input_file>
      <input_file id="fl-f7">
         <path>C:\ti\ccsv8\tools\compiler\ti-cgt-arm_18.1.3.LTS\lib\</path>
         <kind>archive</kind>
         <file>rtsv7M4_T_le_v4SPD16_eabi.lib</file>
         <name>strlen.c.obj</name>
      </input_file>
      <input_file id="fl-f8">
         <path>C:\ti\ccsv8\tools\compiler\ti-cgt-arm_18.1.3.LTS\lib\</path>
         <kind>archive</kind>
         <file>rtsv7M4_T_le_v4SPD16_eabi.lib</file>
         <name>write.c.obj</name>
      </input_file>
      <input_file id="fl-f9">
         <path>C:\ti\ccsv8\tools\compiler\ti-cgt-arm_18.1.3.LTS\lib\</path>
         <kind>archive</kind>
         <file>rtsv7M4_T_le_v4SPD16_eabi.lib</file>
         <name>errno.c.obj</name>
      </input_file>
      <input_file id="fl-fa">
         <path>C:\ti\ccsv8\tools\compiler\ti-cgt-arm_18.1.3.LTS\lib\</path>
         <kind>archive</kind>
         <file>rtsv7M4_T_le_v4SPD16_eabi.lib</file>
         <name>s_frexp.c.obj</name>
      </input_file>
      <input_file id="fl-fb">
         <path>C:\ti\ccsv8\tools\compiler\ti-cgt-arm_18.1.3.LTS\lib\</path>
         <kind>archive</kind>
         <file>rtsv7M4_T_le_v4SPD16_eabi.lib</file>
         <name>s_scalbn.c.obj</name>
      </input_file>
      <input_file id="fl-fc">
         <path>C:\ti\ccsv8\tools\compiler\ti-cgt-arm_18.1.3.LTS\lib\</path>
         <kind>archive</kind>
         <file>rtsv7M4_T_le_v4SPD16_eabi.lib</file>
         <name>wcslen.c.obj</name>
      </input_file>
      <input_file id="fl-fd">
         <path>C:\ti\ccsv8\tools\compiler\ti-cgt-arm_18.1.3.LTS\lib\</path>
         <kind>archive</kind>
         <file>rtsv7M4_T_le_v4SPD16_eabi.lib</file>
         <name>s_copysign.c.obj</name>
      </input_file>
      <input_file id="fl-fe">
         <path>C:\ti\ccsv8\tools\compiler\ti-cgt-arm_18.1.3.LTS\lib\</path>
         <kind>archive</kind>
         <file>rtsv7M4_T_le_v4SPD16_eabi.lib</file>
         <name>ull_div_t2.asm.obj</name>
      </input_file>
      <input_file id="fl-ff">
         <path>C:\ti\ccsv8\tools\compiler\ti-cgt-arm_18.1.3.LTS\lib\</path>
         <kind>archive</kind>
         <file>rtsv7M4_T_le_v4SPD16_eabi.lib</file>
         <name>fd_cmp_t2.asm.obj</name>
      </input_file>
      <input_file id="fl-100">
         <path>C:\ti\ccsv8\tools\compiler\ti-cgt-arm_18.1.3.LTS\lib\</path>
         <kind>archive</kind>
         <file>rtsv7M4_T_le_v4SPD16_eabi.lib</file>
         <name>_io_perm.c.obj</name>
      </input_file>
      <input_file id="fl-101">
         <path>C:\ti\ccsv8\tools\compiler\ti-cgt-arm_18.1.3.LTS\lib\</path>
         <kind>archive</kind>
         <file>rtsv7M4_T_le_v4SPD16_eabi.lib</file>
         <name>fflush.c.obj</name>
      </input_file>
      <input_file id="fl-102">
         <path>C:\ti\ccsv8\tools\compiler\ti-cgt-arm_18.1.3.LTS\lib\</path>
         <kind>archive</kind>
         <file>rtsv7M4_T_le_v4SPD16_eabi.lib</file>
         <name>fseek.c.obj</name>
      </input_file>
      <input_file id="fl-103">
         <path>C:\ti\ccsv8\tools\compiler\ti-cgt-arm_18.1.3.LTS\lib\</path>
         <kind>archive</kind>
         <file>rtsv7M4_T_le_v4SPD16_eabi.lib</file>
         <name>lseek.c.obj</name>
      </input_file>
      <input_file id="fl-104">
         <path>C:\ti\ccsv8\tools\compiler\ti-cgt-arm_18.1.3.LTS\lib\</path>
         <kind>archive</kind>
         <file>rtsv7M4_T_le_v4SPD16_eabi.lib</file>
         <name>setvbuf.c.obj</name>
      </input_file>
      <input_file id="fl-105">
         <path>C:\ti\ccsv8\tools\compiler\ti-cgt-arm_18.1.3.LTS\lib\</path>
         <kind>archive</kind>
         <file>rtsv7M4_T_le_v4SPD16_eabi.lib</file>
         <name>hostclose.c.obj</name>
      </input_file>
      <input_file id="fl-106">
         <path>C:\ti\ccsv8\tools\compiler\ti-cgt-arm_18.1.3.LTS\lib\</path>
         <kind>archive</kind>
         <file>rtsv7M4_T_le_v4SPD16_eabi.lib</file>
         <name>hostlseek.c.obj</name>
      </input_file>
      <input_file id="fl-107">
         <path>C:\ti\ccsv8\tools\compiler\ti-cgt-arm_18.1.3.LTS\lib\</path>
         <kind>archive</kind>
         <file>rtsv7M4_T_le_v4SPD16_eabi.lib</file>
         <name>hostopen.c.obj</name>
      </input_file>
      <input_file id="fl-108">
         <path>C:\ti\ccsv8\tools\compiler\ti-cgt-arm_18.1.3.LTS\lib\</path>
         <kind>archive</kind>
         <file>rtsv7M4_T_le_v4SPD16_eabi.lib</file>
         <name>hostread.c.obj</name>
      </input_file>
      <input_file id="fl-109">
         <path>C:\ti\ccsv8\tools\compiler\ti-cgt-arm_18.1.3.LTS\lib\</path>
         <kind>archive</kind>
         <file>rtsv7M4_T_le_v4SPD16_eabi.lib</file>
         <name>hostrename.c.obj</name>
      </input_file>
      <input_file id="fl-10a">
         <path>C:\ti\ccsv8\tools\compiler\ti-cgt-arm_18.1.3.LTS\lib\</path>
         <kind>archive</kind>
         <file>rtsv7M4_T_le_v4SPD16_eabi.lib</file>
         <name>hostunlink.c.obj</name>
      </input_file>
      <input_file id="fl-10b">
         <path>C:\ti\ccsv8\tools\compiler\ti-cgt-arm_18.1.3.LTS\lib\</path>
         <kind>archive</kind>
         <file>rtsv7M4_T_le_v4SPD16_eabi.lib</file>
         <name>hostwrite.c.obj</name>
      </input_file>
      <input_file id="fl-10c">
         <path>C:\ti\ccsv8\tools\compiler\ti-cgt-arm_18.1.3.LTS\lib\</path>
         <kind>archive</kind>
         <file>rtsv7M4_T_le_v4SPD16_eabi.lib</file>
         <name>trgmsg.c.obj</name>
      </input_file>
      <input_file id="fl-10d">
         <path>C:\ti\ccsv8\tools\compiler\ti-cgt-arm_18.1.3.LTS\lib\</path>
         <kind>archive</kind>
         <file>rtsv7M4_T_le_v4SPD16_eabi.lib</file>
         <name>div0.asm.obj</name>
      </input_file>
      <input_file id="fl-10e">
         <path>C:\ti\ccsv8\tools\compiler\ti-cgt-arm_18.1.3.LTS\lib\</path>
         <kind>archive</kind>
         <file>rtsv7M4_T_le_v4SPD16_eabi.lib</file>
         <name>memory.c.obj</name>
      </input_file>
      <input_file id="fl-10f">
         <path>C:\ti\ccsv8\tools\compiler\ti-cgt-arm_18.1.3.LTS\lib\</path>
         <kind>archive</kind>
         <file>rtsv7M4_T_le_v4SPD16_eabi.lib</file>
         <name>fopen.c.obj</name>
      </input_file>
      <input_file id="fl-110">
         <path>C:\ti\ccsv8\tools\compiler\ti-cgt-arm_18.1.3.LTS\lib\</path>
         <kind>archive</kind>
         <file>rtsv7M4_T_le_v4SPD16_eabi.lib</file>
         <name>open.c.obj</name>
      </input_file>
      <input_file id="fl-111">
         <path>C:\ti\ccsv8\tools\compiler\ti-cgt-arm_18.1.3.LTS\lib\</path>
         <kind>archive</kind>
         <file>rtsv7M4_T_le_v4SPD16_eabi.lib</file>
         <name>fclose.c.obj</name>
      </input_file>
      <input_file id="fl-112">
         <path>C:\ti\ccsv8\tools\compiler\ti-cgt-arm_18.1.3.LTS\lib\</path>
         <kind>archive</kind>
         <file>rtsv7M4_T_le_v4SPD16_eabi.lib</file>
         <name>getdevice.c.obj</name>
      </input_file>
      <input_file id="fl-113">
         <path>C:\ti\ccsv8\tools\compiler\ti-cgt-arm_18.1.3.LTS\lib\</path>
         <kind>archive</kind>
         <file>rtsv7M4_T_le_v4SPD16_eabi.lib</file>
         <name>remove.c.obj</name>
      </input_file>
      <input_file id="fl-114">
         <path>C:\ti\ccsv8\tools\compiler\ti-cgt-arm_18.1.3.LTS\lib\</path>
         <kind>archive</kind>
         <file>rtsv7M4_T_le_v4SPD16_eabi.lib</file>
         <name>strcmp.c.obj</name>
      </input_file>
      <input_file id="fl-115">
         <path>C:\ti\ccsv8\tools\compiler\ti-cgt-arm_18.1.3.LTS\lib\</path>
         <kind>archive</kind>
         <file>rtsv7M4_T_le_v4SPD16_eabi.lib</file>
         <name>unlink.c.obj</name>
      </input_file>
      <input_file id="fl-116">
         <path>C:\ti\ccsv8\tools\compiler\ti-cgt-arm_18.1.3.LTS\lib\</path>
         <kind>archive</kind>
         <file>rtsv7M4_T_le_v4SPD16_eabi.lib</file>
         <name>close.c.obj</name>
      </input_file>
   </input_file_list>
   <object_component_list>
      <object_component id="oc-1f">
         <name>.intvecs:retain</name>
         <load_address>0x0</load_address>
         <run_address>0x0</run_address>
         <size>0x140</size>
         <input_file_ref idref="fl-f"/>
      </object_component>
      <object_component id="oc-b2">
         <name>.text</name>
         <load_address>0x140</load_address>
         <run_address>0x140</run_address>
         <size>0x13dc</size>
         <input_file_ref idref="fl-b"/>
      </object_component>
      <object_component id="oc-69">
         <name>.text</name>
         <load_address>0x151c</load_address>
         <run_address>0x151c</run_address>
         <size>0x1270</size>
         <input_file_ref idref="fl-4"/>
      </object_component>
      <object_component id="oc-371">
         <name>.text:__TI_printfi</name>
         <load_address>0x278c</load_address>
         <run_address>0x278c</run_address>
         <size>0xa5e</size>
         <input_file_ref idref="fl-ef"/>
      </object_component>
      <object_component id="oc-3ed">
         <name>.text:_nop</name>
         <load_address>0x31ea</load_address>
         <run_address>0x31ea</run_address>
         <size>0x2</size>
         <input_file_ref idref="fl-ee"/>
      </object_component>
      <object_component id="oc-b8">
         <name>.text</name>
         <load_address>0x31ec</load_address>
         <run_address>0x31ec</run_address>
         <size>0x648</size>
         <input_file_ref idref="fl-a"/>
      </object_component>
      <object_component id="oc-dc">
         <name>.text</name>
         <load_address>0x3834</load_address>
         <run_address>0x3834</run_address>
         <size>0x5d0</size>
         <input_file_ref idref="fl-7"/>
      </object_component>
      <object_component id="oc-10f">
         <name>.text</name>
         <load_address>0x3e04</load_address>
         <run_address>0x3e04</run_address>
         <size>0x3b8</size>
         <input_file_ref idref="fl-5"/>
      </object_component>
      <object_component id="oc-a5">
         <name>.text</name>
         <load_address>0x41bc</load_address>
         <run_address>0x41bc</run_address>
         <size>0x328</size>
         <input_file_ref idref="fl-10"/>
      </object_component>
      <object_component id="oc-46d">
         <name>.text:_pconv_a</name>
         <load_address>0x44e4</load_address>
         <run_address>0x44e4</run_address>
         <size>0x270</size>
         <input_file_ref idref="fl-ef"/>
      </object_component>
      <object_component id="oc-ca">
         <name>.text</name>
         <load_address>0x4754</load_address>
         <run_address>0x4754</run_address>
         <size>0x238</size>
         <input_file_ref idref="fl-c"/>
      </object_component>
      <object_component id="oc-244">
         <name>.text</name>
         <load_address>0x498c</load_address>
         <run_address>0x498c</run_address>
         <size>0x1fc</size>
         <input_file_ref idref="fl-6"/>
      </object_component>
      <object_component id="oc-ac">
         <name>.text</name>
         <load_address>0x4b88</load_address>
         <run_address>0x4b88</run_address>
         <size>0x1f4</size>
         <input_file_ref idref="fl-3"/>
      </object_component>
      <object_component id="oc-45b">
         <name>.text:_pconv_g</name>
         <load_address>0x4d7c</load_address>
         <run_address>0x4d7c</run_address>
         <size>0x1d0</size>
         <input_file_ref idref="fl-ef"/>
      </object_component>
      <object_component id="oc-12e">
         <name>.text</name>
         <load_address>0x4f4c</load_address>
         <run_address>0x4f4c</run_address>
         <size>0x1b6</size>
         <input_file_ref idref="fl-d5"/>
      </object_component>
      <object_component id="oc-558">
         <name>.text</name>
         <load_address>0x5102</load_address>
         <run_address>0x5102</run_address>
         <size>0x2</size>
         <input_file_ref idref="fl-10d"/>
      </object_component>
      <object_component id="oc-467">
         <name>.text:_pconv_e</name>
         <load_address>0x5104</load_address>
         <run_address>0x5104</run_address>
         <size>0x13c</size>
         <input_file_ref idref="fl-ef"/>
      </object_component>
      <object_component id="oc-138">
         <name>.text</name>
         <load_address>0x5240</load_address>
         <run_address>0x5240</run_address>
         <size>0x136</size>
         <input_file_ref idref="fl-d6"/>
      </object_component>
      <object_component id="oc-4fb">
         <name>.text:fcvt</name>
         <load_address>0x5378</load_address>
         <run_address>0x5378</run_address>
         <size>0x120</size>
         <input_file_ref idref="fl-ef"/>
      </object_component>
      <object_component id="oc-495">
         <name>.text:fputs</name>
         <load_address>0x5498</load_address>
         <run_address>0x5498</run_address>
         <size>0x114</size>
         <input_file_ref idref="fl-f2"/>
      </object_component>
      <object_component id="oc-50f">
         <name>.text:scalbn</name>
         <load_address>0x55ac</load_address>
         <run_address>0x55ac</run_address>
         <size>0x110</size>
         <input_file_ref idref="fl-fb"/>
      </object_component>
      <object_component id="oc-d0">
         <name>.text</name>
         <load_address>0x56bc</load_address>
         <run_address>0x56bc</run_address>
         <size>0x10c</size>
         <input_file_ref idref="fl-9"/>
      </object_component>
      <object_component id="oc-432">
         <name>.text:CS_getDCOFrequency</name>
         <load_address>0x57c8</load_address>
         <run_address>0x57c8</run_address>
         <size>0x104</size>
         <input_file_ref idref="fl-17"/>
      </object_component>
      <object_component id="oc-129">
         <name>.text</name>
         <load_address>0x58cc</load_address>
         <run_address>0x58cc</run_address>
         <size>0xfc</size>
         <input_file_ref idref="fl-d7"/>
      </object_component>
      <object_component id="oc-58e">
         <name>.text:setvbuf</name>
         <load_address>0x59c8</load_address>
         <run_address>0x59c8</run_address>
         <size>0xdc</size>
         <input_file_ref idref="fl-104"/>
      </object_component>
      <object_component id="oc-5b8">
         <name>.text:free</name>
         <load_address>0x5aa4</load_address>
         <run_address>0x5aa4</run_address>
         <size>0xd8</size>
         <input_file_ref idref="fl-10e"/>
      </object_component>
      <object_component id="oc-c4">
         <name>.text</name>
         <load_address>0x5b7c</load_address>
         <run_address>0x5b7c</run_address>
         <size>0xc8</size>
         <input_file_ref idref="fl-2"/>
      </object_component>
      <object_component id="oc-3b1">
         <name>.text:privateTimer_AProcessClockSourceDivider</name>
         <load_address>0x5c44</load_address>
         <run_address>0x5c44</run_address>
         <size>0xb2</size>
         <input_file_ref idref="fl-1c"/>
      </object_component>
      <object_component id="oc-450">
         <name>.text:_ltostr</name>
         <load_address>0x5cf8</load_address>
         <run_address>0x5cf8</run_address>
         <size>0xb1</size>
         <input_file_ref idref="fl-ef"/>
      </object_component>
      <object_component id="oc-331">
         <name>.text:CS_startHFXTWithTimeout</name>
         <load_address>0x5dac</load_address>
         <run_address>0x5dac</run_address>
         <size>0x9c</size>
         <input_file_ref idref="fl-17"/>
      </object_component>
      <object_component id="oc-d6">
         <name>.text</name>
         <load_address>0x5e48</load_address>
         <run_address>0x5e48</run_address>
         <size>0x9c</size>
         <input_file_ref idref="fl-8"/>
      </object_component>
      <object_component id="oc-338">
         <name>.text:_CSComputeCLKFrequency</name>
         <load_address>0x5ee4</load_address>
         <run_address>0x5ee4</run_address>
         <size>0x9c</size>
         <input_file_ref idref="fl-17"/>
      </object_component>
      <object_component id="oc-33">
         <name>.text</name>
         <load_address>0x5f80</load_address>
         <run_address>0x5f80</run_address>
         <size>0x9c</size>
         <input_file_ref idref="fl-dd"/>
      </object_component>
      <object_component id="oc-4dc">
         <name>.text</name>
         <load_address>0x601c</load_address>
         <run_address>0x601c</run_address>
         <size>0x96</size>
         <input_file_ref idref="fl-fe"/>
      </object_component>
      <object_component id="oc-456">
         <name>.text:__aeabi_cdcmple</name>
         <load_address>0x60b2</load_address>
         <run_address>0x60b2</run_address>
         <size>0x86</size>
         <input_file_ref idref="fl-ff"/>
      </object_component>
      <object_component id="oc-4e3">
         <name>.text:__aeabi_cdrcmple</name>
         <load_address>0x6138</load_address>
         <run_address>0x6138</run_address>
         <size>0x86</size>
         <input_file_ref idref="fl-ff"/>
      </object_component>
      <object_component id="oc-8d">
         <name>.text</name>
         <load_address>0x61be</load_address>
         <run_address>0x61be</run_address>
         <size>0x7a</size>
         <input_file_ref idref="fl-d4"/>
      </object_component>
      <object_component id="oc-5be">
         <name>.text:malloc</name>
         <load_address>0x6238</load_address>
         <run_address>0x6238</run_address>
         <size>0x78</size>
         <input_file_ref idref="fl-10e"/>
      </object_component>
      <object_component id="oc-603">
         <name>.text:__TI_closefile</name>
         <load_address>0x62b0</load_address>
         <run_address>0x62b0</run_address>
         <size>0x74</size>
         <input_file_ref idref="fl-111"/>
      </object_component>
      <object_component id="oc-41f">
         <name>.text:_CSGetHFXTFrequency</name>
         <load_address>0x6324</load_address>
         <run_address>0x6324</run_address>
         <size>0x70</size>
         <input_file_ref idref="fl-17"/>
      </object_component>
      <object_component id="oc-4f4">
         <name>.text:_mcpy</name>
         <load_address>0x6394</load_address>
         <run_address>0x6394</run_address>
         <size>0x6e</size>
         <input_file_ref idref="fl-ef"/>
      </object_component>
      <object_component id="oc-13d">
         <name>.text</name>
         <load_address>0x6402</load_address>
         <run_address>0x6402</run_address>
         <size>0x6e</size>
         <input_file_ref idref="fl-d9"/>
      </object_component>
      <object_component id="oc-be">
         <name>.text</name>
         <load_address>0x6470</load_address>
         <run_address>0x6470</run_address>
         <size>0x6c</size>
         <input_file_ref idref="fl-d"/>
      </object_component>
      <object_component id="oc-627">
         <name>.text:HOSTlseek</name>
         <load_address>0x64dc</load_address>
         <run_address>0x64dc</run_address>
         <size>0x68</size>
         <input_file_ref idref="fl-106"/>
      </object_component>
      <object_component id="oc-633">
         <name>.text:HOSTrename</name>
         <load_address>0x6544</load_address>
         <run_address>0x6544</run_address>
         <size>0x68</size>
         <input_file_ref idref="fl-109"/>
      </object_component>
      <object_component id="oc-10">
         <name>.text:decompress:lzss:__TI_decompress_lzss</name>
         <load_address>0x65ac</load_address>
         <run_address>0x65ac</run_address>
         <size>0x68</size>
         <input_file_ref idref="fl-e1"/>
      </object_component>
      <object_component id="oc-24a">
         <name>.text:printf</name>
         <load_address>0x6614</load_address>
         <run_address>0x6614</run_address>
         <size>0x68</size>
         <input_file_ref idref="fl-e4"/>
      </object_component>
      <object_component id="oc-f1">
         <name>.text:Interrupt_disableInterrupt</name>
         <load_address>0x667c</load_address>
         <run_address>0x667c</run_address>
         <size>0x64</size>
         <input_file_ref idref="fl-19"/>
      </object_component>
      <object_component id="oc-103">
         <name>.text:Interrupt_enableInterrupt</name>
         <load_address>0x66e0</load_address>
         <run_address>0x66e0</run_address>
         <size>0x64</size>
         <input_file_ref idref="fl-19"/>
      </object_component>
      <object_component id="oc-509">
         <name>.text:frexp</name>
         <load_address>0x6744</load_address>
         <run_address>0x6744</run_address>
         <size>0x64</size>
         <input_file_ref idref="fl-fa"/>
      </object_component>
      <object_component id="oc-588">
         <name>.text:fseek</name>
         <load_address>0x67a8</load_address>
         <run_address>0x67a8</run_address>
         <size>0x64</size>
         <input_file_ref idref="fl-102"/>
      </object_component>
      <object_component id="oc-538">
         <name>.text:__TI_wrt_ok</name>
         <load_address>0x680c</load_address>
         <run_address>0x680c</run_address>
         <size>0x62</size>
         <input_file_ref idref="fl-100"/>
      </object_component>
      <object_component id="oc-60f">
         <name>.text:HOSTopen</name>
         <load_address>0x6870</load_address>
         <run_address>0x6870</run_address>
         <size>0x60</size>
         <input_file_ref idref="fl-107"/>
      </object_component>
      <object_component id="oc-642">
         <name>.text:close</name>
         <load_address>0x68d0</load_address>
         <run_address>0x68d0</run_address>
         <size>0x5c</size>
         <input_file_ref idref="fl-116"/>
      </object_component>
      <object_component id="oc-61b">
         <name>.text:HOSTread</name>
         <load_address>0x692c</load_address>
         <run_address>0x692c</run_address>
         <size>0x58</size>
         <input_file_ref idref="fl-108"/>
      </object_component>
      <object_component id="oc-621">
         <name>.text:HOSTwrite</name>
         <load_address>0x6984</load_address>
         <run_address>0x6984</run_address>
         <size>0x58</size>
         <input_file_ref idref="fl-10b"/>
      </object_component>
      <object_component id="oc-461">
         <name>.text:_pconv_f</name>
         <load_address>0x69dc</load_address>
         <run_address>0x69dc</run_address>
         <size>0x56</size>
         <input_file_ref idref="fl-ef"/>
      </object_component>
      <object_component id="oc-4e8">
         <name>.text:ltoa</name>
         <load_address>0x6a32</load_address>
         <run_address>0x6a32</run_address>
         <size>0x54</size>
         <input_file_ref idref="fl-f3"/>
      </object_component>
      <object_component id="oc-4ee">
         <name>.text:_ecpy</name>
         <load_address>0x6a86</load_address>
         <run_address>0x6a86</run_address>
         <size>0x52</size>
         <input_file_ref idref="fl-ef"/>
      </object_component>
      <object_component id="oc-4d2">
         <name>.text:SysCtl_getTLVInfo</name>
         <load_address>0x6ad8</load_address>
         <run_address>0x6ad8</run_address>
         <size>0x50</size>
         <input_file_ref idref="fl-1a"/>
      </object_component>
      <object_component id="oc-4cc">
         <name>.text:_CSGetDOCFrequency</name>
         <load_address>0x6b28</load_address>
         <run_address>0x6b28</run_address>
         <size>0x4c</size>
         <input_file_ref idref="fl-17"/>
      </object_component>
      <object_component id="oc-544">
         <name>.text:__TI_doflush</name>
         <load_address>0x6b74</load_address>
         <run_address>0x6b74</run_address>
         <size>0x4c</size>
         <input_file_ref idref="fl-101"/>
      </object_component>
      <object_component id="oc-143">
         <name>.text:atoi</name>
         <load_address>0x6bc0</load_address>
         <run_address>0x6bc0</run_address>
         <size>0x4c</size>
         <input_file_ref idref="fl-e2"/>
      </object_component>
      <object_component id="oc-252">
         <name>.text:snprintf</name>
         <load_address>0x6c0c</load_address>
         <run_address>0x6c0c</run_address>
         <size>0x4c</size>
         <input_file_ref idref="fl-e5"/>
      </object_component>
      <object_component id="oc-27c">
         <name>.text:GPIO_setAsPeripheralModuleFunctionInputPin</name>
         <load_address>0x6c58</load_address>
         <run_address>0x6c58</run_address>
         <size>0x48</size>
         <input_file_ref idref="fl-18"/>
      </object_component>
      <object_component id="oc-42c">
         <name>.text:_CSGetDividerValue</name>
         <load_address>0x6ca0</load_address>
         <run_address>0x6ca0</run_address>
         <size>0x48</size>
         <input_file_ref idref="fl-17"/>
      </object_component>
      <object_component id="oc-193">
         <name>.text:exit</name>
         <load_address>0x6ce8</load_address>
         <run_address>0x6ce8</run_address>
         <size>0x48</size>
         <input_file_ref idref="fl-ed"/>
      </object_component>
      <object_component id="oc-133">
         <name>.text</name>
         <load_address>0x6d30</load_address>
         <run_address>0x6d30</run_address>
         <size>0x48</size>
         <input_file_ref idref="fl-d8"/>
      </object_component>
      <object_component id="oc-11e">
         <name>.text:ADC14_getMultiSequenceResult</name>
         <load_address>0x6d78</load_address>
         <run_address>0x6d78</run_address>
         <size>0x44</size>
         <input_file_ref idref="fl-16"/>
      </object_component>
      <object_component id="oc-615">
         <name>.text:HOSTclose</name>
         <load_address>0x6dbc</load_address>
         <run_address>0x6dbc</run_address>
         <size>0x44</size>
         <input_file_ref idref="fl-105"/>
      </object_component>
      <object_component id="oc-62d">
         <name>.text:HOSTunlink</name>
         <load_address>0x6e00</load_address>
         <run_address>0x6e00</run_address>
         <size>0x44</size>
         <input_file_ref idref="fl-10a"/>
      </object_component>
      <object_component id="oc-199">
         <name>.text:__TI_auto_init_nobinit_nopinit:__TI_auto_init_nobinit_nopinit</name>
         <load_address>0x6e44</load_address>
         <run_address>0x6e44</run_address>
         <size>0x44</size>
         <input_file_ref idref="fl-ea"/>
      </object_component>
      <object_component id="oc-671">
         <name>.text:getdevice</name>
         <load_address>0x6e88</load_address>
         <run_address>0x6e88</run_address>
         <size>0x44</size>
         <input_file_ref idref="fl-112"/>
      </object_component>
      <object_component id="oc-1d4">
         <name>.text</name>
         <load_address>0x6ecc</load_address>
         <run_address>0x6ecc</run_address>
         <size>0x44</size>
         <input_file_ref idref="fl-da"/>
      </object_component>
      <object_component id="oc-501">
         <name>.text:_fcpy</name>
         <load_address>0x6f10</load_address>
         <run_address>0x6f10</run_address>
         <size>0x3e</size>
         <input_file_ref idref="fl-ef"/>
      </object_component>
      <object_component id="oc-5f8">
         <name>.text:minsert</name>
         <load_address>0x6f50</load_address>
         <run_address>0x6f50</run_address>
         <size>0x3c</size>
         <input_file_ref idref="fl-10e"/>
      </object_component>
      <object_component id="oc-653">
         <name>.text:__TI_writemsg</name>
         <load_address>0x6f8c</load_address>
         <run_address>0x6f8c</run_address>
         <size>0x38</size>
         <input_file_ref idref="fl-10c"/>
      </object_component>
      <object_component id="oc-51">
         <name>.text:_c_int00_noargs:_c_int00_noargs</name>
         <load_address>0x6fc4</load_address>
         <run_address>0x6fc4</run_address>
         <size>0x38</size>
         <input_file_ref idref="fl-e9"/>
      </object_component>
      <object_component id="oc-5ec">
         <name>.text:minit</name>
         <load_address>0x6ffc</load_address>
         <run_address>0x6ffc</run_address>
         <size>0x38</size>
         <input_file_ref idref="fl-10e"/>
      </object_component>
      <object_component id="oc-124">
         <name>.text</name>
         <load_address>0x7034</load_address>
         <run_address>0x7034</run_address>
         <size>0x38</size>
         <input_file_ref idref="fl-db"/>
      </object_component>
      <object_component id="oc-109">
         <name>.text:strncpy</name>
         <load_address>0x706c</load_address>
         <run_address>0x706c</run_address>
         <size>0x36</size>
         <input_file_ref idref="fl-e8"/>
      </object_component>
      <object_component id="oc-5c4">
         <name>.text:__TI_cleanup</name>
         <load_address>0x70a4</load_address>
         <run_address>0x70a4</run_address>
         <size>0x34</size>
         <input_file_ref idref="fl-10f"/>
      </object_component>
      <object_component id="oc-659">
         <name>.text:__TI_readmsg</name>
         <load_address>0x70d8</load_address>
         <run_address>0x70d8</run_address>
         <size>0x34</size>
         <input_file_ref idref="fl-10c"/>
      </object_component>
      <object_component id="oc-153">
         <name>.text:GPIO_getEnabledInterruptStatus</name>
         <load_address>0x710c</load_address>
         <run_address>0x710c</run_address>
         <size>0x30</size>
         <input_file_ref idref="fl-18"/>
      </object_component>
      <object_component id="oc-288">
         <name>.text:Timer_A_initCapture</name>
         <load_address>0x713c</load_address>
         <run_address>0x713c</run_address>
         <size>0x30</size>
         <input_file_ref idref="fl-1c"/>
      </object_component>
      <object_component id="oc-38d">
         <name>.text:_outs</name>
         <load_address>0x716c</load_address>
         <run_address>0x716c</run_address>
         <size>0x30</size>
         <input_file_ref idref="fl-e5"/>
      </object_component>
      <object_component id="oc-691">
         <name>.text:finddevice</name>
         <load_address>0x719c</load_address>
         <run_address>0x719c</run_address>
         <size>0x30</size>
         <input_file_ref idref="fl-112"/>
      </object_component>
      <object_component id="oc-233">
         <name>.text</name>
         <load_address>0x71cc</load_address>
         <run_address>0x71cc</run_address>
         <size>0x2e</size>
         <input_file_ref idref="fl-dc"/>
      </object_component>
      <object_component id="oc-648">
         <name>.text:unlink</name>
         <load_address>0x71fc</load_address>
         <run_address>0x71fc</run_address>
         <size>0x2c</size>
         <input_file_ref idref="fl-115"/>
      </object_component>
      <object_component id="oc-5b0">
         <name>.text:lseek</name>
         <load_address>0x7228</load_address>
         <run_address>0x7228</run_address>
         <size>0x28</size>
         <input_file_ref idref="fl-103"/>
      </object_component>
      <object_component id="oc-5f2">
         <name>.text:mremove</name>
         <load_address>0x7250</load_address>
         <run_address>0x7250</run_address>
         <size>0x28</size>
         <input_file_ref idref="fl-10e"/>
      </object_component>
      <object_component id="oc-54a">
         <name>.text:write</name>
         <load_address>0x7278</load_address>
         <run_address>0x7278</run_address>
         <size>0x28</size>
         <input_file_ref idref="fl-f8"/>
      </object_component>
      <object_component id="oc-438">
         <name>.text:CS_clearInterruptFlag</name>
         <load_address>0x72a0</load_address>
         <run_address>0x72a0</run_address>
         <size>0x24</size>
         <input_file_ref idref="fl-17"/>
      </object_component>
      <object_component id="oc-282">
         <name>.text:GPIO_setAsOutputPin</name>
         <load_address>0x72c4</load_address>
         <run_address>0x72c4</run_address>
         <size>0x24</size>
         <input_file_ref idref="fl-18"/>
      </object_component>
      <object_component id="oc-28e">
         <name>.text:Timer_A_configureContinuousMode</name>
         <load_address>0x72e8</load_address>
         <run_address>0x72e8</run_address>
         <size>0x24</size>
         <input_file_ref idref="fl-1c"/>
      </object_component>
      <object_component id="oc-53e">
         <name>.text:memchr</name>
         <load_address>0x730c</load_address>
         <run_address>0x730c</run_address>
         <size>0x20</size>
         <input_file_ref idref="fl-f5"/>
      </object_component>
      <object_component id="oc-1cf">
         <name>.text</name>
         <load_address>0x732c</load_address>
         <run_address>0x732c</run_address>
         <size>0x20</size>
         <input_file_ref idref="fl-de"/>
      </object_component>
      <object_component id="oc-258">
         <name>.text:strcat</name>
         <load_address>0x734c</load_address>
         <run_address>0x734c</run_address>
         <size>0x1e</size>
         <input_file_ref idref="fl-e6"/>
      </object_component>
      <object_component id="oc-473">
         <name>.text:memccpy</name>
         <load_address>0x736a</load_address>
         <run_address>0x736a</run_address>
         <size>0x1c</size>
         <input_file_ref idref="fl-f4"/>
      </object_component>
      <object_component id="oc-f7">
         <name>.text:Timer_A_clearCaptureCompareInterrupt</name>
         <load_address>0x7386</load_address>
         <run_address>0x7386</run_address>
         <size>0x1a</size>
         <input_file_ref idref="fl-1c"/>
      </object_component>
      <object_component id="oc-1f1">
         <name>.text:CS_getACLK</name>
         <load_address>0x73a0</load_address>
         <run_address>0x73a0</run_address>
         <size>0x18</size>
         <input_file_ref idref="fl-17"/>
      </object_component>
      <object_component id="oc-1eb">
         <name>.text:CS_getMCLK</name>
         <load_address>0x73b8</load_address>
         <run_address>0x73b8</run_address>
         <size>0x18</size>
         <input_file_ref idref="fl-17"/>
      </object_component>
      <object_component id="oc-1e5">
         <name>.text:CS_getSMCLK</name>
         <load_address>0x73d0</load_address>
         <run_address>0x73d0</run_address>
         <size>0x18</size>
         <input_file_ref idref="fl-17"/>
      </object_component>
      <object_component id="oc-159">
         <name>.text:GPIO_clearInterruptFlag</name>
         <load_address>0x73e8</load_address>
         <run_address>0x73e8</run_address>
         <size>0x18</size>
         <input_file_ref idref="fl-18"/>
      </object_component>
      <object_component id="oc-270">
         <name>.text:GPIO_setOutputLowOnPin</name>
         <load_address>0x7400</load_address>
         <run_address>0x7400</run_address>
         <size>0x18</size>
         <input_file_ref idref="fl-18"/>
      </object_component>
      <object_component id="oc-393">
         <name>.text:_outc</name>
         <load_address>0x7418</load_address>
         <run_address>0x7418</run_address>
         <size>0x18</size>
         <input_file_ref idref="fl-e5"/>
      </object_component>
      <object_component id="oc-6a4">
         <name>.text:strcmp</name>
         <load_address>0x7430</load_address>
         <run_address>0x7430</run_address>
         <size>0x18</size>
         <input_file_ref idref="fl-114"/>
      </object_component>
      <object_component id="oc-515">
         <name>.text:strchr</name>
         <load_address>0x7448</load_address>
         <run_address>0x7448</run_address>
         <size>0x16</size>
         <input_file_ref idref="fl-f6"/>
      </object_component>
      <object_component id="oc-1d9">
         <name>.text:CS_setExternalClockSourceFrequency</name>
         <load_address>0x7460</load_address>
         <run_address>0x7460</run_address>
         <size>0x14</size>
         <input_file_ref idref="fl-17"/>
      </object_component>
      <object_component id="oc-276">
         <name>.text:GPIO_setOutputHighOnPin</name>
         <load_address>0x7474</load_address>
         <run_address>0x7474</run_address>
         <size>0x14</size>
         <input_file_ref idref="fl-18"/>
      </object_component>
      <object_component id="oc-eb">
         <name>.text:SysTick_disableModule</name>
         <load_address>0x7488</load_address>
         <run_address>0x7488</run_address>
         <size>0x14</size>
         <input_file_ref idref="fl-1b"/>
      </object_component>
      <object_component id="oc-56c">
         <name>.text:copysign</name>
         <load_address>0x749c</load_address>
         <run_address>0x749c</run_address>
         <size>0x14</size>
         <input_file_ref idref="fl-fd"/>
      </object_component>
      <object_component id="oc-149">
         <name>.text:strcpy</name>
         <load_address>0x74b0</load_address>
         <run_address>0x74b0</run_address>
         <size>0x14</size>
         <input_file_ref idref="fl-e7"/>
      </object_component>
      <object_component id="oc-44a">
         <name>.text:strlen</name>
         <load_address>0x74c4</load_address>
         <run_address>0x74c4</run_address>
         <size>0x14</size>
         <input_file_ref idref="fl-f7"/>
      </object_component>
      <object_component id="oc-3f">
         <name>.text:decompress:ZI:__TI_zero_init_nomemset:__TI_zero_init_nomemset</name>
         <load_address>0x74d8</load_address>
         <run_address>0x74d8</run_address>
         <size>0x12</size>
         <input_file_ref idref="fl-df"/>
      </object_component>
      <object_component id="oc-63">
         <name>.text</name>
         <load_address>0x74ea</load_address>
         <run_address>0x74ea</run_address>
         <size>0x12</size>
         <input_file_ref idref="fl-f"/>
      </object_component>
      <object_component id="oc-479">
         <name>.text:wcslen</name>
         <load_address>0x74fc</load_address>
         <run_address>0x74fc</run_address>
         <size>0x12</size>
         <input_file_ref idref="fl-fc"/>
      </object_component>
      <object_component id="oc-2f6">
         <name>.text:GPIO_getInterruptStatus</name>
         <load_address>0x7510</load_address>
         <run_address>0x7510</run_address>
         <size>0x10</size>
         <input_file_ref idref="fl-18"/>
      </object_component>
      <object_component id="oc-294">
         <name>.text:Interrupt_enableMaster</name>
         <load_address>0x7520</load_address>
         <run_address>0x7520</run_address>
         <size>0x10</size>
         <input_file_ref idref="fl-19"/>
      </object_component>
      <object_component id="oc-419">
         <name>.text:SysCtl_disableNMISource</name>
         <load_address>0x7530</load_address>
         <run_address>0x7530</run_address>
         <size>0x10</size>
         <input_file_ref idref="fl-1a"/>
      </object_component>
      <object_component id="oc-425">
         <name>.text:SysCtl_enableNMISource</name>
         <load_address>0x7540</load_address>
         <run_address>0x7540</run_address>
         <size>0x10</size>
         <input_file_ref idref="fl-1a"/>
      </object_component>
      <object_component id="oc-fd">
         <name>.text:Timer_A_getCaptureCompareCount</name>
         <load_address>0x7550</load_address>
         <run_address>0x7550</run_address>
         <size>0xe</size>
         <input_file_ref idref="fl-1c"/>
      </object_component>
      <object_component id="oc-16">
         <name>.text:decompress:none:__TI_decompress_none</name>
         <load_address>0x755e</load_address>
         <run_address>0x755e</run_address>
         <size>0xe</size>
         <input_file_ref idref="fl-e0"/>
      </object_component>
      <object_component id="oc-3b8">
         <name>.text:CPU_cpsie</name>
         <load_address>0x756c</load_address>
         <run_address>0x756c</run_address>
         <size>0xc</size>
         <input_file_ref idref="fl-1e"/>
      </object_component>
      <object_component id="oc-413">
         <name>.text:SysCtl_getNMISourceStatus</name>
         <load_address>0x7578</load_address>
         <run_address>0x7578</run_address>
         <size>0xc</size>
         <input_file_ref idref="fl-1a"/>
      </object_component>
      <object_component id="oc-213">
         <name>.text:Timer32_disableInterrupt</name>
         <load_address>0x7584</load_address>
         <run_address>0x7584</run_address>
         <size>0xa</size>
         <input_file_ref idref="fl-1d"/>
      </object_component>
      <object_component id="oc-219">
         <name>.text:Timer32_enableInterrupt</name>
         <load_address>0x758e</load_address>
         <run_address>0x758e</run_address>
         <size>0xa</size>
         <input_file_ref idref="fl-1d"/>
      </object_component>
      <object_component id="oc-29a">
         <name>.text:Timer_A_startCounter</name>
         <load_address>0x7598</load_address>
         <run_address>0x7598</run_address>
         <size>0x8</size>
         <input_file_ref idref="fl-1c"/>
      </object_component>
      <object_component id="oc-47f">
         <name>.text:__aeabi_errno_addr</name>
         <load_address>0x75a0</load_address>
         <run_address>0x75a0</run_address>
         <size>0x8</size>
         <input_file_ref idref="fl-f9"/>
      </object_component>
      <object_component id="oc-1df">
         <name>.text:CS_startHFXT</name>
         <load_address>0x75a8</load_address>
         <run_address>0x75a8</run_address>
         <size>0x6</size>
         <input_file_ref idref="fl-17"/>
      </object_component>
      <object_component id="oc-380">
         <name>.text:_outc</name>
         <load_address>0x75ae</load_address>
         <run_address>0x75ae</run_address>
         <size>0x4</size>
         <input_file_ref idref="fl-e4"/>
      </object_component>
      <object_component id="oc-37a">
         <name>.text:_outs</name>
         <load_address>0x75b2</load_address>
         <run_address>0x75b2</run_address>
         <size>0x4</size>
         <input_file_ref idref="fl-e4"/>
      </object_component>
      <object_component id="oc-93">
         <name>.text:_system_pre_init</name>
         <load_address>0x75b6</load_address>
         <run_address>0x75b6</run_address>
         <size>0x4</size>
         <input_file_ref idref="fl-eb"/>
      </object_component>
      <object_component id="oc-18d">
         <name>.text:abort:abort</name>
         <load_address>0x75ba</load_address>
         <run_address>0x75ba</run_address>
         <size>0x4</size>
         <input_file_ref idref="fl-ed"/>
      </object_component>
      <object_component id="oc-21f">
         <name>.const:.string:Font</name>
         <load_address>0x75c0</load_address>
         <run_address>0x75c0</run_address>
         <size>0x4fb</size>
         <input_file_ref idref="fl-b"/>
      </object_component>
      <object_component id="oc-22a">
         <name>.const:.string:dBfs</name>
         <load_address>0x7abb</load_address>
         <run_address>0x7abb</run_address>
         <size>0x200</size>
         <input_file_ref idref="fl-b"/>
      </object_component>
      <object_component id="oc-2e8">
         <name>.const:.string:_ctypes_</name>
         <load_address>0x7cbb</load_address>
         <run_address>0x7cbb</run_address>
         <size>0x101</size>
         <input_file_ref idref="fl-e3"/>
      </object_component>
      <object_component id="oc-2dd">
         <name>.const:_ctlRegs</name>
         <load_address>0x7dbc</load_address>
         <run_address>0x7dbc</run_address>
         <size>0x80</size>
         <input_file_ref idref="fl-16"/>
      </object_component>
      <object_component id="oc-201">
         <name>.const:.string:Bcmd</name>
         <load_address>0x7e3c</load_address>
         <run_address>0x7e3c</run_address>
         <size>0x67</size>
         <input_file_ref idref="fl-b"/>
      </object_component>
      <object_component id="oc-2c9">
         <name>.const</name>
         <load_address>0x7ea4</load_address>
         <run_address>0x7ea4</run_address>
         <size>0x40</size>
         <input_file_ref idref="fl-19"/>
      </object_component>
      <object_component id="oc-207">
         <name>.const:.string:Rcmd1</name>
         <load_address>0x7ee4</load_address>
         <run_address>0x7ee4</run_address>
         <size>0x3b</size>
         <input_file_ref idref="fl-b"/>
      </object_component>
      <object_component id="oc-210">
         <name>.const:.string:Rcmd3</name>
         <load_address>0x7f1f</load_address>
         <run_address>0x7f1f</run_address>
         <size>0x2b</size>
         <input_file_ref idref="fl-b"/>
      </object_component>
      <object_component id="oc-269">
         <name>.const:uartConfig</name>
         <load_address>0x7f4c</load_address>
         <run_address>0x7f4c</run_address>
         <size>0x24</size>
         <input_file_ref idref="fl-d"/>
      </object_component>
      <object_component id="oc-2a0">
         <name>.const:Prox_captureModeConfig</name>
         <load_address>0x7f70</load_address>
         <run_address>0x7f70</run_address>
         <size>0x18</size>
         <input_file_ref idref="fl-9"/>
      </object_component>
      <object_component id="oc-238">
         <name>.const:RTCi2cConfig</name>
         <load_address>0x7f88</load_address>
         <run_address>0x7f88</run_address>
         <size>0x14</size>
         <input_file_ref idref="fl-a"/>
      </object_component>
      <object_component id="oc-2a3">
         <name>.const:Prox_continuousModeConfig</name>
         <load_address>0x7f9c</load_address>
         <run_address>0x7f9c</run_address>
         <size>0x10</size>
         <input_file_ref idref="fl-9"/>
      </object_component>
      <object_component id="oc-20a">
         <name>.const:.string:Rcmd2green</name>
         <load_address>0x7fac</load_address>
         <run_address>0x7fac</run_address>
         <size>0xd</size>
         <input_file_ref idref="fl-b"/>
      </object_component>
      <object_component id="oc-20d">
         <name>.const:.string:Rcmd2red</name>
         <load_address>0x7fb9</load_address>
         <run_address>0x7fb9</run_address>
         <size>0xd</size>
         <input_file_ref idref="fl-b"/>
      </object_component>
      <object_component id="oc-36b">
         <name>.const:.string:$P$T0$1</name>
         <load_address>0x7fc6</load_address>
         <run_address>0x7fc6</run_address>
         <size>0x3</size>
         <input_file_ref idref="fl-6"/>
      </object_component>
      <object_component id="oc-6db">
         <name>.cinit..data.load</name>
         <load_address>0x7fd0</load_address>
         <run_address>0x7fd0</run_address>
         <size>0xe7</size>
      </object_component>
      <object_component id="oc-6d9">
         <name>__TI_handler_table</name>
         <load_address>0x80b8</load_address>
         <run_address>0x80b8</run_address>
         <size>0xc</size>
      </object_component>
      <object_component id="oc-6dc">
         <name>.cinit..bss.load</name>
         <load_address>0x80c8</load_address>
         <run_address>0x80c8</run_address>
         <size>0x8</size>
      </object_component>
      <object_component id="oc-6da">
         <name>__TI_cinit_table</name>
         <load_address>0x80d0</load_address>
         <run_address>0x80d0</run_address>
         <size>0x10</size>
      </object_component>
      <object_component id="oc-1fa">
         <name>.data:pwmConfigA0</name>
         <load_address>0x20000a24</load_address>
         <run_address>0x20000a24</run_address>
         <size>0x18</size>
         <input_file_ref idref="fl-3"/>
      </object_component>
      <object_component id="oc-1f7">
         <name>.data:pwmConfigA3</name>
         <load_address>0x20000a3c</load_address>
         <run_address>0x20000a3c</run_address>
         <size>0x18</size>
         <input_file_ref idref="fl-3"/>
      </object_component>
      <object_component id="oc-e5">
         <name>.data</name>
         <load_address>0x200009e8</load_address>
         <run_address>0x200009e8</run_address>
         <size>0x24</size>
         <input_file_ref idref="fl-4"/>
      </object_component>
      <object_component id="oc-115">
         <name>.data:user_entry</name>
         <load_address>0x20000a68</load_address>
         <run_address>0x20000a68</run_address>
         <size>0x14</size>
         <input_file_ref idref="fl-4"/>
      </object_component>
      <object_component id="oc-14f">
         <name>.data:BacklightpwmConfig</name>
         <load_address>0x20000a0c</load_address>
         <run_address>0x20000a0c</run_address>
         <size>0x18</size>
         <input_file_ref idref="fl-4"/>
      </object_component>
      <object_component id="oc-36e">
         <name>.data</name>
         <load_address>0x20000ab6</load_address>
         <run_address>0x20000ab6</run_address>
         <size>0x1</size>
         <input_file_ref idref="fl-6"/>
      </object_component>
      <object_component id="oc-204">
         <name>.data</name>
         <load_address>0x20000a54</load_address>
         <run_address>0x20000a54</run_address>
         <size>0x14</size>
         <input_file_ref idref="fl-b"/>
      </object_component>
      <object_component id="oc-26e">
         <name>.data</name>
         <load_address>0x20000ab4</load_address>
         <run_address>0x20000ab4</run_address>
         <size>0x2</size>
         <input_file_ref idref="fl-c"/>
      </object_component>
      <object_component id="oc-1cb">
         <name>.data</name>
         <load_address>0x20000ab0</load_address>
         <run_address>0x20000ab0</run_address>
         <size>0x4</size>
         <input_file_ref idref="fl-10"/>
      </object_component>
      <object_component id="oc-2fc">
         <name>.data:GPIO_PORT_TO_BASE</name>
         <load_address>0x200009b8</load_address>
         <run_address>0x200009b8</run_address>
         <size>0x30</size>
         <input_file_ref idref="fl-18"/>
      </object_component>
      <object_component id="oc-309">
         <name>.data:$O1$$</name>
         <load_address>0x20000a8c</load_address>
         <run_address>0x20000a8c</run_address>
         <size>0xc</size>
         <input_file_ref idref="fl-ed"/>
      </object_component>
      <object_component id="oc-30c">
         <name>.data:$O1$$</name>
         <load_address>0x20000aa4</load_address>
         <run_address>0x20000aa4</run_address>
         <size>0x8</size>
         <input_file_ref idref="fl-ee"/>
      </object_component>
      <object_component id="oc-377">
         <name>.data:_ftable</name>
         <load_address>0x20000800</load_address>
         <run_address>0x20000800</run_address>
         <size>0xf0</size>
         <input_file_ref idref="fl-f1"/>
      </object_component>
      <object_component id="oc-609">
         <name>.data</name>
         <load_address>0x20000a7c</load_address>
         <run_address>0x20000a7c</run_address>
         <size>0x10</size>
         <input_file_ref idref="fl-f1"/>
      </object_component>
      <object_component id="oc-5d7">
         <name>.data:_device</name>
         <load_address>0x200008f0</load_address>
         <run_address>0x200008f0</run_address>
         <size>0x78</size>
         <input_file_ref idref="fl-f8"/>
      </object_component>
      <object_component id="oc-59a">
         <name>.data:_stream</name>
         <load_address>0x20000968</load_address>
         <run_address>0x20000968</run_address>
         <size>0x50</size>
         <input_file_ref idref="fl-f8"/>
      </object_component>
      <object_component id="oc-525">
         <name>.data</name>
         <load_address>0x20000aac</load_address>
         <run_address>0x20000aac</run_address>
         <size>0x4</size>
         <input_file_ref idref="fl-f9"/>
      </object_component>
      <object_component id="oc-5fe">
         <name>.data:$O1$$</name>
         <load_address>0x20000a98</load_address>
         <run_address>0x20000a98</run_address>
         <size>0xc</size>
         <input_file_ref idref="fl-10e"/>
      </object_component>
      <object_component id="oc-e2">
         <name>.bss:resultsBuffer</name>
         <uninitialized>true</uninitialized>
         <run_address>0x20000cb0</run_address>
         <size>0x4</size>
         <input_file_ref idref="fl-4"/>
      </object_component>
      <object_component id="oc-1fe">
         <name>.bss</name>
         <uninitialized>true</uninitialized>
         <run_address>0x20000cac</run_address>
         <size>0x4</size>
         <input_file_ref idref="fl-b"/>
      </object_component>
      <object_component id="oc-67b">
         <name>.bss:_CIOBUF_</name>
         <uninitialized>true</uninitialized>
         <run_address>0x20000ab8</run_address>
         <size>0x120</size>
         <input_file_ref idref="fl-10c"/>
      </object_component>
      <object_component id="oc-e8">
         <name>.common:rcv_byte</name>
         <uninitialized>true</uninitialized>
         <run_address>0x20000d35</run_address>
         <size>0x1</size>
      </object_component>
      <object_component id="oc-142">
         <name>.common:TimeDate</name>
         <uninitialized>true</uninitialized>
         <run_address>0x20000c78</run_address>
         <size>0x14</size>
      </object_component>
      <object_component id="oc-152">
         <name>.common:TempVal</name>
         <uninitialized>true</uninitialized>
         <run_address>0x20000cb8</run_address>
         <size>0x4</size>
      </object_component>
      <object_component id="oc-118">
         <name>.common:m_seconds</name>
         <uninitialized>true</uninitialized>
         <run_address>0x20000d14</run_address>
         <size>0x4</size>
      </object_component>
      <object_component id="oc-119">
         <name>.common:m_minutes</name>
         <uninitialized>true</uninitialized>
         <run_address>0x20000d0c</run_address>
         <size>0x4</size>
      </object_component>
      <object_component id="oc-11a">
         <name>.common:m_hours</name>
         <uninitialized>true</uninitialized>
         <run_address>0x20000d08</run_address>
         <size>0x4</size>
      </object_component>
      <object_component id="oc-11b">
         <name>.common:m_date</name>
         <uninitialized>true</uninitialized>
         <run_address>0x20000d04</run_address>
         <size>0x4</size>
      </object_component>
      <object_component id="oc-11c">
         <name>.common:m_month</name>
         <uninitialized>true</uninitialized>
         <run_address>0x20000d10</run_address>
         <size>0x4</size>
      </object_component>
      <object_component id="oc-11d">
         <name>.common:m_year</name>
         <uninitialized>true</uninitialized>
         <run_address>0x20000d18</run_address>
         <size>0x4</size>
      </object_component>
      <object_component id="oc-263">
         <name>.common:day</name>
         <uninitialized>true</uninitialized>
         <run_address>0x20000cd4</run_address>
         <size>0x4</size>
      </object_component>
      <object_component id="oc-267">
         <name>.common:actual_day</name>
         <uninitialized>true</uninitialized>
         <run_address>0x20000c98</run_address>
         <size>0xc</size>
      </object_component>
      <object_component id="oc-23b">
         <name>.common:bcdSeconds</name>
         <uninitialized>true</uninitialized>
         <run_address>0x20000d33</run_address>
         <size>0x1</size>
      </object_component>
      <object_component id="oc-23e">
         <name>.common:bcdMinutes</name>
         <uninitialized>true</uninitialized>
         <run_address>0x20000d31</run_address>
         <size>0x1</size>
      </object_component>
      <object_component id="oc-23f">
         <name>.common:bcdHours</name>
         <uninitialized>true</uninitialized>
         <run_address>0x20000d30</run_address>
         <size>0x1</size>
      </object_component>
      <object_component id="oc-240">
         <name>.common:bcdDay</name>
         <uninitialized>true</uninitialized>
         <run_address>0x20000d2f</run_address>
         <size>0x1</size>
      </object_component>
      <object_component id="oc-241">
         <name>.common:bcdDate</name>
         <uninitialized>true</uninitialized>
         <run_address>0x20000d2e</run_address>
         <size>0x1</size>
      </object_component>
      <object_component id="oc-242">
         <name>.common:bcdMonth</name>
         <uninitialized>true</uninitialized>
         <run_address>0x20000d32</run_address>
         <size>0x1</size>
      </object_component>
      <object_component id="oc-243">
         <name>.common:bcdYear</name>
         <uninitialized>true</uninitialized>
         <run_address>0x20000d34</run_address>
         <size>0x1</size>
      </object_component>
      <object_component id="oc-250">
         <name>.common:TempInt</name>
         <uninitialized>true</uninitialized>
         <run_address>0x20000d2d</run_address>
         <size>0x1</size>
      </object_component>
      <object_component id="oc-251">
         <name>.common:TempFrac</name>
         <uninitialized>true</uninitialized>
         <run_address>0x20000d2c</run_address>
         <size>0x1</size>
      </object_component>
      <object_component id="oc-25e">
         <name>.common:seconds</name>
         <uninitialized>true</uninitialized>
         <run_address>0x20000d24</run_address>
         <size>0x4</size>
      </object_component>
      <object_component id="oc-261">
         <name>.common:minutes</name>
         <uninitialized>true</uninitialized>
         <run_address>0x20000d1c</run_address>
         <size>0x4</size>
      </object_component>
      <object_component id="oc-262">
         <name>.common:hours</name>
         <uninitialized>true</uninitialized>
         <run_address>0x20000cdc</run_address>
         <size>0x4</size>
      </object_component>
      <object_component id="oc-264">
         <name>.common:date</name>
         <uninitialized>true</uninitialized>
         <run_address>0x20000cd0</run_address>
         <size>0x4</size>
      </object_component>
      <object_component id="oc-265">
         <name>.common:month</name>
         <uninitialized>true</uninitialized>
         <run_address>0x20000d20</run_address>
         <size>0x4</size>
      </object_component>
      <object_component id="oc-266">
         <name>.common:year</name>
         <uninitialized>true</uninitialized>
         <run_address>0x20000d28</run_address>
         <size>0x4</size>
      </object_component>
      <object_component id="oc-2d9">
         <name>.common:addr_pointer</name>
         <uninitialized>true</uninitialized>
         <run_address>0x20000ccc</run_address>
         <size>0x4</size>
      </object_component>
      <object_component id="oc-2ab">
         <name>.common:lcd_seconds</name>
         <uninitialized>true</uninitialized>
         <run_address>0x20000cf4</run_address>
         <size>0x4</size>
      </object_component>
      <object_component id="oc-2a8">
         <name>.common:lcd_minutes</name>
         <uninitialized>true</uninitialized>
         <run_address>0x20000cec</run_address>
         <size>0x4</size>
      </object_component>
      <object_component id="oc-2af">
         <name>.common:lcd_hours</name>
         <uninitialized>true</uninitialized>
         <run_address>0x20000ce8</run_address>
         <size>0x4</size>
      </object_component>
      <object_component id="oc-2b1">
         <name>.common:lcd_day</name>
         <uninitialized>true</uninitialized>
         <run_address>0x20000ce4</run_address>
         <size>0x4</size>
      </object_component>
      <object_component id="oc-2ad">
         <name>.common:lcd_date</name>
         <uninitialized>true</uninitialized>
         <run_address>0x20000ce0</run_address>
         <size>0x4</size>
      </object_component>
      <object_component id="oc-2ac">
         <name>.common:lcd_month</name>
         <uninitialized>true</uninitialized>
         <run_address>0x20000cf0</run_address>
         <size>0x4</size>
      </object_component>
      <object_component id="oc-2ae">
         <name>.common:lcd_year</name>
         <uninitialized>true</uninitialized>
         <run_address>0x20000cfc</run_address>
         <size>0x4</size>
      </object_component>
      <object_component id="oc-2b0">
         <name>.common:lcd_temp</name>
         <uninitialized>true</uninitialized>
         <run_address>0x20000cf8</run_address>
         <size>0x4</size>
      </object_component>
      <object_component id="oc-222">
         <name>.common:Message</name>
         <uninitialized>true</uninitialized>
         <run_address>0x20000c8c</run_address>
         <size>0xc</size>
      </object_component>
      <object_component id="oc-225">
         <name>.common:Messageindex</name>
         <uninitialized>true</uninitialized>
         <run_address>0x20000cb4</run_address>
         <size>0x4</size>
      </object_component>
      <object_component id="oc-226">
         <name>.common:Ymax</name>
         <uninitialized>true</uninitialized>
         <run_address>0x20000cc0</run_address>
         <size>0x4</size>
      </object_component>
      <object_component id="oc-227">
         <name>.common:Ymin</name>
         <uninitialized>true</uninitialized>
         <run_address>0x20000cc4</run_address>
         <size>0x4</size>
      </object_component>
      <object_component id="oc-229">
         <name>.common:X</name>
         <uninitialized>true</uninitialized>
         <run_address>0x20000cbc</run_address>
         <size>0x4</size>
      </object_component>
      <object_component id="oc-228">
         <name>.common:Yrange</name>
         <uninitialized>true</uninitialized>
         <run_address>0x20000cc8</run_address>
         <size>0x4</size>
      </object_component>
      <object_component id="oc-32f">
         <name>.common:hfxtFreq</name>
         <uninitialized>true</uninitialized>
         <run_address>0x20000cd8</run_address>
         <size>0x4</size>
      </object_component>
      <object_component id="oc-32c">
         <name>.common:lfxtFreq</name>
         <uninitialized>true</uninitialized>
         <run_address>0x20000d00</run_address>
         <size>0x4</size>
      </object_component>
      <object_component id="oc-64e">
         <name>.common:__TI_tmpnams</name>
         <uninitialized>true</uninitialized>
         <run_address>0x20000bd8</run_address>
         <size>0xa0</size>
      </object_component>
      <object_component id="oc-65f">
         <name>.common:parmbuf</name>
         <uninitialized>true</uninitialized>
         <run_address>0x20000ca4</run_address>
         <size>0x8</size>
      </object_component>
      <object_component id="oc-25">
         <name>.sysmem</name>
         <uninitialized>true</uninitialized>
         <run_address>0x20000000</run_address>
         <size>0x8</size>
         <input_file_ref idref="fl-10e"/>
      </object_component>
      <object_component id="oc-6de">
         <name>.sysmem</name>
         <uninitialized>true</uninitialized>
         <run_address>0x20000000</run_address>
         <size>0x0</size>
      </object_component>
      <object_component id="oc-22">
         <name>.stack</name>
         <uninitialized>true</uninitialized>
         <run_address>0x2000fe00</run_address>
         <size>0x4</size>
         <input_file_ref idref="fl-e9"/>
      </object_component>
      <object_component id="oc-6dd">
         <name>.stack</name>
         <uninitialized>true</uninitialized>
         <run_address>0x2000fe00</run_address>
         <size>0x0</size>
      </object_component>
      <object_component id="oc-307">
         <name>.debug_info</name>
         <load_address>0x0</load_address>
[...]
         <value>0x667d</value>
         <object_component_ref idref="oc-f1"/>
      </symbol>
      <symbol id="sm-775">
         <name>Interrupt_enableMaster</name>
         <value>0x7521</value>
         <object_component_ref idref="oc-294"/>
      </symbol>
      <symbol id="sm-776">
         <name>Interrupt_enableInterrupt</name>
         <value>0x66e1</value>
         <object_component_ref idref="oc-103"/>
      </symbol>
      <symbol id="sm-7a9">
         <name>SysCtl_getNMISourceStatus</name>
         <value>0x7579</value>
         <object_component_ref idref="oc-413"/>
      </symbol>
      <symbol id="sm-7aa">
         <name>SysCtl_enableNMISource</name>
         <value>0x7541</value>
         <object_component_ref idref="oc-425"/>
      </symbol>
      <symbol id="sm-7ab">
         <name>SysCtl_disableNMISource</name>
         <value>0x7531</value>
         <object_component_ref idref="oc-419"/>
      </symbol>
      <symbol id="sm-7ac">
         <name>SysCtl_getTLVInfo</name>
         <value>0x6ad9</value>
         <object_component_ref idref="oc-4d2"/>
      </symbol>
      <symbol id="sm-7b8">
         <name>SysTick_disableModule</name>
         <value>0x7489</value>
         <object_component_ref idref="oc-eb"/>
      </symbol>
      <symbol id="sm-7ff">
         <name>Timer_A_clearCaptureCompareInterrupt</name>
         <value>0x7387</value>
         <object_component_ref idref="oc-f7"/>
      </symbol>
      <symbol id="sm-800">
         <name>Timer_A_startCounter</name>
         <value>0x7599</value>
         <object_component_ref idref="oc-29a"/>
      </symbol>
      <symbol id="sm-801">
         <name>Timer_A_initCapture</name>
         <value>0x713d</value>
         <object_component_ref idref="oc-288"/>
      </symbol>
      <symbol id="sm-802">
         <name>Timer_A_getCaptureCompareCount</name>
         <value>0x7551</value>
         <object_component_ref idref="oc-fd"/>
      </symbol>
      <symbol id="sm-803">
         <name>Timer_A_configureContinuousMode</name>
         <value>0x72e9</value>
         <object_component_ref idref="oc-28e"/>
      </symbol>
      <symbol id="sm-818">
         <name>Timer32_enableInterrupt</name>
         <value>0x758f</value>
         <object_component_ref idref="oc-219"/>
      </symbol>
      <symbol id="sm-819">
         <name>Timer32_disableInterrupt</name>
         <value>0x7585</value>
         <object_component_ref idref="oc-213"/>
      </symbol>
      <symbol id="sm-823">
         <name>CPU_cpsie</name>
         <value>0x756d</value>
         <object_component_ref idref="oc-3b8"/>
      </symbol>
      <symbol id="sm-832">
         <name>__aeabi_memset</name>
         <value>0x61c1</value>
         <object_component_ref idref="oc-8d"/>
      </symbol>
      <symbol id="sm-833">
         <name>memset</name>
         <value>0x61c7</value>
         <object_component_ref idref="oc-8d"/>
      </symbol>
      <symbol id="sm-834">
         <name>__aeabi_memset8</name>
         <value>0x61c1</value>
         <object_component_ref idref="oc-8d"/>
      </symbol>
      <symbol id="sm-835">
         <name>__aeabi_memset4</name>
         <value>0x61c1</value>
         <object_component_ref idref="oc-8d"/>
      </symbol>
      <symbol id="sm-836">
         <name>__aeabi_memclr8</name>
         <value>0x61bf</value>
         <object_component_ref idref="oc-8d"/>
      </symbol>
      <symbol id="sm-837">
         <name>__aeabi_memclr4</name>
         <value>0x61bf</value>
         <object_component_ref idref="oc-8d"/>
      </symbol>
      <symbol id="sm-838">
         <name>__aeabi_memclr</name>
         <value>0x61bf</value>
         <object_component_ref idref="oc-8d"/>
      </symbol>
      <symbol id="sm-84f">
         <name>__aeabi_dsub</name>
         <value>0x4f4d</value>
         <object_component_ref idref="oc-12e"/>
      </symbol>
      <symbol id="sm-850">
         <name>__aeabi_dadd</name>
         <value>0x4f57</value>
         <object_component_ref idref="oc-12e"/>
      </symbol>
      <symbol id="sm-864">
         <name>__aeabi_ddiv</name>
         <value>0x5241</value>
         <object_component_ref idref="oc-138"/>
      </symbol>
      <symbol id="sm-86f">
         <name>__aeabi_dmul</name>
         <value>0x58cd</value>
         <object_component_ref idref="oc-129"/>
      </symbol>
      <symbol id="sm-879">
         <name>__aeabi_d2iz</name>
         <value>0x6d31</value>
         <object_component_ref idref="oc-133"/>
      </symbol>
      <symbol id="sm-885">
         <name>__aeabi_d2f</name>
         <value>0x6403</value>
         <object_component_ref idref="oc-13d"/>
      </symbol>
      <symbol id="sm-88f">
         <name>__aeabi_d2uiz</name>
         <value>0x6ecd</value>
         <object_component_ref idref="oc-1d4"/>
      </symbol>
      <symbol id="sm-89a">
         <name>__aeabi_f2d</name>
         <value>0x7035</value>
         <object_component_ref idref="oc-124"/>
      </symbol>
      <symbol id="sm-8a4">
         <name>__aeabi_i2d</name>
         <value>0x71cd</value>
         <object_component_ref idref="oc-233"/>
      </symbol>
      <symbol id="sm-8bf">
         <name>memcpy</name>
         <value>0x5f81</value>
         <object_component_ref idref="oc-33"/>
      </symbol>
      <symbol id="sm-8c0">
         <name>__aeabi_memcpy</name>
         <value>0x5f81</value>
         <object_component_ref idref="oc-33"/>
      </symbol>
      <symbol id="sm-8c1">
         <name>__aeabi_memcpy8</name>
         <value>0x5f81</value>
         <object_component_ref idref="oc-33"/>
      </symbol>
      <symbol id="sm-8c2">
         <name>__aeabi_memcpy4</name>
         <value>0x5f81</value>
         <object_component_ref idref="oc-33"/>
      </symbol>
      <symbol id="sm-8cc">
         <name>__aeabi_ui2d</name>
         <value>0x732d</value>
         <object_component_ref idref="oc-1cf"/>
      </symbol>
      <symbol id="sm-8e0">
         <name>__TI_zero_init_nomemset</name>
         <value>0x74d9</value>
         <object_component_ref idref="oc-3f"/>
      </symbol>
      <symbol id="sm-8f7">
         <name>__TI_decompress_none</name>
         <value>0x755f</value>
         <object_component_ref idref="oc-16"/>
      </symbol>
      <symbol id="sm-91a">
         <name>__TI_decompress_lzss</name>
         <value>0x65ad</value>
         <object_component_ref idref="oc-10"/>
      </symbol>
      <symbol id="sm-930">
         <name>atoi</name>
         <value>0x6bc1</value>
         <object_component_ref idref="oc-143"/>
      </symbol>
      <symbol id="sm-93b">
         <name>_ctypes_</name>
         <value>0x7cbb</value>
         <object_component_ref idref="oc-2e8"/>
      </symbol>
      <symbol id="sm-967">
         <name>printf</name>
         <value>0x6615</value>
         <object_component_ref idref="oc-24a"/>
      </symbol>
      <symbol id="sm-996">
         <name>snprintf</name>
         <value>0x6c0d</value>
         <object_component_ref idref="oc-252"/>
      </symbol>
      <symbol id="sm-9a6">
         <name>strcat</name>
         <value>0x734d</value>
         <object_component_ref idref="oc-258"/>
      </symbol>
      <symbol id="sm-9b4">
         <name>strcpy</name>
         <value>0x74b1</value>
         <object_component_ref idref="oc-149"/>
      </symbol>
      <symbol id="sm-9c4">
         <name>strncpy</name>
         <value>0x706d</value>
         <object_component_ref idref="oc-109"/>
      </symbol>
      <symbol id="sm-9d7">
         <name>__stack</name>
         <value>0x2000fe00</value>
         <object_component_ref idref="oc-22"/>
      </symbol>
      <symbol id="sm-9d8">
         <name>_c_int00_noargs</name>
         <value>0x6fc5</value>
         <object_component_ref idref="oc-51"/>
      </symbol>
      <symbol id="sm-a00">
         <name>__TI_auto_init_nobinit_nopinit</name>
         <value>0x6e45</value>
         <object_component_ref idref="oc-199"/>
      </symbol>
      <symbol id="sm-a0a">
         <name>_system_pre_init</name>
         <value>0x75b7</value>
         <object_component_ref idref="oc-93"/>
      </symbol>
      <symbol id="sm-a31">
         <name>C$$EXIT</name>
         <value>0x75bb</value>
         <object_component_ref idref="oc-18d"/>
      </symbol>
      <symbol id="sm-a32">
         <name>abort</name>
         <value>0x75bb</value>
         <object_component_ref idref="oc-18d"/>
      </symbol>
      <symbol id="sm-a33">
         <name>__TI_dtors_ptr</name>
         <value>0x20000a90</value>
         <object_component_ref idref="oc-309"/>
      </symbol>
      <symbol id="sm-a34">
         <name>__TI_cleanup_ptr</name>
         <value>0x20000a8c</value>
         <object_component_ref idref="oc-309"/>
      </symbol>
      <symbol id="sm-a35">
         <name>__TI_enable_exit_profile_output</name>
         <value>0x20000a94</value>
         <object_component_ref idref="oc-309"/>
      </symbol>
      <symbol id="sm-a36">
         <name>exit</name>
         <value>0x6ce9</value>
         <object_component_ref idref="oc-193"/>
      </symbol>
      <symbol id="sm-a4b">
         <name>_nop</name>
         <value>0x31eb</value>
         <object_component_ref idref="oc-3ed"/>
      </symbol>
      <symbol id="sm-a4c">
         <name>_lock</name>
         <value>0x20000aa4</value>
         <object_component_ref idref="oc-30c"/>
      </symbol>
      <symbol id="sm-a4d">
         <name>_unlock</name>
         <value>0x20000aa8</value>
         <object_component_ref idref="oc-30c"/>
      </symbol>
      <symbol id="sm-bb2">
         <name>__TI_printfi</name>
         <value>0x278d</value>
         <object_component_ref idref="oc-371"/>
      </symbol>
      <symbol id="sm-bc8">
         <name>__TI_tmpnams</name>
         <value>0x20000bd8</value>
      </symbol>
      <symbol id="sm-bc9">
         <name>__aeabi_stdout</name>
         <value>0x20000a84</value>
         <object_component_ref idref="oc-609"/>
      </symbol>
      <symbol id="sm-bca">
         <name>__aeabi_stderr</name>
         <value>0x20000a88</value>
         <object_component_ref idref="oc-609"/>
      </symbol>
      <symbol id="sm-bcb">
         <name>__aeabi_stdin</name>
         <value>0x20000a80</value>
         <object_component_ref idref="oc-609"/>
      </symbol>
      <symbol id="sm-bcc">
         <name>_ftable</name>
         <value>0x20000800</value>
         <object_component_ref idref="oc-377"/>
      </symbol>
      <symbol id="sm-bcd">
         <name>__TI_ft_end</name>
         <value>0x20000a7c</value>
         <object_component_ref idref="oc-609"/>
      </symbol>
      <symbol id="sm-beb">
         <name>fputs</name>
         <value>0x5499</value>
         <object_component_ref idref="oc-495"/>
      </symbol>
      <symbol id="sm-bfa">
         <name>ltoa</name>
         <value>0x6a33</value>
         <object_component_ref idref="oc-4e8"/>
      </symbol>
      <symbol id="sm-c0a">
         <name>memccpy</name>
         <value>0x736b</value>
         <object_component_ref idref="oc-473"/>
      </symbol>
      <symbol id="sm-c1a">
         <name>memchr</name>
         <value>0x730d</value>
         <object_component_ref idref="oc-53e"/>
      </symbol>
      <symbol id="sm-c2a">
         <name>strchr</name>
         <value>0x7449</value>
         <object_component_ref idref="oc-515"/>
      </symbol>
      <symbol id="sm-c38">
         <name>strlen</name>
         <value>0x74c5</value>
         <object_component_ref idref="oc-44a"/>
      </symbol>
      <symbol id="sm-c5e">
         <name>_stream</name>
         <value>0x20000968</value>
         <object_component_ref idref="oc-59a"/>
      </symbol>
      <symbol id="sm-c5f">
         <name>_device</name>
         <value>0x200008f0</value>
         <object_component_ref idref="oc-5d7"/>
      </symbol>
      <symbol id="sm-c60">
         <name>write</name>
         <value>0x7279</value>
         <object_component_ref idref="oc-54a"/>
      </symbol>
      <symbol id="sm-c76">
         <name>__aeabi_errno_addr</name>
         <value>0x75a1</value>
         <object_component_ref idref="oc-47f"/>
      </symbol>
      <symbol id="sm-c77">
         <name>errno</name>
         <value>0x20000aac</value>
         <object_component_ref idref="oc-525"/>
      </symbol>
      <symbol id="sm-c97">
         <name>frexpl</name>
         <value>0x6745</value>
         <object_component_ref idref="oc-509"/>
      </symbol>
      <symbol id="sm-c98">
         <name>frexp</name>
         <value>0x6745</value>
         <object_component_ref idref="oc-509"/>
      </symbol>
      <symbol id="sm-cb5">
         <name>scalbn</name>
         <value>0x55ad</value>
         <object_component_ref idref="oc-50f"/>
      </symbol>
      <symbol id="sm-cb6">
         <name>scalbnl</name>
         <value>0x55ad</value>
         <object_component_ref idref="oc-50f"/>
      </symbol>
      <symbol id="sm-cb7">
         <name>ldexpl</name>
         <value>0x55ad</value>
         <object_component_ref idref="oc-50f"/>
      </symbol>
      <symbol id="sm-cb8">
         <name>ldexp</name>
         <value>0x55ad</value>
         <object_component_ref idref="oc-50f"/>
      </symbol>
      <symbol id="sm-cd1">
         <name>wcslen</name>
         <value>0x74fd</value>
         <object_component_ref idref="oc-479"/>
      </symbol>
      <symbol id="sm-cdb">
         <name>copysign</name>
         <value>0x749d</value>
         <object_component_ref idref="oc-56c"/>
      </symbol>
      <symbol id="sm-cdc">
         <name>copysignl</name>
         <value>0x749d</value>
         <object_component_ref idref="oc-56c"/>
      </symbol>
      <symbol id="sm-ce9">
         <name>__aeabi_uldivmod</name>
         <value>0x601d</value>
         <object_component_ref idref="oc-4dc"/>
      </symbol>
      <symbol id="sm-d0b">
         <name>__aeabi_cdcmpeq</name>
         <value>0x60b3</value>
         <object_component_ref idref="oc-456"/>
      </symbol>
      <symbol id="sm-d0c">
         <name>__aeabi_cdcmple</name>
         <value>0x60b3</value>
         <object_component_ref idref="oc-456"/>
      </symbol>
      <symbol id="sm-d0d">
         <name>__aeabi_cdrcmple</name>
         <value>0x6139</value>
         <object_component_ref idref="oc-4e3"/>
      </symbol>
      <symbol id="sm-d25">
         <name>__TI_wrt_ok</name>
         <value>0x680d</value>
         <object_component_ref idref="oc-538"/>
      </symbol>
      <symbol id="sm-d35">
         <name>__TI_doflush</name>
         <value>0x6b75</value>
         <object_component_ref idref="oc-544"/>
      </symbol>
      <symbol id="sm-d47">
         <name>fseek</name>
         <value>0x67a9</value>
         <object_component_ref idref="oc-588"/>
      </symbol>
      <symbol id="sm-d57">
         <name>lseek</name>
         <value>0x7229</value>
         <object_component_ref idref="oc-5b0"/>
      </symbol>
      <symbol id="sm-d73">
         <name>setvbuf</name>
         <value>0x59c9</value>
         <object_component_ref idref="oc-58e"/>
      </symbol>
      <symbol id="sm-d84">
         <name>HOSTclose</name>
         <value>0x6dbd</value>
         <object_component_ref idref="oc-615"/>
      </symbol>
      <symbol id="sm-d95">
         <name>HOSTlseek</name>
         <value>0x64dd</value>
         <object_component_ref idref="oc-627"/>
      </symbol>
      <symbol id="sm-da7">
         <name>parmbuf</name>
         <value>0x20000ca4</value>
      </symbol>
      <symbol id="sm-da8">
         <name>HOSTopen</name>
         <value>0x6871</value>
         <object_component_ref idref="oc-60f"/>
      </symbol>
      <symbol id="sm-db9">
         <name>HOSTread</name>
         <value>0x692d</value>
         <object_component_ref idref="oc-61b"/>
      </symbol>
      <symbol id="sm-dca">
         <name>HOSTrename</name>
         <value>0x6545</value>
         <object_component_ref idref="oc-633"/>
      </symbol>
      <symbol id="sm-ddb">
         <name>HOSTunlink</name>
         <value>0x6e01</value>
         <object_component_ref idref="oc-62d"/>
      </symbol>
      <symbol id="sm-dec">
         <name>HOSTwrite</name>
         <value>0x6985</value>
         <object_component_ref idref="oc-621"/>
      </symbol>
      <symbol id="sm-e10">
         <name>__TI_readmsg</name>
         <value>0x70d9</value>
         <object_component_ref idref="oc-659"/>
      </symbol>
      <symbol id="sm-e11">
         <name>C$$IO$$</name>
         <value>0x6fbb</value>
         <object_component_ref idref="oc-653"/>
      </symbol>
      <symbol id="sm-e12">
         <name>__CIOBUF_</name>
         <value>0x20000ab8</value>
         <object_component_ref idref="oc-67b"/>
      </symbol>
      <symbol id="sm-e13">
         <name>__TI_writemsg</name>
         <value>0x6f8d</value>
         <object_component_ref idref="oc-653"/>
      </symbol>
      <symbol id="sm-e1d">
         <name>__aeabi_idiv0</name>
         <value>0x5103</value>
         <object_component_ref idref="oc-558"/>
      </symbol>
      <symbol id="sm-e1e">
         <name>__aeabi_ldiv0</name>
         <value>0x5103</value>
         <object_component_ref idref="oc-558"/>
      </symbol>
      <symbol id="sm-e99">
         <name>_sys_memory</name>
         <value>0x20000000</value>
         <object_component_ref idref="oc-25"/>
      </symbol>
      <symbol id="sm-e9a">
         <name>free</name>
         <value>0x5aa5</value>
         <object_component_ref idref="oc-5b8"/>
      </symbol>
      <symbol id="sm-e9b">
         <name>malloc</name>
         <value>0x6239</value>
         <object_component_ref idref="oc-5be"/>
      </symbol>
      <symbol id="sm-e9c">
         <name>minit</name>
         <value>0x6ffd</value>
         <object_component_ref idref="oc-5ec"/>
      </symbol>
      <symbol id="sm-eac">
         <name>__TI_cleanup</name>
         <value>0x70a5</value>
         <object_component_ref idref="oc-5c4"/>
      </symbol>
      <symbol id="sm-ec2">
         <name>__TI_closefile</name>
         <value>0x62b1</value>
         <object_component_ref idref="oc-603"/>
      </symbol>
      <symbol id="sm-ee5">
         <name>finddevice</name>
         <value>0x719d</value>
         <object_component_ref idref="oc-691"/>
      </symbol>
      <symbol id="sm-ee6">
         <name>getdevice</name>
         <value>0x6e89</value>
         <object_component_ref idref="oc-671"/>
      </symbol>
      <symbol id="sm-ef6">
         <name>strcmp</name>
         <value>0x7431</value>
         <object_component_ref idref="oc-6a4"/>
      </symbol>
      <symbol id="sm-f06">
         <name>unlink</name>
         <value>0x71fd</value>
         <object_component_ref idref="oc-648"/>
      </symbol>
      <symbol id="sm-f1a">
         <name>close</name>
         <value>0x68d1</value>
         <object_component_ref idref="oc-642"/>
      </symbol>
      <symbol id="sm-f1b">
         <name>__TI_static_base__</name>
         <value>0x0</value>
      </symbol>
      <symbol id="sm-f1e">
         <name>__mpu_init</name>
         <value>0x0</value>
      </symbol>
      <symbol id="sm-f1f">
         <name>_system_post_cinit</name>
         <value>0x0</value>
      </symbol>
      <symbol id="sm-f20">
         <name>remove</name>
         <value>0x71fd</value>
      </symbol>
   </symbol_table>
   <title>Link successful</title>
</link_info>
