******************************************************************************
                  TI ARM Linker PC v18.1.3                     
******************************************************************************
>> Linked Sun Nov 25 14:29:13 2018

OUTPUT FILE NAME:   <Final Project Slave.out>
ENTRY POINT SYMBOL: "_c_int00_noargs"  address: 00000f25


MEMORY CONFIGURATION

         name            origin    length      used     unused   attr    fill
----------------------  --------  ---------  --------  --------  ----  --------
  MAIN                  00000000   00040000  000010e1  0003ef1f  R  X
  INFO                  00200000   00004000  00000000  00004000  R  X
  SRAM_CODE             01000000   00010000  00000000  00010000  RW X
  SRAM_DATA             20000000   00010000  00000a40  0000f5c0  RW  


SEGMENT ALLOCATION MAP

run origin  load origin   length   init length attrs members
----------  ----------- ---------- ----------- ----- -------
00000000    00000000    000010e8   000010e8    r-x
  00000000    00000000    00000140   00000140    r-- .intvecs
  00000140    00000140    00000f2a   00000f2a    r-x .text
  0000106c    0000106c    00000027   00000027    r-- .const
  00001098    00001098    00000050   00000050    r-- .cinit
20000000    20000000    00000840   00000000    rw-
  20000000    20000000    00000800   00000000    rw- .sysmem
  20000800    20000800    00000038   00000000    rw- .data
  20000838    20000838    00000008   00000000    rw- .bss
2000fe00    2000fe00    00000200   00000000    rw-
  2000fe00    2000fe00    00000200   00000000    rw- .stack


SECTION ALLOCATION MAP

 output                                  attributes/
section   page    origin      length       input sections
--------  ----  ----------  ----------   ----------------
.intvecs   0    00000000    00000140     
                  00000000    00000140     startup_msp432p401r_ccs.obj (.intvecs:retain)

.text      0    00000140    00000f2a     
                  00000140    00000328     system_msp432p401r.obj (.text)
                  00000468    000001fc     Keypad.obj (.text)
                  00000664    0000014c     BuzzerAndClock.obj (.text)
                  000007b0    00000104     msp432p4xx_driverlib.lib : cs.o (.text:CS_getDCOFrequency)
                  000008b4    000000fc     rtsv7M4_T_le_v4SPD16_eabi.lib : fd_mul_t2.asm.obj (.text)
                  000009b0    000000f0     Final Project Slave main.obj (.text)
                  00000aa0    0000009c     msp432p4xx_driverlib.lib : cs.o (.text:CS_startHFXTWithTimeout)
                  00000b3c    0000009c                              : cs.o (.text:_CSComputeCLKFrequency)
                  00000bd8    0000009c     rtsv7M4_T_le_v4SPD16_eabi.lib : memcpy_t2.asm.obj (.text)
                  00000c74    00000070     msp432p4xx_driverlib.lib : cs.o (.text:_CSGetHFXTFrequency)
                  00000ce4    0000006c     UART.obj (.text)
                  00000d50    00000068     rtsv7M4_T_le_v4SPD16_eabi.lib : copy_decompress_lzss.c.obj (.text:decompress:lzss:__TI_decompress_lzss)
                  00000db8    00000050     msp432p4xx_driverlib.lib : sysctl.o (.text:SysCtl_getTLVInfo)
                  00000e08    0000004c                              : cs.o (.text:_CSGetDOCFrequency)
                  00000e54    00000048                              : cs.o (.text:_CSGetDividerValue)
                  00000e9c    00000044     rtsv7M4_T_le_v4SPD16_eabi.lib : autoinit.c.obj (.text:__TI_auto_init_nobinit_nopinit:__TI_auto_init_nobinit_nopinit)
                  00000ee0    00000044                                   : fd_tou_t2.asm.obj (.text)
                  00000f24    00000038                                   : boot_cortex_m.c.obj (.text:_c_int00_noargs:_c_int00_noargs)
                  00000f5c    00000024     msp432p4xx_driverlib.lib : cs.o (.text:CS_clearInterruptFlag)
                  00000f80    00000020     rtsv7M4_T_le_v4SPD16_eabi.lib : u_tofd_t2.asm.obj (.text)
                  00000fa0    00000018     msp432p4xx_driverlib.lib : cs.o (.text:CS_getACLK)
                  00000fb8    00000018                              : cs.o (.text:CS_getMCLK)
                  00000fd0    00000018                              : cs.o (.text:CS_getSMCLK)
                  00000fe8    00000014                              : cs.o (.text:CS_setExternalClockSourceFrequency)
                  00000ffc    00000012     rtsv7M4_T_le_v4SPD16_eabi.lib : copy_zero_init.c.obj (.text:decompress:ZI:__TI_zero_init_nomemset:__TI_zero_init_nomemset)
                  0000100e    00000012     startup_msp432p401r_ccs.obj (.text)
                  00001020    00000010     msp432p4xx_driverlib.lib : sysctl.o (.text:SysCtl_disableNMISource)
                  00001030    00000010                              : sysctl.o (.text:SysCtl_enableNMISource)
                  00001040    0000000e     rtsv7M4_T_le_v4SPD16_eabi.lib : copy_decompress_none.c.obj (.text:decompress:none:__TI_decompress_none)
                  0000104e    00000002     --HOLE-- [fill = 0]
                  00001050    0000000c     msp432p4xx_driverlib.lib : sysctl.o (.text:SysCtl_getNMISourceStatus)
                  0000105c    00000006                              : cs.o (.text:CS_startHFXT)
                  00001062    00000004     rtsv7M4_T_le_v4SPD16_eabi.lib : pre_init.c.obj (.text:_system_pre_init)
                  00001066    00000004                                   : exit.c.obj (.text:abort:abort)

.const     0    0000106c    00000027     
                  0000106c    00000024     UART.obj (.const:uartConfig)
                  00001090    00000003     Keypad.obj (.const:.string:$P$T0$1)

.cinit     0    00001098    00000050     
                  00001098    0000002b     (.cinit..data.load) [load image, compression = lzss]
                  000010c3    00000001     --HOLE-- [fill = 0]
                  000010c4    0000000c     (__TI_handler_table)
                  000010d0    00000008     (.cinit..bss.load) [load image, compression = zero_init]
                  000010d8    00000010     (__TI_cinit_table)

.init_array 
*          0    00000000    00000000     UNINITIALIZED

.sysmem    0    20000000    00000800     UNINITIALIZED
                  20000000    00000008     rtsv7M4_T_le_v4SPD16_eabi.lib : memory.c.obj (.sysmem)
                  20000008    000007f8     --HOLE--

.data      0    20000800    00000038     UNINITIALIZED
                  20000800    00000018     BuzzerAndClock.obj (.data:pwmConfigA0)
                  20000818    00000018     BuzzerAndClock.obj (.data:pwmConfigA3)
                  20000830    00000004     system_msp432p401r.obj (.data)
                  20000834    00000003     Final Project Slave main.obj (.data)
                  20000837    00000001     Keypad.obj (.data)

.bss       0    20000838    00000008     UNINITIALIZED
                  20000838    00000004     (.common:hfxtFreq)
                  2000083c    00000004     (.common:lfxtFreq)

.stack     0    2000fe00    00000200     UNINITIALIZED
                  2000fe00    00000004     rtsv7M4_T_le_v4SPD16_eabi.lib : boot_cortex_m.c.obj (.stack)
                  2000fe04    000001fc     --HOLE--

MODULE SUMMARY

       Module                         code   ro data   rw data
       ------                         ----   -------   -------
    .\
       system_msp432p401r.obj         808    0         4      
       Keypad.obj                     508    3         1      
       BuzzerAndClock.obj             332    0         48     
       startup_msp432p401r_ccs.obj    18     320       0      
       Final Project Slave main.obj   240    0         3      
       UART.obj                       108    36        0      
    +--+------------------------------+------+---------+---------+
       Total:                         2014   359       56     
                                                              
    C:/ti/msp/MSP432Ware_3_50_00_02/driverlib/driverlib/MSP432P4xx/ccs/msp432p4xx_driverlib.lib
       cs.o                           966    0         8      
       sysctl.o                       124    0         0      
    +--+------------------------------+------+---------+---------+
       Total:                         1090   0         8      
                                                              
    C:\ti\ccsv8\tools\compiler\ti-cgt-arm_18.1.3.LTS\lib\rtsv7M4_T_le_v4SPD16_eabi.lib
       fd_mul_t2.asm.obj              252    0         0      
       memcpy_t2.asm.obj              156    0         0      
       copy_decompress_lzss.c.obj     104    0         0      
       autoinit.c.obj                 68     0         0      
       fd_tou_t2.asm.obj              68     0         0      
       boot_cortex_m.c.obj            56     0         0      
       u_tofd_t2.asm.obj              32     0         0      
       copy_zero_init.c.obj           18     0         0      
       copy_decompress_none.c.obj     14     0         0      
       exit.c.obj                     4      0         0      
       pre_init.c.obj                 4      0         0      
    +--+------------------------------+------+---------+---------+
       Total:                         776    0         0      
                                                              
       Heap:                          0      0         2048   
       Stack:                         0      0         512    
       Linker Generated:              0      79        0      
    +--+------------------------------+------+---------+---------+
       Grand Total:                   3880   438       2624   


LINKER GENERATED COPY TABLES

__TI_cinit_table @ 000010d8 records: 2, size/record: 8, table size: 16
	.data: load addr=00001098, load size=0000002b bytes, run addr=20000800, run size=00000038 bytes, compression=lzss
	.bss: load addr=000010d0, load size=00000008 bytes, run addr=20000838, run size=00000008 bytes, compression=zero_init


LINKER GENERATED HANDLER TABLE

__TI_handler_table @ 000010c4 records: 3, size/record: 4, table size: 12
	index: 0, handler: __TI_decompress_lzss
	index: 1, handler: __TI_decompress_none
	index: 2, handler: __TI_zero_init


GLOBAL SYMBOLS: SORTED ALPHABETICALLY BY Name 

address   name                              
-------   ----                              
00001067  C$$EXIT                           
00000f5d  CS_clearInterruptFlag             
00000fa1  CS_getACLK                        
000007b1  CS_getDCOFrequency                
00000fb9  CS_getMCLK                        
00000fd1  CS_getSMCLK                       
00000fe9  CS_setExternalClockSourceFrequency
0000105d  CS_startHFXT                      
00000aa1  CS_startHFXTWithTimeout           
00000a2f  EUSCIA1_IRQHandler                
00000ce5  InitUART                          
20000835  KeyFlag                           
20000834  KeyPressed                        
00000665  StartBuzzer                       
000006cd  StopBuzzer                        
00001021  SysCtl_disableNMISource           
00001031  SysCtl_enableNMISource            
00001051  SysCtl_getNMISourceStatus         
00000db9  SysCtl_getTLVInfo                 
20000830  SystemCoreClock                   
00000141  SystemCoreClockUpdate             
000003b5  SystemInit                        
20000836  TransmissionFlag                  
4000480c  WDTCTL_SYM                        
20010000  __STACK_END                       
00000200  __STACK_SIZE                      
00000800  __SYSMEM_SIZE                     
000010d8  __TI_CINIT_Base                   
000010e8  __TI_CINIT_Limit                  
000010c4  __TI_Handler_Table_Base           
000010d0  __TI_Handler_Table_Limit          
00000e9d  __TI_auto_init_nobinit_nopinit    
00000d51  __TI_decompress_lzss              
00001041  __TI_decompress_none              
ffffffff  __TI_pprof_out_hndl               
ffffffff  __TI_prof_data_size               
ffffffff  __TI_prof_data_start              
00000000  __TI_static_base__                
00000ffd  __TI_zero_init_nomemset           
00000ee1  __aeabi_d2uiz                     
000008b5  __aeabi_dmul                      
00000bd9  __aeabi_memcpy                    
00000bd9  __aeabi_memcpy4                   
00000bd9  __aeabi_memcpy8                   
00000f81  __aeabi_ui2d                      
ffffffff  __binit__                         
ffffffff  __c_args__                        
UNDEFED   __mpu_init                        
2000fe00  __stack                           
00000f25  _c_int00_noargs                   
20000000  _sys_memory                       
UNDEFED   _system_post_cinit                
00001063  _system_pre_init                  
00001067  abort                             
ffffffff  binit                             
000006eb  clockInit48MHzXTL                 
00000615  getKey                            
00000469  initKeypad                        
00000000  interruptVectors                  
000009b1  main                              
00000bd9  memcpy                            
20000800  pwmConfigA0                       
20000818  pwmConfigA3                       
000004cf  scanKeypad                        
0000106c  uartConfig                        


GLOBAL SYMBOLS: SORTED BY Symbol Address 

address   name                              
-------   ----                              
00000000  __TI_static_base__                
00000000  interruptVectors                  
00000141  SystemCoreClockUpdate             
00000200  __STACK_SIZE                      
000003b5  SystemInit                        
00000469  initKeypad                        
000004cf  scanKeypad                        
00000615  getKey                            
00000665  StartBuzzer                       
000006cd  StopBuzzer                        
000006eb  clockInit48MHzXTL                 
000007b1  CS_getDCOFrequency                
00000800  __SYSMEM_SIZE                     
000008b5  __aeabi_dmul                      
000009b1  main                              
00000a2f  EUSCIA1_IRQHandler                
00000aa1  CS_startHFXTWithTimeout           
00000bd9  __aeabi_memcpy                    
00000bd9  __aeabi_memcpy4                   
00000bd9  __aeabi_memcpy8                   
00000bd9  memcpy                            
00000ce5  InitUART                          
00000d51  __TI_decompress_lzss              
00000db9  SysCtl_getTLVInfo                 
00000e9d  __TI_auto_init_nobinit_nopinit    
00000ee1  __aeabi_d2uiz                     
00000f25  _c_int00_noargs                   
00000f5d  CS_clearInterruptFlag             
00000f81  __aeabi_ui2d                      
00000fa1  CS_getACLK                        
00000fb9  CS_getMCLK                        
00000fd1  CS_getSMCLK                       
00000fe9  CS_setExternalClockSourceFrequency
00000ffd  __TI_zero_init_nomemset           
00001021  SysCtl_disableNMISource           
00001031  SysCtl_enableNMISource            
00001041  __TI_decompress_none              
00001051  SysCtl_getNMISourceStatus         
0000105d  CS_startHFXT                      
00001063  _system_pre_init                  
00001067  C$$EXIT                           
00001067  abort                             
0000106c  uartConfig                        
000010c4  __TI_Handler_Table_Base           
000010d0  __TI_Handler_Table_Limit          
000010d8  __TI_CINIT_Base                   
000010e8  __TI_CINIT_Limit                  
20000000  _sys_memory                       
20000800  pwmConfigA0                       
20000818  pwmConfigA3                       
20000830  SystemCoreClock                   
20000834  KeyPressed                        
20000835  KeyFlag                           
20000836  TransmissionFlag                  
2000fe00  __stack                           
20010000  __STACK_END                       
4000480c  WDTCTL_SYM                        
ffffffff  __TI_pprof_out_hndl               
ffffffff  __TI_prof_data_size               
ffffffff  __TI_prof_data_start              
ffffffff  __binit__                         
ffffffff  __c_args__                        
ffffffff  binit                             
UNDEFED   __mpu_init                        
UNDEFED   _system_post_cinit                

[65 symbols]
