******************************************************************************
                  TI ARM Linker PC v18.1.3                     
******************************************************************************
>> Linked Sun Dec  2 21:49:46 2018

OUTPUT FILE NAME:   <Final Project Slave.out>
ENTRY POINT SYMBOL: "_c_int00_noargs"  address: 00001df1


MEMORY CONFIGURATION

         name            origin    length      used     unused   attr    fill
----------------------  --------  ---------  --------  --------  ----  --------
  MAIN                  00000000   00040000  00002067  0003df99  R  X
  INFO                  00200000   00004000  00000000  00004000  R  X
  SRAM_CODE             01000000   00010000  00000000  00010000  RW X
  SRAM_DATA             20000000   00010000  00000aca  0000f536  RW  


SEGMENT ALLOCATION MAP

run origin  load origin   length   init length attrs members
----------  ----------- ---------- ----------- ----- -------
00000000    00000000    00002070   00002070    r-x
  00000000    00000000    00000140   00000140    r-- .intvecs
  00000140    00000140    00001e4e   00001e4e    r-x .text
  00001f90    00001f90    00000051   00000051    r-- .const
  00001fe8    00001fe8    00000088   00000088    r-- .cinit
20000000    20000000    000008cc   00000000    rw-
  20000000    20000000    00000800   00000000    rw- .sysmem
  20000800    20000800    000000b6   00000000    rw- .data
  200008b8    200008b8    00000014   00000000    rw- .bss
2000fe00    2000fe00    00000200   00000000    rw-
  2000fe00    2000fe00    00000200   00000000    rw- .stack


SECTION ALLOCATION MAP

 output                                  attributes/
section   page    origin      length       input sections
--------  ----  ----------  ----------   ----------------
.intvecs   0    00000000    00000140     
                  00000000    00000140     startup_msp432p401r_ccs.obj (.intvecs:retain)

.text      0    00000140    00001e4e     
                  00000140    00000a9c     CTS_Layer.obj (.text)
                  00000bdc    00000328     system_msp432p401r.obj (.text)
                  00000f04    0000023c     Keypad.obj (.text)
                  00001140    00000200     CTS_HAL.obj (.text)
                  00001340    000001ac     Final Project Slave main.obj (.text)
                  000014ec    00000164     BuzzerAndClock.obj (.text)
                  00001650    0000011c     LEDs_PBs.obj (.text)
                  0000176c    00000104     msp432p4xx_driverlib.lib : cs.o (.text:CS_getDCOFrequency)
                  00001870    000000fc     rtsv7M4_T_le_v4SPD16_eabi.lib : fd_mul_t2.asm.obj (.text)
                  0000196c    0000009c     msp432p4xx_driverlib.lib : cs.o (.text:CS_startHFXTWithTimeout)
                  00001a08    0000009c                              : cs.o (.text:_CSComputeCLKFrequency)
                  00001aa4    0000009c     rtsv7M4_T_le_v4SPD16_eabi.lib : memcpy_t2.asm.obj (.text)
                  00001b40    00000070     msp432p4xx_driverlib.lib : cs.o (.text:_CSGetHFXTFrequency)
                  00001bb0    0000006c     UART.obj (.text)
                  00001c1c    00000068     rtsv7M4_T_le_v4SPD16_eabi.lib : copy_decompress_lzss.c.obj (.text:decompress:lzss:__TI_decompress_lzss)
                  00001c84    00000050     msp432p4xx_driverlib.lib : sysctl.o (.text:SysCtl_getTLVInfo)
                  00001cd4    0000004c                              : cs.o (.text:_CSGetDOCFrequency)
                  00001d20    00000048                              : cs.o (.text:_CSGetDividerValue)
                  00001d68    00000044     rtsv7M4_T_le_v4SPD16_eabi.lib : autoinit.c.obj (.text:__TI_auto_init_nobinit_nopinit:__TI_auto_init_nobinit_nopinit)
                  00001dac    00000044                                   : fd_tou_t2.asm.obj (.text)
                  00001df0    00000038                                   : boot_cortex_m.c.obj (.text:_c_int00_noargs:_c_int00_noargs)
                  00001e28    00000030     msp432p4xx_driverlib.lib : gpio.o (.text:GPIO_getEnabledInterruptStatus)
                  00001e58    00000024                              : cs.o (.text:CS_clearInterruptFlag)
                  00001e7c    00000020     rtsv7M4_T_le_v4SPD16_eabi.lib : u_tofd_t2.asm.obj (.text)
                  00001e9c    00000018     msp432p4xx_driverlib.lib : cs.o (.text:CS_getACLK)
                  00001eb4    00000018                              : cs.o (.text:CS_getMCLK)
                  00001ecc    00000018                              : cs.o (.text:CS_getSMCLK)
                  00001ee4    00000018                              : gpio.o (.text:GPIO_clearInterruptFlag)
                  00001efc    00000014                              : cs.o (.text:CS_setExternalClockSourceFrequency)
                  00001f10    00000012     rtsv7M4_T_le_v4SPD16_eabi.lib : copy_zero_init.c.obj (.text:decompress:ZI:__TI_zero_init_nomemset:__TI_zero_init_nomemset)
                  00001f22    00000012     startup_msp432p401r_ccs.obj (.text)
                  00001f34    00000010     msp432p4xx_driverlib.lib : gpio.o (.text:GPIO_getInterruptStatus)
                  00001f44    00000010                              : sysctl.o (.text:SysCtl_disableNMISource)
                  00001f54    00000010                              : sysctl.o (.text:SysCtl_enableNMISource)
                  00001f64    0000000e     rtsv7M4_T_le_v4SPD16_eabi.lib : copy_decompress_none.c.obj (.text:decompress:none:__TI_decompress_none)
                  00001f72    00000002     --HOLE-- [fill = 0]
                  00001f74    0000000c     msp432p4xx_driverlib.lib : sysctl.o (.text:SysCtl_getNMISourceStatus)
                  00001f80    00000006                              : cs.o (.text:CS_startHFXT)
                  00001f86    00000004     rtsv7M4_T_le_v4SPD16_eabi.lib : pre_init.c.obj (.text:_system_pre_init)
                  00001f8a    00000004                                   : exit.c.obj (.text:abort:abort)

.const     0    00001f90    00000051     
                  00001f90    00000024     structure.obj (.const:my_button)
                  00001fb4    00000024     UART.obj (.const:uartConfig)
                  00001fd8    00000006     structure.obj (.const:my_element)
                  00001fde    00000003     Keypad.obj (.const:.string:$P$T0$1)

.cinit     0    00001fe8    00000088     
                  00001fe8    00000064     (.cinit..data.load) [load image, compression = lzss]
                  0000204c    0000000c     (__TI_handler_table)
                  00002058    00000008     (.cinit..bss.load) [load image, compression = zero_init]
                  00002060    00000010     (__TI_cinit_table)

.init_array 
*          0    00000000    00000000     UNINITIALIZED

.sysmem    0    20000000    00000800     UNINITIALIZED
                  20000000    00000008     rtsv7M4_T_le_v4SPD16_eabi.lib : memory.c.obj (.sysmem)
                  20000008    000007f8     --HOLE--

.data      0    20000800    000000b6     UNINITIALIZED
                  20000800    00000030     msp432p4xx_driverlib.lib : gpio.o (.data:GPIO_PORT_TO_BASE)
                  20000830    00000018     BuzzerAndClock.obj (.data:pwmConfigA0)
                  20000848    00000018     BuzzerAndClock.obj (.data:pwmConfigA3)
                  20000860    00000018     LEDs_PBs.obj (.data:pwmConfigLeft)
                  20000878    00000018     LEDs_PBs.obj (.data:pwmConfigRight)
                  20000890    00000018     LEDs_PBs.obj (.data:pwmConfigWarning)
                  200008a8    00000005     Final Project Slave main.obj (.data)
                  200008ad    00000001     --HOLE--
                  200008ae    00000002     CTS_Layer.obj (.data)
                  200008b0    00000004     system_msp432p401r.obj (.data)
                  200008b4    00000002     Keypad.obj (.data)

.bss       0    200008b8    00000014     UNINITIALIZED
                  200008b8    00000008     (.common:measCnt)
                  200008c0    00000004     (.common:baseCnt)
                  200008c4    00000004     (.common:hfxtFreq)
                  200008c8    00000004     (.common:lfxtFreq)

.stack     0    2000fe00    00000200     UNINITIALIZED
                  2000fe00    00000004     rtsv7M4_T_le_v4SPD16_eabi.lib : boot_cortex_m.c.obj (.stack)
                  2000fe04    000001fc     --HOLE--

MODULE SUMMARY

       Module                         code   ro data   rw data
       ------                         ----   -------   -------
    .\
       CTS_Layer.obj                  2716   0         14     
       system_msp432p401r.obj         808    0         4      
       Keypad.obj                     572    3         2      
       CTS_HAL.obj                    512    0         0      
       Final Project Slave main.obj   428    0         5      
       BuzzerAndClock.obj             356    0         48     
       LEDs_PBs.obj                   284    0         72     
       startup_msp432p401r_ccs.obj    18     320       0      
       UART.obj                       108    36        0      
       structure.obj                  0      42        0      
    +--+------------------------------+------+---------+---------+
       Total:                         5802   401       145    
                                                              
    C:/ti/msp/MSP432Ware_3_50_00_02/driverlib/driverlib/MSP432P4xx/ccs/msp432p4xx_driverlib.lib
       cs.o                           966    0         8      
       gpio.o                         88     0         48     
       sysctl.o                       124    0         0      
    +--+------------------------------+------+---------+---------+
       Total:                         1178   0         56     
                                                              
    C:\ti\ccsv8\tools\compiler\ti-cgt-arm_18.1.3.LTS\lib\rtsv7M4_T_le_v4SPD16_eabi.lib
       fd_mul_t2.asm.obj              252    0         0      
       memcpy_t2.asm.obj              156    0         0      
       copy_decompress_lzss.c.obj     104    0         0      
       autoinit.c.obj                 68     0         0      
       fd_tou_t2.asm.obj              68     0         0      
       boot_cortex_m.c.obj            56     0         0      
       u_tofd_t2.asm.obj              32     0         0      
       copy_zero_init.c.obj           18     0         0      
       copy_decompress_none.c.obj     14     0         0      
       exit.c.obj                     4      0         0      
       pre_init.c.obj                 4      0         0      
    +--+------------------------------+------+---------+---------+
       Total:                         776    0         0      
                                                              
       Heap:                          0      0         2048   
       Stack:                         0      0         512    
       Linker Generated:              0      136       0      
    +--+------------------------------+------+---------+---------+
       Grand Total:                   7756   537       2761   


LINKER GENERATED COPY TABLES

__TI_cinit_table @ 00002060 records: 2, size/record: 8, table size: 16
	.data: load addr=00001fe8, load size=00000064 bytes, run addr=20000800, run size=000000b6 bytes, compression=lzss
	.bss: load addr=00002058, load size=00000008 bytes, run addr=200008b8, run size=00000014 bytes, compression=zero_init


LINKER GENERATED HANDLER TABLE

__TI_handler_table @ 0000204c records: 3, size/record: 4, table size: 12
	index: 0, handler: __TI_decompress_lzss
	index: 1, handler: __TI_decompress_none
	index: 2, handler: __TI_zero_init


GLOBAL SYMBOLS: SORTED ALPHABETICALLY BY Name 

address   name                              
-------   ----                              
00001f8b  C$$EXIT                           
00001e59  CS_clearInterruptFlag             
00001e9d  CS_getACLK                        
0000176d  CS_getDCOFrequency                
00001eb5  CS_getMCLK                        
00001ecd  CS_getSMCLK                       
00001efd  CS_setExternalClockSourceFrequency
00001f81  CS_startHFXT                      
0000196d  CS_startHFXTWithTimeout           
200008b4  CapLatch                          
00000ad1  Dominant_Element                  
000013e9  EUSCIA1_IRQHandler                
00001ee5  GPIO_clearInterruptFlag           
00001e29  GPIO_getEnabledInterruptStatus    
00001f35  GPIO_getInterruptStatus           
0000169b  InitTimerA                        
00001651  InitTurnSignalButtons             
00001bb1  InitUART                          
200008a9  KeyFlag                           
200008a8  KeyPressed                        
200008ab  LeftFlag                          
00001467  PORT6_IRQHandler                  
200008ac  RightFlag                         
000014ed  StartBuzzer                       
000016af  StartLeft                         
000016c9  StartRight                        
000016e3  StartWarning                      
0000155b  StopBuzzer                        
000016fd  StopLeft                          
00001715  StopRight                         
0000172d  StopWarning                       
00001f45  SysCtl_disableNMISource           
00001f55  SysCtl_enableNMISource            
00001f75  SysCtl_getNMISourceStatus         
00001c85  SysCtl_getTLVInfo                 
200008b0  SystemCoreClock                   
00000bdd  SystemCoreClockUpdate             
00000e51  SystemInit                        
000007e1  TI_CAPT_Button                    
00000807  TI_CAPT_Buttons                   
00000251  TI_CAPT_Custom                    
00000159  TI_CAPT_Init_Baseline             
00000141  TI_CAPT_Raw                       
000001f5  TI_CAPT_Reset_Tracking            
0000016f  TI_CAPT_Update_Baseline           
000001fd  TI_CAPT_Update_Tracking_DOI       
00000225  TI_CAPT_Update_Tracking_Rate      
00000853  TI_CAPT_Wheel                     
000011db  TI_CTS_RO_CTIO_TA2_WDTA_HAL       
200008aa  TransmissionFlag                  
4000480c  WDTCTL_SYM                        
00001315  WDT_A_IRQHandler                  
20010000  __STACK_END                       
00000200  __STACK_SIZE                      
00000800  __SYSMEM_SIZE                     
00002060  __TI_CINIT_Base                   
00002070  __TI_CINIT_Limit                  
0000204c  __TI_Handler_Table_Base           
00002058  __TI_Handler_Table_Limit          
00001d69  __TI_auto_init_nobinit_nopinit    
00001c1d  __TI_decompress_lzss              
00001f65  __TI_decompress_none              
ffffffff  __TI_pprof_out_hndl               
ffffffff  __TI_prof_data_size               
ffffffff  __TI_prof_data_start              
00000000  __TI_static_base__                
00001f11  __TI_zero_init_nomemset           
00001dad  __aeabi_d2uiz                     
00001871  __aeabi_dmul                      
00001aa5  __aeabi_memcpy                    
00001aa5  __aeabi_memcpy4                   
00001aa5  __aeabi_memcpy8                   
00001e7d  __aeabi_ui2d                      
ffffffff  __binit__                         
ffffffff  __c_args__                        
UNDEFED   __mpu_init                        
2000fe00  __stack                           
00001df1  _c_int00_noargs                   
20000000  _sys_memory                       
UNDEFED   _system_post_cinit                
00001f87  _system_pre_init                  
00001f8b  abort                             
200008c0  baseCnt                           
ffffffff  binit                             
00001589  clockInit48MHzXTL                 
200008ae  ctsStatusReg                      
000010b1  getKey                            
00000f05  initKeypad                        
00000000  interruptVectors                  
00001341  main                              
200008b8  measCnt                           
00001aa5  memcpy                            
00001f90  my_button                         
00001fd8  my_element                        
20000830  pwmConfigA0                       
20000848  pwmConfigA3                       
20000860  pwmConfigLeft                     
20000878  pwmConfigRight                    
20000890  pwmConfigWarning                  
00000f6b  scanKeypad                        
00001fb4  uartConfig                        


GLOBAL SYMBOLS: SORTED BY Symbol Address 

address   name                              
-------   ----                              
00000000  __TI_static_base__                
00000000  interruptVectors                  
00000141  TI_CAPT_Raw                       
00000159  TI_CAPT_Init_Baseline             
0000016f  TI_CAPT_Update_Baseline           
000001f5  TI_CAPT_Reset_Tracking            
000001fd  TI_CAPT_Update_Tracking_DOI       
00000200  __STACK_SIZE                      
00000225  TI_CAPT_Update_Tracking_Rate      
00000251  TI_CAPT_Custom                    
000007e1  TI_CAPT_Button                    
00000800  __SYSMEM_SIZE                     
00000807  TI_CAPT_Buttons                   
00000853  TI_CAPT_Wheel                     
00000ad1  Dominant_Element                  
00000bdd  SystemCoreClockUpdate             
00000e51  SystemInit                        
00000f05  initKeypad                        
00000f6b  scanKeypad                        
000010b1  getKey                            
000011db  TI_CTS_RO_CTIO_TA2_WDTA_HAL       
00001315  WDT_A_IRQHandler                  
00001341  main                              
000013e9  EUSCIA1_IRQHandler                
00001467  PORT6_IRQHandler                  
000014ed  StartBuzzer                       
0000155b  StopBuzzer                        
00001589  clockInit48MHzXTL                 
00001651  InitTurnSignalButtons             
0000169b  InitTimerA                        
000016af  StartLeft                         
000016c9  StartRight                        
000016e3  StartWarning                      
000016fd  StopLeft                          
00001715  StopRight                         
0000172d  StopWarning                       
0000176d  CS_getDCOFrequency                
00001871  __aeabi_dmul                      
0000196d  CS_startHFXTWithTimeout           
00001aa5  __aeabi_memcpy                    
00001aa5  __aeabi_memcpy4                   
00001aa5  __aeabi_memcpy8                   
00001aa5  memcpy                            
00001bb1  InitUART                          
00001c1d  __TI_decompress_lzss              
00001c85  SysCtl_getTLVInfo                 
00001d69  __TI_auto_init_nobinit_nopinit    
00001dad  __aeabi_d2uiz                     
00001df1  _c_int00_noargs                   
00001e29  GPIO_getEnabledInterruptStatus    
00001e59  CS_clearInterruptFlag             
00001e7d  __aeabi_ui2d                      
00001e9d  CS_getACLK                        
00001eb5  CS_getMCLK                        
00001ecd  CS_getSMCLK                       
00001ee5  GPIO_clearInterruptFlag           
00001efd  CS_setExternalClockSourceFrequency
00001f11  __TI_zero_init_nomemset           
00001f35  GPIO_getInterruptStatus           
00001f45  SysCtl_disableNMISource           
00001f55  SysCtl_enableNMISource            
00001f65  __TI_decompress_none              
00001f75  SysCtl_getNMISourceStatus         
00001f81  CS_startHFXT                      
00001f87  _system_pre_init                  
00001f8b  C$$EXIT                           
00001f8b  abort                             
00001f90  my_button                         
00001fb4  uartConfig                        
00001fd8  my_element                        
0000204c  __TI_Handler_Table_Base           
00002058  __TI_Handler_Table_Limit          
00002060  __TI_CINIT_Base                   
00002070  __TI_CINIT_Limit                  
20000000  _sys_memory                       
20000830  pwmConfigA0                       
20000848  pwmConfigA3                       
20000860  pwmConfigLeft                     
20000878  pwmConfigRight                    
20000890  pwmConfigWarning                  
200008a8  KeyPressed                        
200008a9  KeyFlag                           
200008aa  TransmissionFlag                  
200008ab  LeftFlag                          
200008ac  RightFlag                         
200008ae  ctsStatusReg                      
200008b0  SystemCoreClock                   
200008b4  CapLatch                          
200008b8  measCnt                           
200008c0  baseCnt                           
2000fe00  __stack                           
20010000  __STACK_END                       
4000480c  WDTCTL_SYM                        
ffffffff  __TI_pprof_out_hndl               
ffffffff  __TI_prof_data_size               
ffffffff  __TI_prof_data_start              
ffffffff  __binit__                         
ffffffff  __c_args__                        
ffffffff  binit                             
UNDEFED   __mpu_init                        
UNDEFED   _system_post_cinit                

[101 symbols]
